# 不同gc简单描述

## SerialGC
串行GC，使用单线程收集垃圾，属于很早期单核时代的垃圾回收器，进行垃圾收集时会触发STW。  
年轻代使用标记复制算法  
老年代使用标记清除整理算法  
cpu利用率高，吞吐量也可以，但暂停时间太长。

## ParallelGC
并行垃圾收集器，适用于多核服务器，充分利用计算机资源，提高吞吐量。jdk8默认gc  
年轻代和老年代的垃圾回收会触发STW  
年轻代使用标价复制法  
老年代使用标记清除整理法  
​ 
## CMS GC
年轻代采用并行STW的方式，使用标记复制法，一般使用的是ParNew
老年代采用cms,使用并发标记清除算法。

**CMS GC的7个阶段:**  
1.初始标记： 会STW，标记ROOTs直达的对象。  
2.并发标记：和用户线程一起执行，从上一步标记的对象出发，标记整个堆中的对象。  
3.并发预清理：针对在并发标记阶段出现的对象引用改变的情况，用脏卡进行标记。  
4.可终止的并发预清理： 与并发预清理过程差不多，但该过程可以终止  
5.最终标记：会STW，确定最终的对象引用状态  
6.并发清除：清理对象  
7.并发重置：进行一些下次收集前的准备工作  

通过gc日志的观察，也可以看出这六个步骤的存在:  
```
2021-01-22T15:47:56.434+0800: [GC (CMS Initial Mark) [1 CMS-initial-mark: 0K(1398144K)] 35647K(2027264K), 0.0021684 secs] [Times: user=0.00 sys=0.00, real=0.00 secs]
初始标记
2021-01-22T15:47:56.437+0800: [CMS-concurrent-mark-start]
并发标记
2021-01-22T15:47:56.437+0800: [CMS-concurrent-mark: 0.000/0.000 secs] [Times: user=0.00 sys=0.00, real=0.00 secs]
2021-01-22T15:47:56.439+0800: [CMS-concurrent-preclean-start]
2021-01-22T15:47:56.442+0800: [CMS-concurrent-preclean: 0.002/0.002 secs] [Times: user=0.08 sys=0.00, real=0.01 secs]
并发预清理
2021-01-22T15:47:56.446+0800: [CMS-concurrent-abortable-preclean-start]
 CMS: abort preclean due to time 2021-01-22T15:48:01.485+0800: [CMS-concurrent-abortable-preclean: 2.034/5.037 secs] [Times: user=4.38 sys=0.02, real=5.04 secs]
可终止的并发预清理
2021-01-22T15:48:01.486+0800: [GC (CMS Final Remark) [YG occupancy: 229816 K (629120 K)]2021-01-22T15:48:01.486+0800: [Rescan (parallel) , 0.0092704 secs]2021-01-22T15:48:01.496+0800: [weak refs processing, 0.0004414 secs]2021-01-22T15:48:01.496+0800: [class unloading, 0.0049129 secs]2021-01-22T15:48:01.501+0800: [scrub symbol table, 0.0039374 secs]2021-01-22T15:48:01.505+0800: [scrub string table, 0.0004747 secs][1 CMS-remark: 0K(1398144K)] 229816K(2027264K), 0.0213021 secs] [Times: user=0.16 sys=0.00, real=0.02 secs]
最终标记
2021-01-22T15:48:01.512+0800: [CMS-concurrent-sweep-start]
2021-01-22T15:48:01.512+0800: [CMS-concurrent-sweep: 0.000/0.000 secs] [Times: user=0.00 sys=0.00, real=0.00 secs]
并发清除
2021-01-22T15:48:01.514+0800: [CMS-concurrent-reset-start]
2021-01-22T15:48:01.519+0800: [CMS-concurrent-reset: 0.005/0.005 secs] [Times: user=0.00 sys=0.00, real=0.01 secs]
并发重置
```

​ 
## G1 GC
G1 GC设计目标是可以控制暂停的时间和分布，所以内存被均分为若干块。还是保留了年轻代和老年代的定义，但是每个代中的区块可以变更，从年轻代变成老年代，老年代变成年轻代。  
1.年轻代使用**年轻代模式转移暂停（Evacuation Pause）**进行垃圾清理  
2.老年代使用**并发标记（Concurrent Marking）**进行垃圾整理，与CMS类似，步骤如下：  
  阶段 1: Initial Mark（初始标记） 此阶段标记所有从 GC 根对象直接可达的对象。   
  阶段 2: Root Region Scan（Root区扫描） 此阶段标记所有从 "根区域" 可达的存活对象。根区域包括：非空的区域，以及在标记过程中不得不收集的区域。   
  阶段 3: Concurrent Mark（并发标记） 此阶段和 CMS 的并发标记阶段非常类似：只遍历对象图，并在一个特殊的位图中标记能访问到的对象。   
  阶段 4: Remark（再次标记） 和 CMS 类似，这是一次 STW 停顿(因为不是并发的阶段)，以完成标记过程。 G1 收集器会短暂地停止应用线 程，停止并发更新信息的写入，处理其中的少量信息，并标记所有在并发标记开始时未被标记的存活对象。  
  阶段 5: Cleanup（清理）  
3.转移暂停: 混合模式（Evacuation Pause (mixed)）:就是不只清理年轻代，还将一部 分老年代区域也加入到 回收集 中    

gc日志中也可以看出这些步骤：
```
2021-01-22T01:08:52.821+0800: [GC pause (G1 Humongous Allocation) (young) (initial-mark) 508M->497M(1024M), 0.0026910 secs]  
初始标记
2021-01-22T01:08:52.824+0800: [GC concurrent-root-region-scan-start]  
2021-01-22T01:08:52.825+0800: [GC concurrent-root-region-scan-end, 0.0007117 secs]  
root区扫描
2021-01-22T01:08:52.832+0800: [GC concurrent-mark-start]  
2021-01-22T01:08:52.834+0800: [GC concurrent-mark-end, 0.0019288 secs]  
并发标记
2021-01-22T01:08:52.835+0800: [GC remark, 0.0011974 secs]
再次标记  
2021-01-22T01:08:52.837+0800: [GC cleanup 583M->579M(1024M), 0.0009975 secs]  
2021-01-22T01:08:52.838+0800: [GC concurrent-cleanup-start]  
2021-01-22T01:08:52.838+0800: [GC concurrent-cleanup-end, 0.0002696 secs]  
清理
2021-01-22T01:08:52.872+0800: [GC pause (G1 Evacuation Pause) (young)-- 843M->630M(1024M), 0.0135462 secs]
年轻代模式转移暂停（Evacuation Pause）
2021-01-22T01:08:52.888+0800: [GC pause (G1 Evacuation Pause) (mixed) 648M->558M(1024M), 0.0123508 secs]  
混合模式（Evacuation Pause (mixed)） 
```


# 基于作业1和作业2的总结
一、在gc日志分析中，存在一般的规律，同gc中，内存变大，gc暂停时间加长，gc次数减少。所以对低延迟要求很迫切的项目，内存尽量不要太大，也肯定不能使用串行gc，可以考虑使用g1      
二、从作业2压测结果分析，对于吞吐量大的项目，可考虑使用并行gc  
三、经过这作业1和2的分析，以后对生产运行项目的jvm调优有了思路：  
可以找个时间段，配置参数打印gc日志，分析gc暂停时间，内存变化，引发gc的原因     
如像作业2中，调整MetaspaceSize参数大小，可以消除因为该值太小导致的gc。  
如果fullgc较多，则要考虑是否增加内存，或者查看代码中是否有不合理的地方。    
等等  