
 num     #instances         #bytes  class name
----------------------------------------------
   1:        224975       45451016  [C
   2:         11959       11034344  [I
   3:          7214        8148360  [B
   4:        144260        3462240  java.lang.String
   5:         24330        2141040  java.lang.reflect.Method
   6:         61948        1277864  [Ljava.lang.Class;
   7:         17856        1098360  [Ljava.lang.Object;
   8:         15631        1000384  java.net.URL
   9:          9637         837632  [Ljava.util.HashMap$Node;
  10:          7081         785888  java.lang.Class
  11:         21055         673760  java.util.concurrent.ConcurrentHashMap$Node
  12:         20648         660736  java.util.HashMap$Node
  13:          5776         461528  [S
  14:         14190         454080  org.springframework.boot.loader.jar.StringSequence
  15:         11139         445560  java.util.LinkedHashMap$Entry
  16:         10897         348704  java.lang.ref.WeakReference
  17:         14190         340560  org.springframework.boot.loader.jar.JarURLConnection$JarEntryName
  18:          8057         329248  [Ljava.lang.reflect.Method;
  19:          8123         324920  java.util.HashMap$KeyIterator
  20:          6700         321600  java.util.HashMap
  21:          5194         290864  java.util.LinkedHashMap
  22:         16006         256096  java.lang.Object
  23:          7799         249568  java.util.ArrayList$Itr
  24:          3048         219456  java.lang.reflect.Field
  25:          3879         217224  java.util.concurrent.ConcurrentHashMap$KeyIterator
  26:          5417         216680  java.lang.ref.SoftReference
  27:           166         188512  [Ljava.util.concurrent.ConcurrentHashMap$Node;
  28:          7708         184992  java.util.ArrayList
  29:          3704         177792  org.springframework.core.ResolvableType
  30:          5402         173480  [Ljava.lang.String;
  31:          6625         159000  java.util.Collections$UnmodifiableCollection$1
  32:          3088         148224  java.util.zip.Inflater
  33:          2619         146664  java.beans.MethodDescriptor
  34:          6110         146640  java.lang.StringBuilder
  35:          5917         142008  java.beans.MethodRef
  36:          2184         139776  org.springframework.asm.Label
  37:          6330         135592  [Ljava.lang.reflect.Type;
  38:          1633         130640  java.lang.reflect.Constructor
  39:          5362         128688  java.lang.Class$MethodArray
  40:          3172         126880  java.lang.ref.Finalizer
  41:          2304         110592  org.springframework.util.ConcurrentReferenceHashMap$SoftEntryReference
  42:          3365         107680  java.util.LinkedHashMap$LinkedValueIterator
  43:          1895         106120  org.springframework.asm.Item
  44:          3383          97392  [Ljava.lang.annotation.Annotation;
  45:          1993          95664  org.springframework.asm.Frame
  46:          3974          95376  org.springframework.core.annotation.AnnotatedElementUtils$MergedAnnotationAttributesProcessor
  47:          2304          92160  org.springframework.util.ConcurrentReferenceHashMap$Segment
  48:          1143          91440  org.springframework.boot.loader.jar.JarURLConnection
  49:          2211          88440  java.util.TreeMap$Entry
  50:          2529          88200  [Lorg.springframework.util.ConcurrentReferenceHashMap$Reference;
  51:          1532          85792  jdk.internal.org.objectweb.asm.Item
  52:          2667          85344  java.util.concurrent.locks.ReentrantLock$NonfairSync
  53:           747          83664  org.springframework.boot.loader.jar.JarEntry
  54:          5103          81648  java.util.HashSet
  55:          2463          78816  java.lang.ref.ReferenceQueue
  56:          3088          74112  java.util.zip.ZStreamRef
  57:          1280          71680  java.lang.Class$ReflectionData
  58:           710          68160  org.springframework.beans.GenericTypeAwarePropertyDescriptor
  59:           874          62928  java.beans.PropertyDescriptor
  60:          2596          62304  java.util.LinkedList$Node
  61:          1799          57568  java.util.LinkedList
  62:           898          57472  org.springframework.core.MethodParameter
  63:          1022          57232  java.lang.invoke.MemberName
  64:           779          56088  org.springframework.core.annotation.AnnotationAttributes
  65:          2318          55632  sun.reflect.generics.tree.SimpleClassTypeSignature
  66:          3476          55616  java.lang.Integer
  67:          2304          55296  org.springframework.util.ConcurrentReferenceHashMap$ReferenceManager
  68:          3241          55232  [Ljava.lang.reflect.TypeVariable;
  69:          1212          48480  java.lang.ClassNotFoundException
  70:            50          47200  [Ljdk.internal.org.objectweb.asm.Item;
  71:          1167          46680  java.lang.invoke.MethodType
  72:          2381          44016  [Lsun.reflect.generics.tree.TypeArgument;
  73:           906          43488  org.apache.tomcat.util.modeler.AttributeInfo
  74:          1743          41832  org.springframework.asm.Edge
  75:          1304          41728  org.springframework.asm.Type
  76:          1252          40064  java.lang.invoke.MethodType$ConcurrentWeakInternSet$WeakEntry
  77:          2465          39440  java.lang.ref.ReferenceQueue$Lock
  78:          1601          38424  org.springframework.util.ConcurrentReferenceHashMap$Entry
  79:           951          38040  java.util.HashMap$ValueIterator
  80:          2159          34544  sun.reflect.generics.tree.ClassTypeSignature
  81:          1060          33920  java.util.LinkedHashMap$LinkedEntryIterator
  82:          2101          33616  sun.reflect.ConstantPool
  83:           200          33600  org.springframework.context.annotation.ConfigurationClassBeanDefinitionReader$ConfigurationClassBeanDefinition
  84:          1961          31376  java.util.LinkedHashSet
  85:            30          31200  [[C
  86:          1891          30256  org.springframework.core.ResolvableType$DefaultVariableResolver
  87:          1164          27936  java.net.URLClassLoader$1
  88:           856          27392  java.util.AbstractList$Itr
  89:           119          26656  jdk.internal.org.objectweb.asm.MethodWriter
  90:           830          26560  java.util.LinkedHashMap$LinkedKeyIterator
  91:           474          26544  java.lang.Package
  92:          1081          26040  [Lorg.springframework.core.ResolvableType;
  93:            31          25128  [Lorg.springframework.asm.Item;
  94:           752          24064  org.springframework.boot.loader.jar.AsciiBytes
  95:           493          23664  java.util.concurrent.locks.ReentrantReadWriteLock$NonfairSync
  96:           928          22272  sun.reflect.annotation.AnnotationInvocationHandler
  97:           847          21856  [Ljava.lang.CharSequence;
  98:           910          21840  sun.reflect.generics.reflectiveObjects.ParameterizedTypeImpl
  99:           135          21600  org.springframework.beans.factory.support.RootBeanDefinition
 100:          1294          20704  java.util.LinkedHashMap$LinkedKeySet
 101:           970          20688  [Lsun.reflect.generics.tree.FieldTypeSignature;
 102:           639          20448  java.util.RegularEnumSet
 103:           319          20416  java.util.concurrent.ConcurrentHashMap
 104:           488          20272  [Ljava.lang.reflect.Field;
 105:           844          20256  sun.reflect.generics.factory.CoreReflectionFactory
 106:           832          19368  [Ljava.lang.reflect.Constructor;
 107:           403          19344  org.apache.tomcat.util.modeler.OperationInfo
 108:           783          18408  [Lorg.springframework.asm.Type;
 109:           236          18320  [Ljava.beans.MethodDescriptor;
 110:           560          17920  org.springframework.core.SerializableTypeWrapper$MethodParameterTypeProvider
 111:           447          17880  java.util.WeakHashMap$Entry
 112:           444          17760  org.springframework.util.ConcurrentReferenceHashMap$Segment$1
 113:           731          17544  org.springframework.cglib.core.Signature
 114:          1090          17440  org.springframework.core.annotation.AnnotationUtils$DefaultValueHolder
 115:           538          17216  javax.management.MBeanAttributeInfo
 116:           717          17208  java.util.Arrays$ArrayList
 117:            92          16728  [Z
 118:           687          16488  java.lang.Class$AnnotationData
 119:           510          16320  java.lang.invoke.DirectMethodHandle
 120:           679          16296  java.util.concurrent.CopyOnWriteArrayList$COWIterator
 121:           338          16224  ch.qos.logback.classic.Logger
 122:           643          15432  org.apache.catalina.LifecycleEvent
 123:           439          15400  [Ljava.beans.PropertyDescriptor;
 124:           638          15312  java.util.jar.Attributes$Name
 125:           304          14592  java.util.TreeMap
 126:           596          14304  sun.reflect.NativeConstructorAccessorImpl
 127:           444          14208  org.springframework.util.ConcurrentReferenceHashMap$1
 128:           436          13952  java.util.LinkedList$ListItr
 129:           431          13792  java.util.Hashtable$Entry
 130:           650          13552  [Lorg.apache.catalina.Container;
 131:           543          13032  sun.reflect.generics.scope.ClassScope
 132:           317          12680  sun.reflect.generics.repository.MethodRepository
 133:            56          12544  org.springframework.asm.MethodWriter
 134:           388          12416  org.springframework.boot.context.properties.source.ConfigurationPropertyName
 135:           387          12384  java.lang.invoke.LambdaForm$Name
 136:           698          12312  [Lsun.reflect.generics.tree.FormalTypeParameter;
 137:           509          12216  sun.misc.ProxyGenerator$ConstantPool$IndirectEntry
 138:           202          12120  [Ljava.lang.ref.SoftReference;
 139:           751          12016  java.util.LinkedHashMap$LinkedEntrySet
 140:           375          12000  sun.reflect.generics.repository.ClassRepository
 141:           494          11856  java.util.concurrent.locks.ReentrantReadWriteLock
 142:           729          11664  java.util.LinkedHashMap$LinkedValues
 143:           144          11520  [Lorg.springframework.util.ConcurrentReferenceHashMap$Segment;
 144:           236          11328  java.beans.BeanDescriptor
 145:           283          11320  javax.management.MBeanOperationInfo
 146:           470          11280  org.springframework.core.SerializableTypeWrapper$$Lambda$14/683287027
 147:           434          10968  [Lorg.springframework.boot.context.properties.source.PropertyMapping;
 148:           114          10944  sun.util.calendar.Gregorian$Date
 149:           341          10912  sun.misc.FDBigInteger
 150:           130          10880  [Ljava.util.Hashtable$Entry;
 151:           446          10720  [Lorg.springframework.util.ConcurrentReferenceHashMap$TaskOption;
 152:           222          10656  java.nio.HeapByteBuffer
 153:           442          10608  org.springframework.core.annotation.AnnotationUtils$AnnotationCacheKey
 154:           323          10336  sun.reflect.generics.tree.MethodTypeSignature
 155:           620           9920  sun.reflect.DelegatingConstructorAccessorImpl
 156:           412           9888  org.springframework.core.MethodIntrospector$$Lambda$291/487075464
 157:           204           9792  org.springframework.boot.loader.jar.ZipInflaterInputStream
 158:            26           9776  java.lang.Thread
 159:           170           9520  java.util.ResourceBundle$CacheKey
 160:           297           9504  org.apache.tomcat.util.modeler.ParameterInfo
 161:           396           9504  org.springframework.boot.context.properties.source.PropertyMapping
 162:           236           9440  java.beans.GenericBeanInfo
 163:           145           9280  java.beans.Introspector
 164:           375           9000  sun.reflect.generics.tree.ClassSignature
 165:            78           8928  [Ljava.util.WeakHashMap$Entry;
 166:           279           8928  org.springframework.boot.loader.data.RandomAccessDataFile
 167:           371           8904  org.springframework.beans.BeanMetadataAttribute
 168:           121           8712  org.springframework.core.type.classreading.AnnotationMetadataReadingVisitor
 169:           270           8640  org.springframework.cglib.core.ReflectUtils$5
 170:           403           8408  [Lorg.apache.tomcat.util.modeler.ParameterInfo;
 171:           149           8344  java.util.concurrent.ConcurrentHashMap$ValueIterator
 172:           504           8064  java.lang.Short
 173:           251           8032  java.lang.NoSuchMethodException
 174:           124           7936  jdk.internal.org.objectweb.asm.Label
 175:           375           7912  [Lsun.reflect.generics.tree.ClassTypeSignature;
 176:           494           7904  java.util.concurrent.locks.ReentrantReadWriteLock$ReadLock
 177:           494           7904  java.util.concurrent.locks.ReentrantReadWriteLock$Sync$ThreadLocalHoldCounter
 178:           494           7904  java.util.concurrent.locks.ReentrantReadWriteLock$WriteLock
 179:           317           7608  sun.reflect.generics.scope.MethodScope
 180:           158           7584  java.util.ResourceBundle$BundleReference
 181:            45           7560  jdk.internal.org.objectweb.asm.ClassWriter
 182:           156           7488  java.lang.invoke.LambdaForm
 183:           323           7480  [Lsun.reflect.generics.tree.TypeSignature;
 184:           155           7440  java.util.logging.LogManager$LoggerWeakRef
 185:           166           7352  [Ljava.lang.invoke.LambdaForm$Name;
 186:           225           7200  javax.management.MBeanParameterInfo
 187:           127           7112  java.lang.invoke.MethodTypeForm
 188:           134           6832  [Ljava.security.ProtectionDomain;
 189:           121           6776  sun.util.calendar.ZoneInfo
 190:           423           6768  java.util.Collections$UnmodifiableSet
 191:           279           6696  sun.reflect.generics.visitor.Reifier
 192:           275           6600  java.util.concurrent.CopyOnWriteArrayList
 193:           269           6456  org.springframework.core.convert.converter.GenericConverter$ConvertiblePair
 194:           396           6336  java.util.HashMap$KeySet
 195:           264           6336  jdk.internal.org.objectweb.asm.ByteVector
 196:           113           6328  org.springframework.core.type.classreading.MethodMetadataReadingVisitor
 197:           196           6272  java.lang.reflect.Proxy$Key1
 198:           196           6272  java.security.CodeSource
 199:           392           6272  java.util.HashMap$Values
 200:           256           6144  java.lang.Long
 201:           251           6024  java.lang.StringBuffer
 202:           186           5952  java.lang.reflect.WeakCache$CacheKey
 203:           186           5952  org.apache.logging.slf4j.SLF4JLogger
 204:           184           5888  sun.reflect.generics.reflectiveObjects.WildcardTypeImpl
 205:           144           5760  org.springframework.util.ConcurrentReferenceHashMap
 206:            65           5720  org.springframework.beans.ExtendedBeanInfo$SimplePropertyDescriptor
 207:           179           5512  [J
 208:           170           5440  java.util.ResourceBundle$LoaderReference
 209:            75           5400  java.util.logging.Logger
 210:           135           5400  org.springframework.cglib.core.EmitUtils$14
 211:           167           5376  [Lorg.springframework.asm.Label;
 212:           134           5360  org.springframework.core.SerializableTypeWrapper$MethodInvokeTypeProvider
 213:           330           5280  com.sun.proxy.$Proxy24
 214:           109           5232  java.util.Hashtable
 215:           218           5232  org.springframework.beans.factory.annotation.InjectionMetadata
 216:           215           5160  com.fasterxml.jackson.databind.type.ClassKey
 217:           316           5056  org.apache.commons.logging.LogFactory$Log4jLog
 218:           207           4968  sun.reflect.NativeMethodAccessorImpl
 219:            75           4936  [Ljavax.management.MBeanAttributeInfo;
 220:           204           4896  org.springframework.boot.loader.data.RandomAccessDataFile$DataInputStream
 221:            29           4872  [Ljava.net.URL;
 222:           304           4864  org.springframework.core.SerializableTypeWrapper$$Lambda$15/1793329556
 223:           152           4864  sun.reflect.generics.reflectiveObjects.TypeVariableImpl
 224:           201           4824  sun.reflect.generics.parser.SignatureParser
 225:           299           4784  java.util.concurrent.locks.ReentrantLock
 226:           199           4776  org.springframework.boot.autoconfigure.condition.ConditionEvaluationReport$ConditionAndOutcome
 227:           199           4776  org.springframework.boot.autoconfigure.condition.ConditionOutcome
 228:           118           4720  sun.nio.cs.UTF_8$Decoder
 229:           146           4672  java.util.TreeMap$ValueIterator
 230:           189           4536  javax.management.ImmutableDescriptor
 231:           189           4536  sun.reflect.generics.tree.Wildcard
 232:           188           4512  org.apache.logging.log4j.message.DefaultFlowMessageFactory
 233:           112           4480  org.springframework.cglib.core.CodeEmitter
 234:           112           4480  org.springframework.cglib.core.CodeEmitter$State
 235:           183           4392  org.hibernate.validator.internal.engine.constraintvalidation.ClassBasedValidatorDescriptor
 236:           181           4344  java.lang.invoke.LambdaForm$NamedFunction
 237:           107           4280  org.springframework.beans.factory.annotation.InitDestroyAnnotationBeanPostProcessor$LifecycleMetadata
 238:           107           4280  org.springframework.boot.loader.jar.CentralDirectoryFileHeader
 239:           267           4272  org.springframework.core.MethodParameter$$Lambda$115/2088051243
 240:           176           4224  org.springframework.boot.web.server.MimeMappings$Mapping
 241:           264           4224  org.springframework.core.convert.support.GenericConversionService$ConvertersForPair
 242:           131           4192  java.util.TreeMap$KeyIterator
 243:           168           4168  [Ljavax.management.MBeanParameterInfo;
 244:            40           4160  java.lang.invoke.InnerClassLambdaMetafactory
 245:            37           4144  org.springframework.beans.factory.annotation.AnnotatedGenericBeanDefinition
 246:           128           4096  com.sun.jmx.mbeanserver.ConvertingMethod
 247:           256           4096  java.lang.Byte
 248:           170           4080  java.util.BitSet
 249:           127           4064  com.sun.org.apache.xerces.internal.xni.QName
 250:           127           4064  java.util.logging.LogManager$LogNode
 251:           247           3952  org.springframework.util.LinkedMultiValueMap
 252:           163           3912  java.time.LocalDateTime
 253:           163           3912  org.springframework.cglib.core.MethodWrapper$MethodWrapperKey$$KeyFactoryByCGLIB$$552be97a
 254:            54           3888  java.util.regex.Pattern
 255:            10           3840  org.apache.tomcat.util.threads.TaskThread
 256:            53           3816  sun.reflect.DelegatingClassLoader
 257:           119           3808  java.util.Vector
 258:           118           3776  java.lang.invoke.BoundMethodHandle$Species_L
 259:            94           3760  java.security.ProtectionDomain
 260:           234           3744  sun.reflect.DelegatingMethodAccessorImpl
 261:           156           3744  sun.reflect.generics.tree.FormalTypeParameter
 262:            92           3680  java.math.BigInteger
 263:            38           3648  org.springframework.boot.loader.jar.JarFile
 264:            75           3600  java.util.WeakHashMap
 265:            64           3584  org.apache.tomcat.util.modeler.ManagedBean
 266:            64           3584  org.hibernate.validator.internal.util.ConcurrentReferenceHashMap$Segment
 267:            74           3552  javax.management.MBeanInfo
 268:           146           3504  sun.reflect.annotation.AnnotationParser$1
 269:           144           3456  java.time.LocalDate
 270:           106           3392  org.springframework.core.convert.support.GenericConversionService$ConverterAdapter
 271:           138           3312  com.sun.beans.WildcardTypeImpl
 272:           137           3288  org.springframework.core.SimpleAliasRegistry$$Lambda$176/1320677379
 273:           136           3264  org.springframework.core.io.ClassPathResource
 274:           135           3240  org.springframework.cglib.core.ReflectUtils$6
 275:           200           3200  org.springframework.boot.autoconfigure.condition.ConditionMessage
 276:           100           3200  sun.misc.URLClassPath$Loader$1
 277:           133           3192  java.time.LocalTime
 278:            35           3136  [Ljava.lang.invoke.MethodHandle;
 279:           195           3120  sun.reflect.generics.tree.TypeVariableSignature
 280:            55           3080  jdk.internal.org.objectweb.asm.AnnotationWriter
 281:           127           3048  javax.management.ObjectName$Property
 282:            95           3040  org.springframework.cglib.proxy.MethodProxy
 283:           126           3024  java.util.Collections$UnmodifiableRandomAccessList
 284:           109           3008  [Ljavax.management.ObjectName$Property;
 285:           187           2992  org.apache.logging.log4j.message.ParameterizedMessageFactory
 286:           121           2904  org.springframework.core.type.classreading.SimpleMetadataReader
 287:            72           2880  java.security.AccessControlContext
 288:            45           2880  javax.management.openmbean.OpenMBeanAttributeInfoSupport
 289:            45           2880  jdk.internal.org.objectweb.asm.FieldWriter
 290:           179           2864  org.springframework.core.SerializableTypeWrapper$TypeProxyInvocationHandler
 291:            71           2840  java.io.ObjectStreamField
 292:            88           2816  java.lang.ThreadLocal$ThreadLocalMap$Entry
 293:           176           2816  org.springframework.boot.autoconfigure.condition.ConditionEvaluationReport$ConditionAndOutcomes
 294:           117           2808  org.springframework.beans.MutablePropertyValues
 295:           116           2784  org.springframework.boot.autoconfigure.condition.ConditionEvaluationReport$$Lambda$320/1128096251
 296:           115           2760  org.springframework.beans.CachedIntrospectionResults
 297:            86           2752  java.lang.invoke.DirectMethodHandle$Special
 298:           113           2712  java.util.Date
 299:            64           2688  [Lorg.hibernate.validator.internal.util.ConcurrentReferenceHashMap$HashEntry;
 300:           112           2688  org.springframework.asm.ByteVector
 301:           112           2688  org.springframework.cglib.core.LocalVariablesSorter$State
 302:           167           2672  org.springframework.core.$Proxy5
 303:           107           2568  java.time.ZoneRegion
 304:            32           2560  org.springframework.beans.BeanWrapperImpl
 305:           135           2536  [Lcom.sun.jmx.mbeanserver.MXBeanMapping;
 306:            65           2504  [Ljavax.management.MBeanOperationInfo;
 307:            38           2432  org.springframework.boot.loader.jar.JarFileEntries$1
 308:            75           2400  sun.reflect.UnsafeStaticObjectFieldAccessorImpl
 309:           146           2336  java.util.TreeMap$Values
 310:           145           2320  [Ljava.beans.BeanInfo;
 311:           140           2240  java.lang.reflect.WeakCache$LookupValue
 312:            92           2208  java.lang.invoke.MethodHandles$Lookup
 313:            55           2200  javax.management.ObjectName
 314:           135           2160  java.util.TreeMap$KeySet
 315:           135           2160  org.springframework.cglib.core.EmitUtils$13
 316:           134           2144  java.util.TreeSet
 317:            44           2112  sun.util.locale.LocaleObjectCache$CacheEntry
 318:           128           2048  java.lang.Character
 319:           128           2048  org.apache.catalina.webresources.Cache$EvictionOrder
 320:            51           2040  java.lang.reflect.Proxy$Key2
 321:           105           2032  [Ljava.lang.reflect.Parameter;
 322:            63           2016  java.lang.reflect.WeakCache$CacheValue
 323:            84           2016  java.util.regex.Pattern$1
 324:            42           2016  org.springframework.cglib.reflect.FastClass$Generator
 325:            62           1984  org.springframework.cglib.proxy.MethodProxy$CreateInfo
 326:            49           1960  java.lang.reflect.Parameter
 327:           121           1936  sun.misc.ProxyGenerator$ConstantPool$ValueEntry
 328:            59           1888  org.springframework.beans.factory.annotation.InitDestroyAnnotationBeanPostProcessor$$Lambda$177/1226622409
 329:            70           1856  [Ljava.lang.annotation.ElementType;
 330:            38           1824  org.springframework.boot.loader.jar.JarFileEntries
 331:            74           1776  org.springframework.boot.context.properties.source.DefaultPropertyMapper$LastMapping
 332:            54           1728  org.springframework.cglib.proxy.MethodProxy$FastClassInfo
 333:            70           1680  java.security.Provider$ServiceKey
 334:            52           1664  sun.reflect.annotation.AnnotationType
 335:            69           1656  java.io.ExpiringCache$Entry
 336:            68           1632  org.springframework.beans.factory.annotation.AutowiredAnnotationBeanPostProcessor$$Lambda$180/2092769598
 337:            68           1632  org.springframework.beans.factory.annotation.AutowiredAnnotationBeanPostProcessor$$Lambda$181/422392391
 338:            68           1632  org.springframework.context.annotation.CommonAnnotationBeanPostProcessor$$Lambda$178/767010715
 339:            68           1632  org.springframework.context.annotation.CommonAnnotationBeanPostProcessor$$Lambda$179/1391942103
 340:            51           1632  org.springframework.core.annotation.DefaultAnnotationAttributeExtractor
 341:            25           1600  java.util.regex.Matcher
 342:            40           1600  sun.management.DiagnosticCommandArgumentInfo
 343:            66           1584  java.util.Collections$1
 344:            66           1584  java.util.regex.Pattern$GroupHead
 345:            66           1584  java.util.regex.Pattern$GroupTail
 346:             1           1568  [[B
 347:            27           1512  java.security.Provider$Service
 348:            63           1512  java.util.Collections$SingletonList
 349:            27           1512  org.apache.tomcat.util.res.StringManager$1
 350:            63           1512  org.springframework.boot.context.properties.source.ConfigurationPropertyName$$Lambda$53/370988149
 351:            94           1504  [Ljava.security.Principal;
 352:            94           1504  java.security.ProtectionDomain$Key
 353:            47           1504  java.util.regex.Pattern$Branch
 354:            62           1488  java.util.regex.Pattern$Slice
 355:            37           1480  org.springframework.cglib.proxy.Enhancer$EnhancerKey$$KeyFactoryByCGLIB$$4ce19e8f
 356:            30           1440  java.time.temporal.ValueRange
 357:            88           1408  com.sun.proxy.$Proxy34
 358:            44           1408  java.util.zip.ZipCoder
 359:             8           1408  org.springframework.asm.ClassWriter
 360:            25           1400  [Ljava.util.regex.Pattern$GroupHead;
 361:             1           1376  [Lsun.misc.FDBigInteger;
 362:            57           1368  java.util.ArrayDeque
 363:            34           1360  org.springframework.core.io.ResourceEditor
 364:            34           1360  org.springframework.core.io.support.ResourceArrayPropertyEditor
 365:            47           1352  [Ljava.util.regex.Pattern$Node;
 366:            56           1344  java.util.regex.Pattern$Single
 367:            56           1344  org.springframework.beans.TypeConverterDelegate
 368:            55           1320  org.springframework.boot.context.properties.ConfigurationBeanFactoryMetadata$FactoryMetadata
 369:            54           1296  com.sun.jmx.mbeanserver.NamedObject
 370:            54           1296  org.springframework.core.annotation.SynthesizedAnnotationInvocationHandler
 371:            40           1280  java.util.Collections$SynchronizedMap
 372:            52           1248  java.util.regex.Pattern$BitClass
 373:            22           1232  java.util.stream.ReferencePipeline$Head
 374:            51           1224  org.springframework.core.convert.TypeDescriptor
 375:            51           1224  org.springframework.core.convert.TypeDescriptor$AnnotatedElementAdapter
 376:            38           1216  java.security.Permissions
 377:            30           1200  java.time.temporal.ChronoField
 378:            38           1184  [Ljava.math.BigInteger;
 379:            74           1184  java.util.jar.Attributes
 380:            37           1184  sun.reflect.UnsafeObjectFieldAccessorImpl
 381:            49           1176  org.springframework.boot.autoconfigure.condition.OnClassCondition
 382:            49           1176  sun.misc.ProxyGenerator$ExceptionTableEntry
 383:            73           1168  com.sun.proxy.$Proxy9
 384:            29           1160  java.io.FileDescriptor
 385:            29           1160  java.util.PropertyResourceBundle
 386:            48           1152  java.net.URLClassLoader$2
 387:             8           1152  java.text.DecimalFormat
 388:            36           1152  org.springframework.cglib.core.WeakCacheKey
 389:            36           1152  org.springframework.cglib.proxy.Enhancer$EnhancerFactoryData
 390:            11           1144  org.springframework.beans.factory.support.GenericBeanDefinition
 391:             6           1120  [Ljava.lang.ThreadLocal$ThreadLocalMap$Entry;
 392:            37           1120  [Ljava.time.format.DateTimeFormatterBuilder$DateTimePrinterParser;
 393:            35           1120  java.io.FilePermission
 394:            46           1104  org.springframework.http.MediaType
 395:            23           1104  sun.management.DiagnosticCommandInfo
 396:            34           1088  org.springframework.beans.propertyeditors.ClassArrayEditor
 397:            34           1088  org.springframework.beans.propertyeditors.ClassEditor
 398:            34           1088  org.springframework.beans.propertyeditors.FileEditor
 399:            34           1088  org.springframework.beans.propertyeditors.InputSourceEditor
 400:            34           1088  org.springframework.beans.propertyeditors.InputStreamEditor
 401:            34           1088  org.springframework.beans.propertyeditors.PathEditor
 402:            34           1088  org.springframework.beans.propertyeditors.ReaderEditor
 403:            34           1088  org.springframework.beans.propertyeditors.URIEditor
 404:            34           1088  org.springframework.beans.propertyeditors.URLEditor
 405:            34           1088  org.springframework.format.support.FormattingConversionService$AnnotationParserConverter
 406:            34           1088  org.springframework.format.support.FormattingConversionService$AnnotationPrinterConverter
 407:            19           1064  sun.misc.URLClassPath$JarLoader
 408:            33           1056  java.util.regex.Pattern$Curly
 409:            44           1056  org.springframework.context.event.GenericApplicationListenerAdapter
 410:             1           1040  [Ljava.lang.Byte;
 411:             1           1040  [Ljava.lang.Integer;
 412:             1           1040  [Ljava.lang.Long;
 413:             1           1040  [Ljava.lang.Short;
 414:            26           1040  java.util.IdentityHashMap
 415:            43           1032  java.util.regex.Pattern$Start
 416:            64           1024  [Lorg.apache.tomcat.util.modeler.NotificationInfo;
 417:            32           1024  java.io.File
 418:            32           1024  java.util.Collections$UnmodifiableMap
 419:            32           1024  org.springframework.beans.factory.support.AbstractAutowireCapableBeanFactory$$Lambda$112/1513712028
 420:            32           1024  org.springframework.beans.factory.support.AbstractBeanFactory$$Lambda$111/2101440631
 421:            63           1008  org.springframework.boot.context.properties.source.SpringConfigurationPropertySource$DelegatingPropertyMapper$$Lambda$51/804611486
 422:            18           1008  org.springframework.core.ResolvableType$1
 423:            25           1000  java.lang.invoke.DirectMethodHandle$Interface
 424:            25           1000  java.time.format.DateTimeFormatter
 425:            62            992  org.apache.juli.logging.DirectJDKLog
 426:            40            960  java.lang.invoke.ConstantCallSite
 427:            40            960  java.lang.invoke.InfoFromMemberName
 428:            40            960  java.lang.invoke.InnerClassLambdaMetafactory$ForwardingMethodGenerator
 429:            30            960  java.security.Provider$EngineDescription
 430:            24            960  org.apache.tomcat.util.modeler.BaseModelMBean
 431:            24            960  org.springframework.core.annotation.AnnotationUtils$AliasDescriptor
 432:            29            928  jdk.internal.org.objectweb.asm.Type
 433:            58            928  org.springframework.boot.context.properties.source.SpringIterableConfigurationPropertySource$CacheKey
 434:            29            928  org.springframework.format.support.FormattingConversionService$PrinterConverter
 435:            38            912  org.springframework.boot.loader.jar.Handler
 436:            19            912  sun.misc.ProxyGenerator$MethodInfo
 437:            16            896  [Lcom.sun.org.apache.xalan.internal.utils.XMLSecurityManager$Limit;
 438:            28            896  [Lcom.sun.org.apache.xalan.internal.utils.XMLSecurityManager$NameMap;
 439:            28            896  com.fasterxml.jackson.databind.DeserializationFeature
 440:            37            888  java.time.format.DateTimeFormatterBuilder$CompositePrinterParser
 441:            37            888  java.util.jar.Manifest
 442:            37            888  java.util.regex.Pattern$Dollar
 443:            37            888  sun.misc.URLClassPath$Loader
 444:            36            864  com.sun.org.apache.xerces.internal.util.XMLStringBuffer
 445:            36            864  java.io.FilePermissionCollection
 446:            53            848  java.lang.ThreadLocal
 447:            15            840  java.lang.invoke.LambdaFormEditor$Transform
 448:            15            840  javax.management.openmbean.ArrayType
 449:            21            840  sun.util.locale.BaseLocale$Key
 450:            26            832  com.fasterxml.jackson.databind.MapperFeature
 451:            26            832  java.time.format.DateTimeFormatterBuilder$NumberPrinterParser
 452:            26            832  org.hibernate.validator.internal.engine.valueextraction.ValueExtractorDescriptor
 453:            17            816  java.util.Properties
 454:            20            800  com.sun.jmx.mbeanserver.MXBeanSupport
 455:            50            800  com.sun.proxy.$Proxy0
 456:            20            800  org.apache.tomcat.util.collections.ManagedConcurrentWeakHashMap$Key
 457:            43            784  [Ljavax.management.MBeanNotificationInfo;
 458:            49            784  com.sun.proxy.$Proxy3
 459:             7            784  java.util.GregorianCalendar
 460:             8            768  [Lcom.sun.org.apache.xerces.internal.xni.QName;
 461:            32            768  com.sun.jmx.mbeanserver.DefaultMXBeanMappingFactory$IdentityMapping
 462:            16            768  com.sun.org.apache.xerces.internal.util.XMLAttributesImpl$Attribute
 463:             8            768  org.springframework.asm.Context
 464:            48            768  sun.reflect.generics.tree.ArrayTypeSignature
 465:            19            760  java.lang.invoke.MethodHandleImpl$IntrinsicMethodHandle
 466:            19            760  java.util.HashMap$EntryIterator
 467:            47            752  com.sun.proxy.$Proxy2
 468:            47            752  java.util.regex.Pattern$BranchConn
 469:            47            752  org.springframework.boot.context.properties.source.SpringConfigurationPropertySource$DelegatingPropertyMapper$$Lambda$50/985655350
 470:            31            744  com.sun.org.apache.xerces.internal.xni.XMLString
 471:            31            744  java.util.regex.Pattern$Ques
 472:            23            736  com.fasterxml.jackson.databind.SerializationFeature
 473:            23            736  java.io.DataOutputStream
 474:            23            736  sun.management.DiagnosticCommandImpl$Wrapper
 475:             5            720  [Lcom.fasterxml.jackson.core.sym.CharsToNameCanonicalizer$Bucket;
 476:             9            720  com.sun.org.apache.xalan.internal.xsltc.trax.TransformerFactoryImpl
 477:            15            720  java.lang.management.PlatformComponent
 478:            30            720  java.util.regex.Pattern$Ctype
 479:            18            720  org.hibernate.validator.internal.metadata.aggregated.CascadingMetaDataBuilder
 480:            30            720  org.jboss.logging.Log4j2Logger
 481:            18            720  sun.reflect.UnsafeQualifiedStaticObjectFieldAccessorImpl
 482:            23            704  [Ljava.io.ObjectStreamField;
 483:            22            704  org.springframework.beans.factory.support.ConstructorResolver$ArgumentsHolder
 484:            29            696  org.springframework.format.support.FormattingConversionService$ParserConverter
 485:            43            688  org.springframework.beans.factory.support.ConstructorResolver$AutowiredArgumentMarker
 486:            17            680  org.springframework.util.AntPathMatcher
 487:            21            672  [Ljava.lang.ref.WeakReference;
 488:            12            672  com.fasterxml.jackson.databind.cfg.BaseSettings
 489:            21            672  com.sun.jmx.mbeanserver.WeakIdentityHashMap$IdentityWeakReference
 490:            42            672  com.sun.org.apache.xalan.internal.utils.SecuritySupport$4
 491:            28            672  java.security.Provider$UString
 492:            21            672  java.util.Locale
 493:            21            672  java.util.PropertyPermission
 494:            28            672  org.springframework.boot.loader.LaunchedURLClassLoader$$Lambda$7/939047783
 495:            28            672  org.springframework.web.util.UrlPathHelper
 496:             6            672  sun.nio.ch.SocketChannelImpl
 497:            21            672  sun.util.locale.BaseLocale
 498:             6            664  [D
 499:            41            656  org.springframework.expression.common.LiteralExpression
 500:             9            648  com.fasterxml.jackson.databind.deser.DefaultDeserializationContext$Impl
 501:            27            648  org.apache.tomcat.util.res.StringManager
 502:             8            640  com.fasterxml.jackson.databind.DeserializationConfig
 503:            40            640  com.sun.proxy.$Proxy47
 504:            16            640  java.util.Spliterators$IteratorSpliterator
 505:            16            640  org.springframework.asm.Handler
 506:            16            640  org.springframework.cglib.core.EmitUtils$6
 507:            39            632  [Ljavax.management.MBeanConstructorInfo;
 508:             3            624  [Ljava.lang.invoke.LambdaForm;
 509:            13            624  com.fasterxml.jackson.databind.type.SimpleType
 510:            39            624  java.util.HashMap$EntrySet
 511:            26            624  org.hibernate.validator.internal.engine.valueextraction.ValueExtractorDescriptor$Key
 512:            19            608  java.lang.invoke.SimpleMethodHandle
 513:            19            608  java.net.InetAddress$InetAddressHolder
 514:            38            608  java.util.concurrent.atomic.AtomicInteger
 515:            25            600  java.util.regex.Pattern$TreeInfo
 516:            25            600  org.springframework.core.type.StandardAnnotationMetadata
 517:            15            600  sun.misc.ProxyGenerator$ProxyMethod
 518:            25            600  sun.nio.cs.CharsetMapping$Entry
 519:            37            592  com.sun.proxy.$Proxy18
 520:            37            592  java.util.concurrent.atomic.AtomicReference
 521:            37            592  org.springframework.boot.loader.jar.JarFile$$Lambda$1/317574433
 522:            12            576  java.util.concurrent.ThreadPoolExecutor$Worker
 523:            24            576  java.util.concurrent.atomic.AtomicLong
 524:            12            576  org.hibernate.validator.internal.metadata.raw.ConstrainedExecutable
 525:             9            576  org.springframework.beans.factory.config.DependencyDescriptor
 526:            36            576  org.springframework.context.annotation.ConfigurationClassEnhancer$BeanFactoryAwareGeneratorStrategy
 527:            24            576  org.springframework.core.annotation.MapAnnotationAttributeExtractor$$Lambda$292/707976812
 528:            36            576  org.springframework.util.ReflectionUtils$$Lambda$170/19717364
 529:            12            576  sun.util.locale.provider.LocaleResources$ResourceReference
 530:            14            560  ch.qos.logback.core.status.InfoStatus
 531:             7            560  com.fasterxml.jackson.databind.SerializationConfig
 532:            14            560  javax.management.openmbean.SimpleType
 533:            35            560  org.springframework.boot.autoconfigure.condition.OnBeanCondition
 534:            10            560  sun.invoke.util.Wrapper
 535:            23            552  [Lsun.management.DiagnosticCommandArgumentInfo;
 536:            23            552  com.sun.jmx.mbeanserver.PerInterface$MethodAndSig
 537:            23            552  org.springframework.beans.factory.support.ConstructorResolver
 538:            23            552  org.yaml.snakeyaml.tokens.Token$ID
 539:            10            544  [Lcom.sun.org.apache.xalan.internal.utils.XMLSecurityManager$State;
 540:            17            544  com.sun.org.apache.xerces.internal.util.AugmentationsImpl$SmallContainer
 541:            34            544  com.sun.proxy.$Proxy35
 542:             1            536  org.springframework.boot.web.embedded.tomcat.TomcatEmbeddedContext
 543:             1            528  [Ljava.lang.Character;
 544:            13            520  java.util.EnumMap
 545:            16            512  java.io.FileInputStream
 546:             8            512  java.text.DateFormatSymbols
 547:             8            512  java.text.DecimalFormatSymbols
 548:            16            512  java.time.temporal.ChronoUnit
 549:             8            512  java.util.stream.ReferencePipeline$2
 550:             8            512  org.springframework.asm.FieldWriter
 551:            16            512  org.springframework.cglib.core.ClassEmitter$1
 552:            16            512  org.springframework.cglib.reflect.FastClassEmitter$4
 553:             8            512  org.springframework.web.method.HandlerMethod$HandlerMethodParameter
 554:            21            504  java.io.ByteArrayOutputStream
 555:            21            504  java.lang.reflect.Proxy$KeyX
 556:            21            504  java.time.Duration
 557:            21            504  java.util.AbstractMap$SimpleImmutableEntry
 558:            21            504  java.util.Locale$LocaleKey
 559:            21            504  java.util.concurrent.ConcurrentHashMap$KeySetView
 560:             9            504  javax.management.openmbean.CompositeType
 561:            21            504  org.springframework.beans.factory.config.ConstructorArgumentValues
 562:            13            488  [Ljava.lang.invoke.LambdaForm$BasicType;
 563:            12            480  com.sun.jmx.mbeanserver.PerInterface
 564:            20            480  java.net.InetSocketAddress$InetSocketAddressHolder
 565:             4            480  java.net.SocksSocketImpl
 566:            20            480  java.util.concurrent.locks.AbstractQueuedSynchronizer$ConditionObject
 567:            15            480  java.util.concurrent.locks.AbstractQueuedSynchronizer$Node
 568:            10            480  jdk.internal.org.objectweb.asm.Frame
 569:             2            480  org.apache.catalina.core.StandardWrapper
 570:            30            480  org.apache.logging.log4j.message.MessageFormatMessageFactory
 571:            20            480  org.springframework.boot.context.properties.ConfigurationBeanFactoryMetadata$$Lambda$183/2114874018
 572:            15            480  sun.misc.ProxyGenerator$FieldInfo
 573:            29            464  org.hibernate.validator.internal.util.logging.Log_$logger
 574:            29            464  org.springframework.beans.factory.support.AbstractAutowireCapableBeanFactory$$Lambda$172/1154002927
 575:             6            456  [Lsun.invoke.util.Wrapper;
 576:            19            456  java.lang.invoke.Invokers
 577:            19            456  sun.nio.ch.SocketOptionRegistry$RegistryKey
 578:            14            448  com.fasterxml.jackson.core.JsonParser$Feature
 579:             7            448  java.nio.DirectByteBuffer
 580:            14            448  java.util.concurrent.ConcurrentHashMap$ReservationNode
 581:             8            448  javax.management.openmbean.OpenMBeanParameterInfoSupport
 582:            14            448  org.springframework.boot.context.properties.bind.JavaBeanBinder$BeanProperty
 583:            11            440  sun.misc.URLClassPath$1
 584:            16            432  [Lorg.springframework.http.MediaType;
 585:            20            432  [Lorg.springframework.web.bind.annotation.RequestMethod;
 586:            18            432  java.text.DateFormat$Field
 587:            18            432  sun.misc.MetaIndex
 588:             1            424  [Lcom.sun.org.apache.xerces.internal.util.SymbolTable$Entry;
 589:            26            416  com.sun.proxy.$Proxy38
 590:            13            416  org.apache.catalina.util.ManifestResource
 591:            26            416  sun.reflect.BootstrapConstructorAccessorImpl
 592:            17            408  com.sun.org.apache.xerces.internal.util.SymbolTable$Entry
 593:            17            408  java.lang.management.ManagementPermission
 594:            17            408  java.net.Inet4Address
 595:            17            408  org.springframework.boot.ansi.AnsiColor
 596:            17            408  org.springframework.boot.autoconfigure.web.servlet.WebMvcAutoConfiguration$EnableWebMvcConfiguration$$EnhancerBySpringCGLIB$$91e0da72$$FastClassBySpringCGLIB$$32fd6f9
 597:            17            408  org.springframework.util.AntPathMatcher$PathSeparatorPatternCache
 598:            10            400  java.lang.invoke.DirectMethodHandle$Accessor
 599:             5            400  java.util.concurrent.ThreadPoolExecutor
 600:             1            392  org.apache.tomcat.util.net.NioBlockingSelector$BlockPoller
 601:             7            392  org.springframework.web.method.HandlerMethod
 602:             3            384  [Lcom.fasterxml.jackson.databind.DeserializationFeature;
 603:            24            384  com.sun.proxy.$Proxy23
 604:             1            384  java.lang.ref.Finalizer$FinalizerThread
 605:             6            384  java.text.SimpleDateFormat
 606:             1            384  java.util.logging.LogManager$Cleaner
 607:             8            384  java.util.stream.StreamSpliterators$WrappingSpliterator
 608:            12            384  org.apache.catalina.LifecycleState
 609:            16            384  org.springframework.boot.context.properties.PropertyMapper$Source
 610:             1            384  org.springframework.boot.web.embedded.tomcat.TomcatWebServer$1
 611:            16            384  org.springframework.cglib.core.Block
 612:             8            384  org.springframework.cglib.reflect.FastClassEmitter
 613:            16            384  org.springframework.cglib.reflect.FastClassEmitter$GetIndexCallback
 614:             8            384  org.springframework.context.annotation.ConfigurationClassEnhancer$BeanFactoryAwareGeneratorStrategy$1
 615:             1            384  org.springframework.context.support.AbstractApplicationContext$1
 616:            16            384  sun.nio.ch.OptionKey
 617:             4            384  sun.nio.ch.ServerSocketChannelImpl
 618:             3            384  sun.nio.ch.WindowsSelectorImpl
 619:             1            376  java.lang.ref.Reference$ReferenceHandler
 620:             5            360  com.fasterxml.jackson.databind.ser.DefaultSerializerProvider$Impl
 621:             9            360  com.sun.org.apache.xalan.internal.utils.XMLSecurityManager$Limit
 622:             9            360  com.sun.org.apache.xerces.internal.utils.XMLSecurityManager$Limit
 623:            15            360  java.util.regex.Pattern$5
 624:            15            360  javax.management.StandardMBean
 625:            15            360  javax.websocket.CloseReason$CloseCodes
 626:             9            360  org.springframework.beans.factory.support.DisposableBeanAdapter
 627:             1            352  com.sun.org.apache.xerces.internal.impl.XMLNSDocumentScannerImpl
 628:             4            352  java.net.DualStackPlainSocketImpl
 629:             4            352  org.apache.catalina.webresources.CachedResource
 630:             1            344  com.sun.org.apache.xerces.internal.impl.XMLDocumentScannerImpl
 631:             3            336  [Lcom.fasterxml.jackson.databind.SerializationFeature;
 632:             5            336  [Ljava.lang.Thread;
 633:            21            336  [Lorg.apache.catalina.Session;
 634:            14            336  ch.qos.logback.core.spi.ContextAwareBase
 635:            21            336  com.fasterxml.jackson.databind.ser.std.ToStringSerializer
 636:             7            336  com.sun.jmx.mbeanserver.DefaultMXBeanMappingFactory$CompositeMapping
 637:            14            336  java.lang.invoke.LambdaFormEditor$Transform$Kind
 638:             6            336  java.nio.DirectLongBufferU
 639:            14            336  org.springframework.context.support.MessageSourceAccessor
 640:             7            336  org.springframework.web.servlet.mvc.method.RequestMappingInfo
 641:            14            336  org.yaml.snakeyaml.nodes.Tag
 642:             6            336  sun.management.MemoryPoolImpl
 643:             6            336  sun.nio.cs.UTF_8$Encoder
 644:            16            328  [Ljava.lang.management.PlatformComponent;
 645:             4            320  [Lorg.hibernate.validator.internal.util.ConcurrentReferenceHashMap$Segment;
 646:            10            320  com.fasterxml.jackson.core.JsonGenerator$Feature
 647:             5            320  com.fasterxml.jackson.core.sym.ByteQuadsCanonicalizer
 648:             5            320  com.fasterxml.jackson.core.sym.CharsToNameCanonicalizer
 649:             5            320  com.fasterxml.jackson.databind.ObjectMapper
 650:             5            320  com.fasterxml.jackson.datatype.jsr310.JavaTimeModule
 651:            10            320  java.lang.OutOfMemoryError
 652:             5            320  java.lang.invoke.InvokerBytecodeGenerator
 653:            20            320  java.net.InetSocketAddress
 654:             5            320  java.security.SecureRandom
 655:             8            320  java.text.DigitList
 656:            20            320  java.time.format.DateTimeFormatterBuilder$CharLiteralPrinterParser
 657:            10            320  java.util.ResourceBundle$Control$1
 658:             5            320  java.util.jar.JarFile
 659:             5            320  java.util.stream.ReferencePipeline$3
 660:             8            320  java.util.stream.SpinedBuffer
 661:             8            320  org.springframework.cglib.core.EmitUtils$12
 662:            20            320  org.springframework.util.ReflectionUtils$$Lambda$163/2114650936
 663:             5            320  sun.nio.cs.ext.DoubleByte$Encoder
 664:             8            320  sun.reflect.UnsafeQualifiedStaticIntegerFieldAccessorImpl
 665:            10            320  sun.security.jca.ProviderConfig
 666:            13            312  [Ljdk.xml.internal.JdkXmlFeatures$XmlFeature;
 667:            13            312  java.lang.RuntimePermission
 668:             3            312  org.springframework.web.servlet.resource.ResourceHttpRequestHandler
 669:            19            304  com.sun.proxy.$Proxy1
 670:             4            288  [Lcom.fasterxml.jackson.databind.MapperFeature;
 671:            12            288  ch.qos.logback.core.pattern.LiteralConverter
 672:             9            288  com.fasterxml.classmate.types.ResolvedPrimitiveType
 673:             9            288  com.fasterxml.jackson.databind.cfg.DeserializerFactoryConfig
 674:            12            288  com.fasterxml.jackson.databind.util.LRUMap
 675:             9            288  com.sun.org.apache.xalan.internal.utils.XMLSecurityManager
 676:            12            288  java.beans.PropertyChangeSupport
 677:            18            288  java.lang.Boolean
 678:            18            288  java.lang.reflect.Proxy$1
 679:            12            288  java.util.Collections$3
 680:            12            288  java.util.Collections$SetFromMap
 681:             6            288  java.util.concurrent.LinkedBlockingQueue
 682:             3            288  java.util.jar.JarFile$JarFileEntry
 683:             9            288  java.util.logging.Level
 684:            12            288  org.springframework.beans.factory.config.BeanExpressionContext
 685:             9            288  org.springframework.boot.context.properties.source.SpringIterableConfigurationPropertySource
 686:             9            288  org.springframework.context.event.AbstractApplicationEventMulticaster$ListenerRetriever
 687:            12            288  org.springframework.format.datetime.standard.TemporalAccessorParser
 688:            12            288  org.springframework.util.MimeType
 689:            12            288  org.springframework.web.servlet.config.annotation.WebMvcConfigurationSupport$$FastClassBySpringCGLIB$$69f69f7c
 690:            12            280  [Lcom.fasterxml.jackson.databind.ser.Serializers;
 691:             5            280  com.fasterxml.jackson.databind.MappingJsonFactory
 692:             7            280  org.springframework.boot.logging.logback.ColorConverter
 693:            17            272  com.sun.org.apache.xerces.internal.util.AugmentationsImpl
 694:            11            264  [Ljava.util.Enumeration;
 695:            11            264  [Lorg.springframework.boot.context.properties.source.PropertyMapper;
 696:            11            264  java.net.StandardSocketOptions$StdSocketOption
 697:            11            264  java.net.URLClassLoader$3
 698:            11            264  org.springframework.beans.factory.annotation.AutowiredAnnotationBeanPostProcessor$$Lambda$182/1453128758
 699:            11            264  org.springframework.boot.context.properties.source.SpringConfigurationPropertySources$SourcesIterator
 700:            11            264  org.springframework.core.convert.support.GenericConversionService$ConverterFactoryAdapter
 701:            11            264  sun.misc.CompoundEnumeration
 702:            11            264  sun.reflect.annotation.TypeAnnotation$TypeAnnotationTarget
 703:            10            256  [Lcom.sun.org.apache.xalan.internal.utils.FeaturePropertyBase$State;
 704:            10            256  [Ljdk.xml.internal.JdkXmlFeatures$State;
 705:             4            256  com.fasterxml.jackson.databind.introspect.AnnotatedClass
 706:             8            256  java.util.concurrent.FutureTask
 707:             4            256  java.util.stream.ReferencePipeline$7
 708:             8            256  javax.management.MBeanNotificationInfo
 709:             8            256  org.springframework.asm.ClassReader
 710:             8            256  org.springframework.boot.context.properties.bind.Bindable
 711:             8            256  org.springframework.cglib.core.ClassEmitter$FieldInfo
 712:             8            256  org.springframework.cglib.core.DebuggingClassWriter
 713:            16            256  org.springframework.cglib.core.EmitUtils$10
 714:            16            256  org.springframework.cglib.core.EmitUtils$5
 715:             8            256  sun.misc.ProxyGenerator$PrimitiveTypeInfo
 716:             2            248  [Ljava.time.LocalDateTime;
 717:             6            240  [Ljava.lang.invoke.BoundMethodHandle$SpeciesData;
 718:             2            240  [Lsun.nio.cs.CharsetMapping$Entry;
 719:            10            240  com.fasterxml.classmate.util.ClassKey
 720:            10            240  com.fasterxml.jackson.annotation.JsonFormat$Shape
 721:             6            240  com.fasterxml.jackson.core.util.DefaultPrettyPrinter
 722:            10            240  com.fasterxml.jackson.databind.module.SimpleSerializers
 723:            10            240  com.sun.org.apache.xerces.internal.impl.XMLScanner$NameType
 724:            10            240  java.lang.annotation.ElementType
 725:             6            240  java.lang.invoke.DirectMethodHandle$Constructor
 726:             5            240  org.apache.tomcat.util.descriptor.web.FilterDef
 727:            10            240  org.springframework.boot.autoconfigure.cache.CacheType
 728:            10            240  org.springframework.boot.context.properties.source.SpringIterableConfigurationPropertySource$Cache
 729:             6            240  org.springframework.web.accept.PathExtensionContentNegotiationStrategy
 730:             5            240  org.springframework.web.servlet.mvc.method.RequestMappingInfo$DefaultBuilder
 731:            10            240  org.yaml.snakeyaml.events.Event$ID
 732:             6            240  sun.management.MemoryPoolImpl$CollectionSensor
 733:             6            240  sun.management.MemoryPoolImpl$PoolSensor
 734:             5            240  sun.misc.URLClassPath
 735:            15            240  sun.reflect.generics.reflectiveObjects.GenericArrayTypeImpl
 736:            14            224  com.sun.proxy.$Proxy50
 737:            14            224  java.util.Collections$SingletonSet
 738:             7            224  java.util.Stack
 739:             7            224  org.apache.tomcat.util.digester.ObjectCreateRule
 740:             7            224  org.apache.tomcat.util.digester.SetNextRule
 741:            14            224  org.springframework.core.annotation.AnnotatedElementUtils$1
 742:            14            224  org.springframework.core.convert.support.ObjectToStringConverter
 743:             7            224  org.springframework.http.converter.ResourceHttpMessageConverter
 744:             7            224  org.springframework.web.servlet.mvc.condition.PatternsRequestCondition
 745:             4            224  sun.security.provider.SHA
 746:             7            216  [Ljava.lang.Boolean;
 747:             9            216  com.sun.org.apache.xalan.internal.utils.XMLSecurityPropertyManager
 748:             9            216  java.nio.file.attribute.PosixFilePermission
 749:             9            216  java.util.logging.Level$KnownLevel
 750:             9            216  jdk.xml.internal.JdkXmlFeatures
 751:             1            216  org.springframework.beans.factory.support.DefaultListableBeanFactory
 752:             9            216  org.springframework.boot.context.properties.source.ConfigurationPropertyName$$Lambda$46/325333723
 753:             9            216  sun.util.logging.PlatformLogger$Level
 754:             7            208  [Ljava.lang.invoke.LambdaForm$NamedFunction;
 755:            13            208  java.util.regex.Pattern$Begin
 756:             2            200  [Ljava.text.DateFormat$Field;
 757:             5            200  com.fasterxml.jackson.core.sym.ByteQuadsCanonicalizer$TableInfo
 758:             1            200  com.sun.org.apache.xerces.internal.impl.XMLDTDScannerImpl
 759:             5            200  java.lang.invoke.BoundMethodHandle$SpeciesData
 760:             5            200  java.lang.invoke.MethodHandleImpl$AsVarargsCollector
 761:             5            200  java.util.stream.StreamOpFlag
 762:             5            200  org.apache.catalina.core.ApplicationFilterConfig
 763:             5            200  org.apache.tomcat.util.descriptor.web.FilterMap
 764:             5            200  org.springframework.beans.factory.config.ConstructorArgumentValues$ValueHolder
 765:             5            200  org.springframework.http.converter.json.MappingJackson2HttpMessageConverter
 766:             5            192  [Ljdk.internal.org.objectweb.asm.Type;
 767:             8            192  com.fasterxml.jackson.databind.cfg.SerializerFactoryConfig
 768:             4            192  com.fasterxml.jackson.databind.introspect.BasicBeanDescription
 769:             6            192  com.fasterxml.jackson.databind.type.TypeFactory
 770:             1            192  com.sun.org.apache.xerces.internal.parsers.XIncludeAwareParserConfiguration
 771:            12            192  com.sun.proxy.$Proxy32
 772:            12            192  com.sun.proxy.$Proxy4
 773:            12            192  java.beans.PropertyChangeSupport$PropertyChangeListenerMap
 774:             6            192  java.lang.invoke.LambdaForm$BasicType
 775:             8            192  java.lang.invoke.MethodHandleImpl$Intrinsic
 776:             8            192  java.math.RoundingMode
 777:             8            192  java.net.NetPermission
 778:             6            192  java.time.format.TextStyle
 779:             8            192  java.util.Collections$SynchronizedSet
 780:             4            192  java.util.Hashtable$Enumerator
 781:             8            192  java.util.Spliterators$1Adapter
 782:             6            192  java.util.Spliterators$ArraySpliterator
 783:             8            192  java.util.stream.ReferencePipeline$2$1
 784:            12            192  jdk.xml.internal.SecuritySupport$1
 785:             4            192  org.apache.catalina.util.Extension
 786:             8            192  org.apache.logging.log4j.Level
 787:             8            192  org.apache.logging.log4j.spi.StandardLevel
 788:             1            192  org.apache.tomcat.util.net.NioEndpoint
 789:             4            192  org.hibernate.validator.internal.metadata.raw.ConstrainedParameter
 790:             4            192  org.hibernate.validator.internal.util.ConcurrentReferenceHashMap
 791:             3            192  org.springframework.beans.factory.support.DefaultListableBeanFactory$NestedDependencyDescriptor
 792:             8            192  org.springframework.boot.context.properties.PropertyMapper$CachingSupplier
 793:            12            192  org.springframework.boot.context.properties.source.ConfigurationPropertyName$ElementValidator
 794:             8            192  org.springframework.cglib.core.ClassNameReader$1
 795:             8            192  org.springframework.cglib.core.VisibilityPredicate
 796:             8            192  org.springframework.cglib.core.internal.LoadingCache$2
 797:             8            192  org.springframework.cglib.reflect.FastClassEmitter$3
 798:             8            192  org.springframework.cglib.transform.TransformingClassGenerator
 799:            12            192  org.springframework.format.datetime.standard.TemporalAccessorPrinter
 800:             8            192  org.springframework.http.HttpMethod
 801:             6            192  org.springframework.http.converter.StringHttpMessageConverter
 802:             2            192  org.springframework.http.converter.json.Jackson2ObjectMapperBuilder
 803:             3            192  org.springframework.util.LinkedCaseInsensitiveMap$1
 804:             8            192  org.springframework.web.bind.annotation.RequestMethod
 805:             6            192  org.springframework.web.servlet.mvc.method.RequestMappingInfo$BuilderConfiguration
 806:             8            192  org.yaml.snakeyaml.scanner.Constant
 807:             6            192  sun.reflect.generics.repository.ConstructorRepository
 808:             8            176  [Lcom.fasterxml.jackson.databind.deser.Deserializers;
 809:             1            176  com.sun.org.apache.xerces.internal.impl.dtd.XMLDTDValidator
 810:             1            176  com.sun.org.apache.xerces.internal.impl.dtd.XMLNSDTDValidator
 811:            11            176  java.net.URLClassLoader$3$1
 812:            11            176  java.util.concurrent.atomic.AtomicBoolean
 813:             2            176  org.apache.catalina.deploy.NamingResourcesImpl
 814:            11            176  org.springframework.boot.context.properties.source.SpringConfigurationPropertySource$DelegatingPropertyMapper
 815:            11            176  org.springframework.boot.context.properties.source.SpringConfigurationPropertySources$$Lambda$70/1013423070
 816:             7            168  [Lcom.sun.org.apache.xalan.internal.utils.XMLSecurityPropertyManager$Property;
 817:             7            168  [[Ljava.lang.annotation.Annotation;
 818:             1            168  [[Ljava.math.BigInteger;
 819:             7            168  ch.qos.logback.classic.Level
 820:             7            168  com.fasterxml.jackson.annotation.JsonInclude$Include
 821:             7            168  com.sun.management.VMOption$Origin
 822:             7            168  com.sun.org.apache.xerces.internal.util.FeatureState
 823:             7            168  java.time.ZoneOffset
 824:             7            168  java.util.concurrent.LinkedBlockingQueue$Node
 825:             3            168  javax.management.openmbean.OpenMBeanOperationInfoSupport
 826:             1            168  org.apache.catalina.core.StandardHost
 827:             7            168  org.apache.tomcat.util.digester.SetPropertiesRule
 828:             7            168  org.springframework.boot.logging.LogLevel
 829:             7            168  org.springframework.cglib.proxy.CallbackInfo
 830:             7            168  org.springframework.context.event.AbstractApplicationEventMulticaster$ListenerCacheKey
 831:             3            168  org.springframework.core.env.PropertySourcesPropertyResolver
 832:             7            168  org.springframework.web.cors.UrlBasedCorsConfigurationSource
 833:             7            168  org.springframework.web.servlet.mvc.condition.ProducesRequestCondition
 834:             7            168  org.springframework.web.servlet.mvc.method.annotation.RequestResponseBodyAdviceChain
 835:             3            168  sun.nio.ch.SinkChannelImpl
 836:             3            168  sun.nio.ch.SourceChannelImpl
 837:             7            160  [Lorg.springframework.core.MethodParameter;
 838:             4            160  com.fasterxml.jackson.core.Base64Variant
 839:             4            160  com.fasterxml.jackson.core.Version
 840:             5            160  com.fasterxml.jackson.core.sym.CharsToNameCanonicalizer$TableInfo
 841:             5            160  com.fasterxml.jackson.databind.cfg.ConfigOverrides
 842:             4            160  com.sun.org.apache.xerces.internal.impl.dtd.XMLSimpleType
 843:             4            160  java.lang.ClassLoader$NativeLibrary
 844:            10            160  java.nio.channels.spi.AbstractInterruptibleChannel$1
 845:            10            160  java.util.Formatter$Flags
 846:             4            160  java.util.ServiceLoader$LazyIterator
 847:             5            160  java.util.concurrent.ConcurrentHashMap$ForwardingNode
 848:             5            160  java.util.regex.Pattern$3
 849:             5            160  javax.management.StandardEmitterMBean
 850:             5            160  org.apache.catalina.core.StandardPipeline
 851:             2            160  org.apache.catalina.core.StandardWrapperValve
 852:             4            160  org.apache.catalina.mbeans.ContainerMBean
 853:            10            160  org.apache.tomcat.util.threads.TaskThread$WrappingRunnable
 854:            10            160  org.springframework.boot.autoconfigure.condition.OnPropertyCondition
 855:            10            160  org.springframework.boot.context.properties.source.SpringIterableConfigurationPropertySource$$Lambda$59/2096057945
 856:            10            160  org.springframework.core.$Proxy6
 857:             4            160  org.springframework.http.converter.xml.Jaxb2RootElementHttpMessageConverter
 858:             5            160  org.springframework.http.converter.xml.SourceHttpMessageConverter
 859:             2            160  org.springframework.web.servlet.handler.SimpleUrlHandlerMapping
 860:             1            160  org.springframework.web.servlet.mvc.method.annotation.RequestMappingHandlerAdapter
 861:             4            160  sun.misc.URLClassPath$2
 862:             5            160  sun.util.locale.provider.LocaleProviderAdapter$Type
 863:             2            152  [Ljava.time.ZoneOffset;
 864:             2            152  [[Ljava.lang.String;
 865:             1            152  org.apache.catalina.session.StandardManager
 866:             1            152  org.springframework.boot.web.servlet.context.AnnotationConfigServletWebServerApplicationContext
 867:             2            144  [Lcom.fasterxml.jackson.core.JsonParser$Feature;
 868:             6            144  [Lcom.fasterxml.jackson.databind.deser.KeyDeserializers;
 869:             6            144  [Lorg.springframework.web.accept.ContentNegotiationStrategy;
 870:             3            144  [Lsun.nio.ch.SelectionKeyImpl;
 871:             6            144  com.fasterxml.jackson.annotation.JsonAutoDetect$Visibility
 872:             6            144  com.fasterxml.jackson.core.JsonParser$NumberType
 873:             6            144  com.fasterxml.jackson.core.util.DefaultIndenter
 874:             9            144  com.fasterxml.jackson.databind.deser.BeanDeserializerFactory
 875:             3            144  com.fasterxml.jackson.datatype.jsr310.deser.InstantDeserializer
 876:             6            144  com.sun.org.apache.xerces.internal.util.Status
 877:             9            144  com.sun.proxy.$Proxy21
 878:             6            144  java.lang.invoke.InnerClassLambdaMetafactory$1
 879:             6            144  java.time.format.DateTimeFormatterBuilder$LocalizedPrinterParser
 880:             6            144  java.util.concurrent.ConcurrentLinkedQueue$Node
 881:             6            144  java.util.regex.Pattern$SingleI
 882:             6            144  javax.validation.executable.ExecutableType
 883:             6            144  org.apache.logging.log4j.MarkerManager$Log4jMarker
 884:             9            144  org.hibernate.validator.internal.engine.valueextraction.ArrayElement
 885:             6            144  org.jboss.logging.Logger$Level
 886:             9            144  org.springframework.boot.autoconfigure.condition.OnWebApplicationCondition
 887:             1            144  org.springframework.boot.web.embedded.tomcat.TomcatEmbeddedWebappClassLoader
 888:             1            144  org.springframework.boot.web.embedded.tomcat.TomcatServletWebServerFactory
 889:             6            144  org.springframework.web.accept.ContentNegotiationManager
 890:             9            144  org.springframework.web.context.request.RequestScope
 891:             6            144  sun.misc.PerfCounter
 892:             3            144  sun.nio.ch.WindowsSelectorImpl$FdMap
 893:             3            144  sun.nio.cs.StreamEncoder
 894:             1            144  sun.reflect.MethodAccessorGenerator
 895:             6            144  sun.reflect.generics.scope.ConstructorScope
 896:             6            136  [Lcom.fasterxml.jackson.databind.deser.ValueInstantiators;
 897:             1            136  [Ljava.time.temporal.ChronoField;
 898:             5            136  [Lorg.springframework.core.io.Resource;
 899:             1            136  org.apache.coyote.http11.Http11NioProtocol
 900:             8            128  [Lorg.springframework.asm.Attribute;
 901:             8            128  com.fasterxml.jackson.databind.ser.BeanSerializerFactory
 902:             4            128  com.sun.jmx.mbeanserver.DefaultMXBeanMappingFactory$ArrayMapping
 903:             1            128  com.sun.org.apache.xerces.internal.impl.XMLEntityManager
 904:             4            128  com.sun.org.apache.xerces.internal.util.XMLResourceIdentifierImpl
 905:             8            128  com.sun.proxy.$Proxy36
 906:             8            128  com.sun.proxy.$Proxy37
 907:             8            128  com.sun.proxy.$Proxy43
 908:             2            128  java.io.ExpiringCache$1
 909:             4            128  java.security.MessageDigest$Delegate
 910:             4            128  java.util.ServiceLoader
 911:             8            128  java.util.stream.AbstractPipeline$$Lambda$85/1151020327
 912:             8            128  java.util.stream.StreamSpliterators$WrappingSpliterator$$Lambda$86/1712536284
 913:             8            128  java.util.stream.StreamSpliterators$WrappingSpliterator$$Lambda$87/606548741
 914:             1            128  org.apache.catalina.core.StandardEngine
 915:             4            128  org.apache.tomcat.util.collections.SynchronizedStack
 916:             2            128  org.springframework.boot.autoconfigure.template.TemplateAvailabilityProviders$1
 917:             8            128  org.springframework.cglib.core.DebuggingClassWriter$1
 918:             8            128  org.springframework.cglib.core.DuplicatesPredicate
 919:             8            128  org.springframework.cglib.core.EmitUtils$11
 920:             8            128  org.springframework.cglib.core.ReflectUtils$4
 921:             8            128  org.springframework.cglib.reflect.FastClassEmitter$1
 922:             4            128  org.springframework.util.PropertyPlaceholderHelper
 923:             4            128  org.springframework.web.method.annotation.RequestParamMethodArgumentResolver
 924:             2            128  org.springframework.web.servlet.config.annotation.WebMvcConfigurationSupport$EmptyHandlerMapping
 925:             8            128  org.springframework.web.servlet.mvc.condition.HeadersRequestCondition
 926:             8            128  org.springframework.web.servlet.mvc.condition.RequestMethodsRequestCondition
 927:             4            128  sun.nio.ch.ServerSocketAdaptor
 928:             2            128  sun.nio.cs.ext.DoubleByte$Encoder_DBCSONLY
 929:             4            128  sun.reflect.ClassFileAssembler
 930:             4            128  sun.security.provider.SecureRandom
 931:             5            120  [Lcom.fasterxml.jackson.databind.type.TypeModifier;
 932:             5            120  [Ljava.net.InetAddress;
 933:             3            120  [Lorg.springframework.http.HttpMethod;
 934:             5            120  ch.qos.logback.core.pattern.parser.TokenStream$TokenizerState
 935:             5            120  ch.qos.logback.core.subst.Token$Type
 936:             5            120  com.fasterxml.jackson.annotation.Nulls
 937:             5            120  com.fasterxml.jackson.databind.deser.DeserializerCache
 938:             5            120  com.fasterxml.jackson.databind.introspect.SimpleMixInResolver
 939:             5            120  com.fasterxml.jackson.databind.module.SimpleDeserializers
 940:             5            120  com.fasterxml.jackson.databind.ser.SerializerCache
 941:             5            120  com.sun.org.apache.xalan.internal.utils.FeaturePropertyBase$State
 942:             5            120  com.sun.org.apache.xalan.internal.utils.XMLSecurityManager$State
 943:             3            120  com.sun.org.apache.xerces.internal.impl.dtd.XMLEntityDecl
 944:             1            120  com.sun.org.apache.xerces.internal.jaxp.SAXParserImpl$JAXPSAXParser
 945:             5            120  com.sun.org.apache.xerces.internal.util.PropertyState
 946:             5            120  com.sun.org.apache.xerces.internal.utils.XMLSecurityManager$State
 947:             5            120  com.sun.org.apache.xerces.internal.utils.XMLSecurityPropertyManager$State
 948:             3            120  com.sun.xml.internal.stream.util.BufferAllocator
 949:             3            120  java.lang.invoke.BoundMethodHandle$Species_LL
 950:             5            120  java.time.format.SignStyle
 951:             3            120  java.util.Collections$SingletonMap
 952:             5            120  java.util.concurrent.atomic.AtomicMarkableReference$Pair
 953:             5            120  java.util.stream.ReferencePipeline$3$1
 954:             5            120  java.util.stream.StreamOpFlag$Type
 955:             5            120  javax.servlet.DispatcherType
 956:             5            120  jdk.xml.internal.JdkXmlFeatures$State
 957:             1            120  org.apache.catalina.connector.Connector
 958:             5            120  org.apache.catalina.core.ContainerBase$StartStopThreadFactory
 959:             5            120  org.hibernate.validator.internal.metadata.raw.ConstrainedElement$ConstrainedElementKind
 960:             3            120  org.springframework.beans.factory.annotation.AutowiredAnnotationBeanPostProcessor$AutowiredMethodElement
 961:             5            120  org.springframework.boot.ansi.AnsiStyle
 962:             5            120  org.springframework.boot.autoconfigure.web.servlet.WebMvcAutoConfiguration$EnableWebMvcConfiguration$$FastClassBySpringCGLIB$$982f18bb
 963:             5            120  org.springframework.boot.web.servlet.DispatcherType
 964:             5            120  org.springframework.context.annotation.FilterType
 965:             5            120  org.springframework.core.io.DefaultResourceLoader
 966:             5            120  org.springframework.http.HttpStatus$Series
 967:             5            120  org.springframework.http.converter.ByteArrayHttpMessageConverter
 968:             3            120  org.springframework.web.accept.ServletPathExtensionContentNegotiationStrategy
 969:             3            120  org.springframework.web.servlet.mvc.method.annotation.HttpEntityMethodProcessor
 970:             3            120  org.springframework.web.servlet.mvc.method.annotation.RequestResponseBodyMethodProcessor
 971:             5            120  org.yaml.snakeyaml.DumperOptions$ScalarStyle
 972:             3            120  sun.misc.FloatingDecimal$BinaryToASCIIBuffer
 973:             5            120  sun.misc.FloatingDecimal$PreparedASCIIToBinaryBuffer
 974:             3            120  sun.nio.ch.SocketAdaptor
 975:             5            120  sun.nio.fs.WindowsPathType
 976:             5            120  sun.util.resources.ParallelListResourceBundle$KeySet
 977:             2            112  [Lcom.fasterxml.jackson.core.JsonGenerator$Feature;
 978:             3            112  [Lcom.sun.org.apache.xerces.internal.util.XMLAttributesImpl$Attribute;
 979:             2            112  [Ljava.lang.invoke.MethodType;
 980:             1            112  [Ljava.time.LocalTime;
 981:             2            112  [Lorg.springframework.boot.autoconfigure.cache.CacheType;
 982:             1            112  [Lorg.yaml.snakeyaml.tokens.Token$ID;
 983:             2            112  com.sun.org.apache.xerces.internal.util.XMLAttributesIteratorImpl
 984:             7            112  com.sun.proxy.$Proxy39
 985:             7            112  com.sun.proxy.$Proxy49
 986:             2            112  java.net.SocketPermission
 987:             2            112  java.util.zip.ZipFile$ZipFileInputStream
 988:             1            112  org.apache.catalina.core.StandardServer
 989:             1            112  org.apache.tomcat.util.digester.Digester
 990:             2            112  org.springframework.boot.web.client.RestTemplateBuilder
 991:             1            112  org.springframework.context.annotation.ScannedGenericBeanDefinition
 992:             7            112  org.springframework.core.DefaultParameterNameDiscoverer
 993:             7            112  org.springframework.core.LocalVariableTableParameterNameDiscoverer
 994:             7            112  org.springframework.core.StandardReflectionParameterNameDiscoverer
 995:             7            112  org.springframework.web.cors.DefaultCorsProcessor
 996:             1            112  org.springframework.web.servlet.DispatcherServlet
 997:             7            112  org.springframework.web.servlet.mvc.condition.ParamsRequestCondition
 998:             7            112  org.springframework.web.servlet.mvc.condition.RequestConditionHolder
 999:             2            112  sun.nio.cs.ext.DoubleByte$Decoder_DBCSONLY
1000:             1            104  ch.qos.logback.classic.LoggerContext
1001:             1            104  org.apache.tomcat.util.net.SocketProperties
1002:             1            104  org.springframework.web.servlet.view.InternalResourceViewResolver
1003:             2             96  [Lcom.sun.org.apache.xerces.internal.utils.XMLSecurityManager$State;
1004:             4             96  [Ljava.net.InetSocketAddress;
1005:             4             96  [Lorg.apache.logging.log4j.Marker;
1006:             2             96  [Lorg.apache.logging.log4j.spi.StandardLevel;
1007:             2             96  [Lorg.springframework.boot.logging.LogLevel;
1008:             4             96  ch.qos.logback.core.pattern.parser.Token
1009:             4             96  ch.qos.logback.core.subst.Token
1010:             4             96  com.fasterxml.jackson.annotation.JsonCreator$Mode
1011:             4             96  com.fasterxml.jackson.core.JsonFactory$Feature
1012:             6             96  com.fasterxml.jackson.databind.type.TypeParser
1013:             3             96  com.sun.jmx.mbeanserver.DefaultMXBeanMappingFactory$EnumMapping
1014:             3             96  com.sun.org.apache.xalan.internal.utils.XMLSecurityManager$NameMap
1015:             2             96  com.sun.org.apache.xerces.internal.impl.XMLDocumentFragmentScannerImpl$ElementStack
1016:             1             96  com.sun.org.apache.xerces.internal.impl.dtd.XMLDTDProcessor
1017:             3             96  com.sun.org.apache.xerces.internal.utils.XMLSecurityManager$NameMap
1018:             6             96  com.sun.proxy.$Proxy44
1019:             3             96  java.io.FileOutputStream
1020:             3             96  java.lang.StringCoding$StringDecoder
1021:             2             96  java.lang.ThreadGroup
1022:             4             96  java.lang.ThreadLocal$ThreadLocalMap
1023:             6             96  java.lang.invoke.LambdaFormEditor
1024:             4             96  java.time.format.DateTimeFormatterBuilder$OffsetIdPrinterParser
1025:             4             96  java.time.format.DateTimeFormatterBuilder$SettingsParser
1026:             4             96  java.time.format.FormatStyle
1027:             2             96  java.util.Properties$LineReader
1028:             4             96  java.util.ServiceLoader$1
1029:             4             96  java.util.concurrent.ConcurrentLinkedQueue
1030:             3             96  java.util.logging.LogManager$LoggerContext$1
1031:             4             96  java.util.regex.Pattern$7
1032:             4             96  java.util.regex.Pattern$CharProperty$1
1033:             3             96  java.util.stream.FindOps$FindOp
1034:             4             96  java.util.stream.ReferencePipeline$7$1
1035:             4             96  java.util.stream.StreamShape
1036:             4             96  javax.management.NotificationBroadcasterSupport
1037:             2             96  javax.management.openmbean.TabularType
1038:             1             96  org.apache.catalina.authenticator.NonLoginAuthenticator
1039:             2             96  org.apache.catalina.mbeans.NamingResourcesMBean
1040:             4             96  org.apache.catalina.webresources.EmptyResource
1041:             4             96  org.apache.commons.logging.LogFactory$LogApi
1042:             3             96  org.apache.tomcat.util.buf.UDecoder$DecodeException
1043:             3             96  org.apache.tomcat.util.collections.SynchronizedQueue
1044:             4             96  org.apache.tomcat.util.digester.ArrayStack
1045:             4             96  org.apache.tomcat.util.net.AbstractEndpoint$Acceptor$AcceptorState
1046:             2             96  org.apache.tomcat.util.net.NioEndpoint$Poller
1047:             1             96  org.apache.tomcat.util.threads.ThreadPoolExecutor
1048:             1             96  org.apache.tomcat.websocket.server.WsServerContainer
1049:             4             96  org.springframework.beans.ExtendedBeanInfo
1050:             2             96  org.springframework.beans.PropertyValue
1051:             2             96  org.springframework.beans.SimpleTypeConverter
1052:             4             96  org.springframework.beans.factory.config.BeanDefinitionHolder
1053:             3             96  org.springframework.beans.factory.support.DefaultListableBeanFactory$DependencyObjectProvider
1054:             4             96  org.springframework.boot.autoconfigure.jmx.JmxAutoConfiguration$$EnhancerBySpringCGLIB$$a65ef90e$$FastClassBySpringCGLIB$$27b0804f
1055:             4             96  org.springframework.boot.autoconfigure.jmx.JmxAutoConfiguration$$FastClassBySpringCGLIB$$e2017fd7
1056:             6             96  org.springframework.boot.convert.CollectionToDelimitedStringConverter
1057:             4             96  org.springframework.context.annotation.ScopedProxyMode
1058:             3             96  org.springframework.core.annotation.AnnotationUtils$$Lambda$109/1849433705
1059:             3             96  org.springframework.core.annotation.MapAnnotationAttributeExtractor
1060:             4             96  org.springframework.core.convert.support.GenericConversionService$Converters
1061:             4             96  org.springframework.core.env.PropertySource$StubPropertySource
1062:             4             96  org.springframework.http.converter.ResourceRegionHttpMessageConverter
1063:             3             96  org.springframework.http.converter.support.AllEncompassingFormHttpMessageConverter
1064:             4             96  org.springframework.util.ConcurrentReferenceHashMap$TaskOption
1065:             6             96  org.springframework.web.accept.HeaderContentNegotiationStrategy
1066:             4             96  org.springframework.web.method.annotation.ModelAttributeMethodProcessor
1067:             3             96  org.springframework.web.servlet.handler.AbstractHandlerMethodMapping$MappingRegistration
1068:             6             96  org.springframework.web.servlet.mvc.condition.ConsumesRequestCondition
1069:             3             96  org.springframework.web.servlet.resource.PathResourceResolver
1070:             4             96  org.yaml.snakeyaml.nodes.NodeId
1071:             2             96  sun.management.GarbageCollectorImpl
1072:             1             96  sun.misc.Launcher$AppClassLoader
1073:             2             96  sun.misc.ProxyGenerator
1074:             3             96  sun.nio.ch.AllocatedNativeObject
1075:             3             96  sun.nio.ch.PollArrayWrapper
1076:             3             96  sun.nio.ch.WindowsSelectorImpl$SubSelector
1077:             4             96  sun.reflect.ByteVectorImpl
1078:             4             96  sun.security.jca.GetInstance$Instance
1079:             1             96  sun.security.jca.ProviderList$1
1080:             1             96  sun.security.provider.Sun
1081:             3             96  sun.util.locale.provider.LocaleResources
1082:             3             96  sun.util.locale.provider.LocaleServiceProviderPool
1083:             2             88  [Ljava.nio.file.attribute.PosixFilePermission;
1084:             1             88  [Lorg.springframework.boot.ansi.AnsiColor;
1085:             1             88  org.springframework.boot.autoconfigure.web.ServerProperties$Tomcat
1086:             1             88  org.springframework.boot.autoconfigure.web.servlet.WebMvcAutoConfiguration$EnableWebMvcConfiguration$$EnhancerBySpringCGLIB$$91e0da72
1087:             1             88  org.springframework.boot.loader.LaunchedURLClassLoader
1088:             1             88  org.springframework.jmx.export.annotation.AnnotationMBeanExporter
1089:             1             88  org.springframework.web.servlet.mvc.method.annotation.RequestMappingHandlerMapping
1090:             1             88  sun.misc.Launcher$ExtClassLoader
1091:             1             88  sun.nio.cs.CharsetMapping
1092:             2             80  [F
1093:             1             80  [Ljava.nio.ByteBuffer;
1094:             1             80  [Ljava.time.temporal.ChronoUnit;
1095:             2             80  [Ljava.util.stream.StreamOpFlag$Type;
1096:             2             80  [Ljavax.servlet.DispatcherType;
1097:             2             80  [Ljavax.validation.executable.ExecutableType;
1098:             1             80  [Ljavax.websocket.CloseReason$CloseCodes;
1099:             2             80  [Lorg.springframework.context.annotation.FilterType;
1100:             4             80  [Lorg.springframework.expression.Expression;
1101:             2             80  [Lorg.springframework.http.HttpStatus$Series;
1102:             2             80  [[S
1103:             5             80  com.fasterxml.jackson.databind.introspect.BasicClassIntrospector
1104:             5             80  com.fasterxml.jackson.databind.jsontype.impl.StdSubtypeResolver
1105:             5             80  com.fasterxml.jackson.databind.module.SimpleKeyDeserializers
1106:             5             80  com.fasterxml.jackson.databind.util.RootNameLookup
1107:             5             80  com.fasterxml.jackson.datatype.jdk8.Jdk8Deserializers
1108:             5             80  com.fasterxml.jackson.datatype.jdk8.Jdk8Serializers
1109:             5             80  com.fasterxml.jackson.datatype.jdk8.Jdk8TypeModifier
1110:             5             80  com.fasterxml.jackson.datatype.jsr310.JavaTimeModule$1
1111:             2             80  com.sun.jmx.mbeanserver.DefaultMXBeanMappingFactory$TabularMapping
1112:             2             80  com.sun.org.apache.xerces.internal.impl.XMLDocumentFragmentScannerImpl$ElementStack2
1113:             2             80  com.sun.org.apache.xerces.internal.impl.dtd.XMLDTDDescription
1114:             2             80  com.sun.org.apache.xerces.internal.impl.validation.ValidationState
1115:             5             80  com.sun.proxy.$Proxy30
1116:             5             80  com.sun.proxy.$Proxy56
1117:             2             80  java.io.BufferedWriter
1118:             2             80  java.io.ExpiringCache
1119:             5             80  java.util.Collections$UnmodifiableMap$UnmodifiableEntrySet
1120:             5             80  java.util.EnumMap$EntrySet
1121:             5             80  java.util.Hashtable$EntrySet
1122:             2             80  java.util.Locale$Category
1123:             5             80  java.util.concurrent.atomic.AtomicMarkableReference
1124:             2             80  java.util.regex.Pattern$Loop
1125:             2             80  jdk.xml.internal.JdkXmlFeatures$XmlFeature
1126:             1             80  org.apache.catalina.startup.Tomcat$1
1127:             1             80  org.apache.catalina.webresources.StandardRoot
1128:             2             80  org.hibernate.validator.internal.metadata.core.AnnotationProcessingOptionsImpl
1129:             5             80  org.springframework.boot.context.properties.PropertyMapper$Source$$Lambda$295/690521419
1130:             2             80  org.springframework.boot.context.properties.bind.Binder$Context
1131:             2             80  org.springframework.context.event.SimpleApplicationEventMulticaster
1132:             1             80  org.springframework.context.support.PropertySourcesPlaceholderConfigurer
1133:             1             80  org.springframework.web.servlet.handler.BeanNameUrlHandlerMapping
1134:             1             80  org.springframework.web.servlet.mvc.method.annotation.ExceptionHandlerExceptionResolver
1135:             2             80  sun.management.MemoryManagerImpl
1136:             2             80  sun.misc.Cleaner
1137:             1             80  sun.net.www.protocol.jar.URLJarFile
1138:             1             72  [Ljava.lang.invoke.LambdaFormEditor$Transform$Kind;
1139:             1             72  [Ljavax.management.openmbean.SimpleType;
1140:             3             72  [Ljavax.validation.constraintvalidation.ValidationTarget;
1141:             2             72  [Lorg.springframework.boot.web.servlet.DispatcherType;
1142:             2             72  [Lsun.security.jca.ProviderConfig;
1143:             1             72  ch.qos.logback.core.ConsoleAppender
1144:             3             72  ch.qos.logback.core.pattern.FormatInfo
1145:             3             72  ch.qos.logback.core.spi.FilterReply
1146:             3             72  ch.qos.logback.core.subst.Tokenizer$TokenizerState
1147:             3             72  com.fasterxml.jackson.databind.PropertyName
1148:             3             72  com.fasterxml.jackson.databind.ser.std.NumberSerializer
1149:             3             72  com.fasterxml.jackson.datatype.jsr310.deser.JSR310StringParsableDeserializer
1150:             1             72  com.fasterxml.jackson.module.paramnames.ParameterNamesModule
1151:             3             72  java.lang.annotation.RetentionPolicy
1152:             3             72  java.security.SecurityPermission
1153:             3             72  java.time.format.ResolverStyle
1154:             3             72  java.util.Currency
1155:             1             72  java.util.ResourceBundle$RBClassLoader
1156:             3             72  java.util.logging.LogManager$5
1157:             1             72  java.util.logging.LogManager$RootLogger
1158:             3             72  java.util.regex.Pattern$Prolog
1159:             3             72  java.util.stream.Collector$Characteristics
1160:             3             72  java.util.stream.FindOps$FindSink$OfRef
1161:             3             72  java.util.stream.MatchOps$MatchKind
1162:             3             72  javax.servlet.SessionTrackingMode
1163:             3             72  javax.xml.transform.SecuritySupport$2
1164:             1             72  org.apache.catalina.core.StandardService
1165:             3             72  org.apache.tomcat.util.net.AbstractEndpoint$BindState
1166:             3             72  org.hibernate.validator.internal.metadata.raw.ConfigurationSource
1167:             3             72  org.hibernate.validator.internal.util.ConcurrentReferenceHashMap$ReferenceType
1168:             3             72  org.hibernate.validator.resourceloading.PlatformResourceBundleLocator
1169:             3             72  org.springframework.beans.factory.annotation.Autowire
1170:             3             72  org.springframework.beans.factory.config.EmbeddedValueResolver
1171:             3             72  org.springframework.beans.factory.config.YamlProcessor$ResolutionMethod
1172:             3             72  org.springframework.boot.Banner$Mode
1173:             1             72  org.springframework.boot.SpringApplication
1174:             3             72  org.springframework.boot.WebApplicationType
1175:             3             72  org.springframework.boot.ansi.AnsiOutput$Enabled
1176:             3             72  org.springframework.boot.autoconfigure.condition.ConditionalOnWebApplication$Type
1177:             3             72  org.springframework.boot.autoconfigure.condition.SearchStrategy
1178:             3             72  org.springframework.boot.autoconfigure.web.ErrorProperties$IncludeStacktrace
1179:             1             72  org.springframework.boot.autoconfigure.web.ServerProperties
1180:             3             72  org.springframework.boot.autoconfigure.web.servlet.WebMvcAutoConfiguration$WebMvcAutoConfigurationAdapter$$EnhancerBySpringCGLIB$$33e4a557$$FastClassBySpringCGLIB$$ffef651e
1181:             3             72  org.springframework.boot.autoconfigure.web.servlet.WebMvcAutoConfiguration$WebMvcAutoConfigurationAdapter$$FastClassBySpringCGLIB$$99958c00
1182:             1             72  org.springframework.boot.autoconfigure.web.servlet.WelcomePageHandlerMapping
1183:             3             72  org.springframework.boot.autoconfigure.web.servlet.error.ErrorMvcAutoConfiguration$$EnhancerBySpringCGLIB$$529f8f77$$FastClassBySpringCGLIB$$d3927251
1184:             3             72  org.springframework.boot.autoconfigure.web.servlet.error.ErrorMvcAutoConfiguration$$FastClassBySpringCGLIB$$75715220
1185:             3             72  org.springframework.boot.context.properties.source.ConfigurationPropertyState
1186:             1             72  org.springframework.boot.jackson.JsonComponentModule
1187:             3             72  org.springframework.boot.loader.jar.JarFile$JarFileType
1188:             3             72  org.springframework.boot.origin.TextResourceOrigin
1189:             3             72  org.springframework.boot.origin.TextResourceOrigin$Location
1190:             3             72  org.springframework.context.annotation.AnnotationScopeMetadataResolver
1191:             1             72  org.springframework.context.annotation.ClassPathBeanDefinitionScanner
1192:             3             72  org.springframework.core.NamedThreadLocal
1193:             3             72  org.springframework.core.env.MapPropertySource
1194:             3             72  org.springframework.core.env.MutablePropertySources
1195:             3             72  org.springframework.expression.spel.SpelCompilerMode
1196:             3             72  org.springframework.format.datetime.standard.DateTimeFormatterRegistrar$Type
1197:             3             72  org.springframework.jmx.support.RegistrationPolicy
1198:             3             72  org.springframework.util.LinkedCaseInsensitiveMap
1199:             3             72  org.springframework.web.context.support.ServletContextResource
1200:             3             72  org.springframework.web.method.support.HandlerMethodArgumentResolverComposite
1201:             3             72  org.springframework.web.servlet.mvc.method.annotation.RequestAttributeMethodArgumentResolver
1202:             3             72  org.springframework.web.servlet.mvc.method.annotation.SessionAttributeMethodArgumentResolver
1203:             3             72  org.yaml.snakeyaml.DumperOptions$FlowStyle
1204:             3             72  org.yaml.snakeyaml.DumperOptions$LineBreak
1205:             3             72  org.yaml.snakeyaml.introspector.BeanAccess
1206:             3             72  sun.misc.FloatingDecimal$ExceptionalBinaryToASCIIBuffer
1207:             3             72  sun.nio.ch.PipeImpl
1208:             3             72  sun.nio.ch.PipeImpl$Initializer
1209:             3             72  sun.nio.ch.WindowsSelectorImpl$FinishLock
1210:             3             72  sun.nio.ch.WindowsSelectorImpl$StartLock
1211:             3             72  sun.security.provider.PolicyFile$PolicyEntry
1212:             1             72  sun.util.locale.provider.JRELocaleProviderAdapter
1213:             2             64  [Lcom.sun.org.apache.xerces.internal.impl.XMLEntityManager$CharacterBuffer;
1214:             2             64  [Lcom.sun.org.apache.xerces.internal.utils.XMLSecurityPropertyManager$State;
1215:             2             64  [Ljava.lang.annotation.RetentionPolicy;
1216:             2             64  [Ljava.lang.invoke.LambdaFormEditor$Transform;
1217:             2             64  [Ljava.util.stream.Collector$Characteristics;
1218:             2             64  [Ljavax.servlet.SessionTrackingMode;
1219:             1             64  [Lorg.apache.catalina.LifecycleState;
1220:             3             64  [Lorg.apache.catalina.connector.Connector;
1221:             2             64  [Lorg.springframework.beans.factory.annotation.Autowire;
1222:             2             64  [Lorg.springframework.boot.autoconfigure.condition.ConditionalOnWebApplication$Type;
1223:             2             64  [Lorg.springframework.boot.autoconfigure.condition.SearchStrategy;
1224:             2             64  [Lorg.springframework.context.annotation.ScopedProxyMode;
1225:             2             64  [Lorg.springframework.format.datetime.standard.DateTimeFormatterRegistrar$Type;
1226:             2             64  [Lorg.yaml.snakeyaml.nodes.NodeId;
1227:             1             64  [Lsun.reflect.annotation.TypeAnnotation$TypeAnnotationTarget;
1228:             1             64  ch.qos.logback.classic.PatternLayout
1229:             2             64  ch.qos.logback.core.joran.spi.ConsoleTarget
1230:             2             64  ch.qos.logback.core.util.COWArrayList
1231:             2             64  ch.qos.logback.core.util.CachingDateFormatter
1232:             1             64  com.fasterxml.classmate.util.ResolvedTypeCache$CacheMap
1233:             2             64  com.fasterxml.jackson.core.io.SerializedString
1234:             2             64  com.fasterxml.jackson.databind.ser.std.NumberSerializers$DoubleSerializer
1235:             2             64  com.fasterxml.jackson.databind.ser.std.NumberSerializers$IntegerSerializer
1236:             2             64  com.fasterxml.jackson.databind.ser.std.NumberSerializers$LongSerializer
1237:             2             64  com.sun.jmx.mbeanserver.DefaultMXBeanMappingFactory$CollectionMapping
1238:             2             64  com.sun.org.apache.xalan.internal.utils.XMLSecurityPropertyManager$Property
1239:             1             64  com.sun.org.apache.xerces.internal.impl.XMLEntityScanner
1240:             2             64  com.sun.org.apache.xerces.internal.impl.dtd.XMLElementDecl
1241:             2             64  com.sun.org.apache.xerces.internal.jaxp.SAXParserFactoryImpl
1242:             2             64  com.sun.org.apache.xerces.internal.utils.XMLSecurityPropertyManager$Property
1243:             4             64  com.sun.proxy.$Proxy12
1244:             4             64  com.sun.proxy.$Proxy29
1245:             4             64  com.sun.proxy.$Proxy33
1246:             4             64  com.sun.proxy.$Proxy41
1247:             4             64  com.sun.proxy.$Proxy48
1248:             4             64  com.sun.proxy.$Proxy51
1249:             4             64  com.sun.proxy.$Proxy52
1250:             4             64  com.sun.proxy.$Proxy8
1251:             2             64  java.io.PrintStream
1252:             4             64  java.lang.ClassLoader$2
1253:             2             64  java.lang.ClassValue$Entry
1254:             2             64  java.lang.StringCoding$StringEncoder
1255:             2             64  java.lang.VirtualMachineError
1256:             2             64  java.lang.ref.ReferenceQueue$Null
1257:             2             64  java.lang.reflect.WeakCache$Factory
1258:             2             64  java.net.Inet6Address
1259:             2             64  java.net.Inet6Address$Inet6AddressHolder
1260:             2             64  java.security.BasicPermissionCollection
1261:             2             64  java.time.format.DateTimeFormatterBuilder$TextPrinterParser
1262:             2             64  java.time.temporal.IsoFields$Unit
1263:             4             64  java.util.Optional
1264:             2             64  java.util.Random
1265:             2             64  java.util.concurrent.CountDownLatch$Sync
1266:             1             64  org.apache.catalina.core.ApplicationContext
1267:             1             64  org.apache.catalina.loader.WebappLoader
1268:             1             64  org.apache.catalina.mapper.Mapper$ContextVersion
1269:             1             64  org.apache.catalina.servlets.DefaultServlet
1270:             1             64  org.apache.catalina.webresources.DirResourceSet
1271:             2             64  org.apache.logging.log4j.util.PropertiesUtil$Environment
1272:             1             64  org.springframework.aop.framework.ProxyFactory
1273:             4             64  org.springframework.beans.ExtendedBeanInfo$PropertyDescriptorComparator
1274:             1             64  org.springframework.beans.factory.config.DependencyDescriptor$1
1275:             2             64  org.springframework.beans.factory.support.BeanDefinitionValueResolver
1276:             1             64  org.springframework.beans.factory.support.DefaultListableBeanFactory$DependencyObjectProvider$2
1277:             1             64  org.springframework.beans.factory.support.DefaultListableBeanFactory$DependencyObjectProvider$3
1278:             1             64  org.springframework.beans.factory.support.DefaultListableBeanFactory$MultiElementDescriptor
1279:             1             64  org.springframework.boot.autoconfigure.web.servlet.WebMvcProperties
1280:             4             64  org.springframework.boot.context.properties.FilteredPropertySources$$Lambda$187/641853239
1281:             1             64  org.springframework.context.annotation.CommonAnnotationBeanPostProcessor
1282:             2             64  org.springframework.context.annotation.ConditionEvaluator$ConditionContextImpl
1283:             1             64  org.springframework.context.annotation.ConfigurationClassPostProcessor
1284:             4             64  org.springframework.core.convert.support.CollectionToArrayConverter
1285:             4             64  org.springframework.core.convert.support.CollectionToStringConverter
1286:             1             64  org.springframework.core.type.classreading.CachingMetadataReaderFactory$LocalResourceCache
1287:             2             64  org.springframework.core.type.filter.AnnotationTypeFilter
1288:             2             64  org.springframework.expression.spel.SpelParserConfiguration
1289:             4             64  org.springframework.format.datetime.DateFormatterRegistrar$CalendarToDateConverter
1290:             4             64  org.springframework.format.datetime.DateFormatterRegistrar$CalendarToLongConverter
1291:             4             64  org.springframework.format.datetime.DateFormatterRegistrar$DateToCalendarConverter
1292:             4             64  org.springframework.format.datetime.DateFormatterRegistrar$DateToLongConverter
1293:             4             64  org.springframework.format.datetime.DateFormatterRegistrar$LongToCalendarConverter
1294:             4             64  org.springframework.format.datetime.DateFormatterRegistrar$LongToDateConverter
1295:             2             64  org.springframework.web.context.support.StandardServletEnvironment
1296:             4             64  org.springframework.web.method.annotation.ModelMethodProcessor
1297:             2             64  org.springframework.web.servlet.config.annotation.ResourceHandlerRegistration
1298:             1             64  org.springframework.web.servlet.view.AbstractCachingViewResolver$2
1299:             4             64  sun.reflect.annotation.AnnotationInvocationHandler$1
1300:             1             56  [Lcom.fasterxml.jackson.annotation.JsonFormat$Shape;
1301:             1             56  [Lcom.sun.org.apache.xerces.internal.impl.XMLScanner$NameType;
1302:             1             56  [Lcom.sun.org.apache.xerces.internal.utils.XMLSecurityManager$Limit;
1303:             1             56  [Ljava.lang.Runnable;
1304:             1             56  [Ljava.text.Format;
1305:             1             56  [Ljava.util.Map;
1306:             3             56  [Lorg.springframework.context.annotation.ComponentScan$Filter;
1307:             1             56  [Lorg.yaml.snakeyaml.events.Event$ID;
1308:             1             56  [Lsun.util.logging.PlatformLogger$Level;
1309:             1             56  [[I
1310:             1             56  ch.qos.logback.classic.encoder.PatternLayoutEncoder
1311:             1             56  com.fasterxml.classmate.types.ResolvedObjectType
1312:             1             56  com.fasterxml.jackson.datatype.jsr310.ser.ZonedDateTimeSerializer
1313:             1             56  com.sun.org.apache.xerces.internal.jaxp.SAXParserImpl
1314:             1             56  java.util.logging.LogManager
1315:             1             56  java.util.zip.ZipFile$ZipFileInflaterInputStream
1316:             1             56  org.apache.catalina.valves.ErrorReportValve
1317:             1             56  org.apache.catalina.webresources.Cache
1318:             1             56  org.apache.coyote.RequestGroupInfo
1319:             1             56  org.apache.tomcat.util.net.NioSelectorPool
1320:             1             56  org.apache.tomcat.util.scan.StandardJarScanFilter
1321:             1             56  org.apache.tomcat.util.threads.TaskQueue
1322:             1             56  org.hibernate.validator.internal.engine.ValidatorFactoryImpl
1323:             1             56  org.hibernate.validator.internal.xml.config.BootstrapConfigurationImpl
1324:             1             56  org.springframework.boot.autoconfigure.jackson.JacksonProperties
1325:             1             56  org.springframework.boot.autoconfigure.web.ResourceProperties$Cache$Cachecontrol
1326:             1             56  org.springframework.boot.autoconfigure.web.servlet.DispatcherServletRegistrationBean
1327:             1             56  org.springframework.boot.autoconfigure.web.servlet.WebMvcAutoConfiguration$WebMvcAutoConfigurationAdapter$$EnhancerBySpringCGLIB$$33e4a557
1328:             1             56  org.springframework.expression.spel.support.StandardEvaluationContext
1329:             1             56  org.springframework.http.CacheControl
1330:             1             56  org.springframework.util.StopWatch
1331:             1             56  org.springframework.validation.beanvalidation.LocalValidatorFactoryBean
1332:             1             56  org.springframework.validation.beanvalidation.MethodValidationPostProcessor
1333:             1             56  org.springframework.web.servlet.view.ContentNegotiatingViewResolver
1334:             1             56  sun.nio.cs.ext.DoubleByte$Decoder
1335:             3             48  [Lcom.fasterxml.classmate.ResolvedType;
1336:             1             48  [Lcom.fasterxml.jackson.annotation.JsonInclude$Include;
1337:             3             48  [Lcom.fasterxml.jackson.databind.JavaType;
1338:             1             48  [Lcom.sun.beans.util.Cache$CacheEntry;
1339:             1             48  [Lcom.sun.management.VMOption$Origin;
1340:             1             48  [Ljava.beans.WeakIdentityMap$Entry;
1341:             1             48  [Ljava.lang.invoke.MethodHandleImpl$Intrinsic;
1342:             1             48  [Ljava.math.RoundingMode;
1343:             1             48  [Ljava.util.concurrent.TimeUnit;
1344:             3             48  [Lorg.apache.catalina.mapper.Mapper$MappedWrapper;
1345:             2             48  [Lorg.hibernate.validator.internal.util.ConcurrentReferenceHashMap$Option;
1346:             2             48  [Lorg.springframework.boot.context.properties.source.ConfigurationPropertySource;
1347:             1             48  [Lorg.springframework.cglib.proxy.CallbackInfo;
1348:             2             48  [Lorg.springframework.context.annotation.MBeanExportConfiguration$SpecificPlatform;
1349:             1             48  [[Ljava.lang.Object;
1350:             1             48  ch.qos.logback.classic.pattern.DateConverter
1351:             3             48  ch.qos.logback.core.spi.LogbackLock
1352:             2             48  ch.qos.logback.core.subst.Node$Type
1353:             1             48  com.fasterxml.jackson.databind.cfg.ConfigOverride$Empty
1354:             2             48  com.fasterxml.jackson.databind.introspect.AnnotationIntrospectorPair
1355:             2             48  com.fasterxml.jackson.databind.ser.std.BooleanSerializer
1356:             1             48  com.fasterxml.jackson.databind.util.StdDateFormat
1357:             1             48  com.fasterxml.jackson.datatype.jsr310.ser.InstantSerializer
1358:             1             48  com.fasterxml.jackson.datatype.jsr310.ser.OffsetDateTimeSerializer
1359:             2             48  com.sun.jmx.mbeanserver.ClassLoaderRepositorySupport$LoaderEntry
1360:             1             48  com.sun.jmx.mbeanserver.DefaultMXBeanMappingFactory$Mappings
1361:             1             48  com.sun.jmx.mbeanserver.MBeanIntrospector$MBeanInfoMap
1362:             1             48  com.sun.jmx.mbeanserver.MBeanIntrospector$PerInterfaceMap
1363:             2             48  com.sun.jmx.mbeanserver.WeakIdentityHashMap
1364:             2             48  com.sun.org.apache.xerces.internal.impl.dtd.DTDGrammarBucket
1365:             2             48  com.sun.org.apache.xerces.internal.impl.dtd.XMLAttributeDecl
1366:             3             48  com.sun.org.apache.xerces.internal.impl.dv.dtd.ListDatatypeValidator
1367:             1             48  com.sun.org.apache.xerces.internal.util.XMLAttributesImpl
1368:             3             48  com.sun.proxy.$Proxy42
1369:             2             48  java.io.BufferedOutputStream
1370:             1             48  java.io.Console
1371:             1             48  java.io.Console$3
1372:             1             48  java.io.Console$LineReader
1373:             2             48  java.io.File$PathStatus
1374:             2             48  java.io.OutputStreamWriter
1375:             1             48  java.lang.ProcessEnvironment
1376:             1             48  java.lang.invoke.BoundMethodHandle$Species_L4
1377:             2             48  java.lang.reflect.ReflectPermission
1378:             2             48  java.net.InetAddress$Cache
1379:             2             48  java.net.InetAddress$Cache$Type
1380:             2             48  java.net.InetAddress$CacheEntry
1381:             2             48  java.net.StandardProtocolFamily
1382:             3             48  java.nio.channels.spi.AbstractSelector$1
1383:             2             48  java.nio.charset.CoderResult
1384:             3             48  java.nio.charset.CodingErrorAction
1385:             3             48  java.text.AttributedCharacterIterator$Attribute
1386:             2             48  java.time.format.DateTimeFormatterBuilder$1
1387:             3             48  java.time.format.DateTimeFormatterBuilder$StringLiteralPrinterParser
1388:             2             48  java.time.format.DateTimeFormatterBuilder$ZoneIdPrinterParser
1389:             2             48  java.time.format.DateTimeTextProvider$LocaleStore
1390:             2             48  java.util.Collections$UnmodifiableMap$UnmodifiableEntrySet$1
1391:             3             48  java.util.Hashtable$KeySet
1392:             3             48  java.util.concurrent.ConcurrentHashMap$ValuesView
1393:             1             48  java.util.concurrent.ConcurrentSkipListMap
1394:             1             48  java.util.concurrent.locks.ReentrantReadWriteLock$FairSync
1395:             2             48  java.util.logging.Logger$LoggerBundle
1396:             2             48  java.util.regex.Pattern$SliceI
1397:             2             48  java.util.stream.MatchOps$$Lambda$58/668849042
1398:             2             48  java.util.stream.MatchOps$1MatchSink
1399:             2             48  java.util.stream.MatchOps$MatchOp
1400:             2             48  javax.el.ExpressionFactory$CacheValue
1401:             2             48  javax.el.Util$CacheValue
1402:             2             48  javax.validation.constraintvalidation.ValidationTarget
1403:             3             48  javax.xml.transform.FactoryFinder$1
1404:             3             48  javax.xml.transform.SecuritySupport$1
1405:             1             48  org.apache.catalina.core.DefaultInstanceManager
1406:             1             48  org.apache.catalina.core.StandardContextValve
1407:             1             48  org.apache.catalina.core.StandardEngineValve
1408:             1             48  org.apache.catalina.core.StandardHostValve
1409:             2             48  org.apache.catalina.core.StandardWrapperFacade
1410:             1             48  org.apache.catalina.mapper.MapperListener
1411:             3             48  org.apache.catalina.realm.RealmBase$AllRolesMode
1412:             1             48  org.apache.catalina.startup.Tomcat
1413:             1             48  org.apache.catalina.util.StandardSessionIdGenerator
1414:             2             48  org.apache.catalina.util.URLEncoder
1415:             1             48  org.apache.logging.log4j.simple.SimpleLogger
1416:             1             48  org.apache.logging.log4j.status.StatusLogger
1417:             1             48  org.apache.logging.slf4j.SLF4JProvider
1418:             1             48  org.apache.tomcat.util.digester.CallMethodRule
1419:             1             48  org.hibernate.validator.internal.engine.ValidatorFactoryImpl$ValidatorFactoryScopedContext
1420:             1             48  org.hibernate.validator.internal.engine.ValidatorImpl
1421:             1             48  org.hibernate.validator.internal.metadata.BeanMetaDataManager
1422:             2             48  org.hibernate.validator.internal.metadata.descriptor.ConstraintDescriptorImpl$ConstraintType
1423:             1             48  org.hibernate.validator.messageinterpolation.ResourceBundleMessageInterpolator
1424:             1             48  org.springframework.beans.factory.annotation.AutowiredAnnotationBeanPostProcessor
1425:             3             48  org.springframework.boot.autoconfigure.cache.CacheCondition
1426:             2             48  org.springframework.boot.autoconfigure.condition.OnResourceCondition
1427:             2             48  org.springframework.boot.autoconfigure.freemarker.FreeMarkerTemplateAvailabilityProvider
1428:             2             48  org.springframework.boot.autoconfigure.groovy.template.GroovyTemplateAvailabilityProvider
1429:             2             48  org.springframework.boot.autoconfigure.http.HttpEncodingProperties$Type
1430:             2             48  org.springframework.boot.autoconfigure.template.TemplateAvailabilityProviders
1431:             1             48  org.springframework.boot.autoconfigure.web.ServerProperties$Jetty$Accesslog
1432:             1             48  org.springframework.boot.autoconfigure.web.ServerProperties$Undertow
1433:             1             48  org.springframework.boot.autoconfigure.web.servlet.DispatcherServletAutoConfiguration$DispatcherServletRegistrationConfiguration$$EnhancerBySpringCGLIB$$d8faae62
1434:             2             48  org.springframework.boot.autoconfigure.web.servlet.HttpEncodingAutoConfiguration$$EnhancerBySpringCGLIB$$fa484094$$FastClassBySpringCGLIB$$2a1a12d2
1435:             2             48  org.springframework.boot.autoconfigure.web.servlet.HttpEncodingAutoConfiguration$$FastClassBySpringCGLIB$$8e591c9d
1436:             2             48  org.springframework.boot.autoconfigure.web.servlet.MultipartAutoConfiguration$$EnhancerBySpringCGLIB$$6938c8a1$$FastClassBySpringCGLIB$$49503cbc
1437:             2             48  org.springframework.boot.autoconfigure.web.servlet.MultipartAutoConfiguration$$FastClassBySpringCGLIB$$e81ad00a
1438:             2             48  org.springframework.boot.autoconfigure.web.servlet.ServletWebServerFactoryAutoConfiguration$$EnhancerBySpringCGLIB$$16acb155$$FastClassBySpringCGLIB$$1888631
1439:             2             48  org.springframework.boot.autoconfigure.web.servlet.ServletWebServerFactoryAutoConfiguration$$FastClassBySpringCGLIB$$36b2d63e
1440:             2             48  org.springframework.boot.autoconfigure.web.servlet.WebMvcAutoConfiguration$$EnhancerBySpringCGLIB$$5b35c869$$FastClassBySpringCGLIB$$a65d6bce
1441:             2             48  org.springframework.boot.autoconfigure.web.servlet.WebMvcAutoConfiguration$$FastClassBySpringCGLIB$$1a49ed2
1442:             2             48  org.springframework.boot.autoconfigure.web.servlet.WebMvcAutoConfiguration$WebMvcAutoConfigurationAdapter$FaviconConfiguration$$EnhancerBySpringCGLIB$$f021ad9d$$FastClassBySpringCGLIB$$7cf129ea
1443:             2             48  org.springframework.boot.autoconfigure.web.servlet.WebMvcAutoConfiguration$WebMvcAutoConfigurationAdapter$FaviconConfiguration$$FastClassBySpringCGLIB$$63819186
1444:             2             48  org.springframework.boot.autoconfigure.web.servlet.WebMvcProperties$LocaleResolver
1445:             1             48  org.springframework.boot.autoconfigure.web.servlet.error.ErrorMvcAutoConfiguration$$EnhancerBySpringCGLIB$$529f8f77
1446:             2             48  org.springframework.boot.autoconfigure.web.servlet.error.ErrorMvcAutoConfiguration$WhitelabelErrorViewConfiguration$$EnhancerBySpringCGLIB$$31d375ef$$FastClassBySpringCGLIB$$4113aa4d
1447:             2             48  org.springframework.boot.autoconfigure.web.servlet.error.ErrorMvcAutoConfiguration$WhitelabelErrorViewConfiguration$$FastClassBySpringCGLIB$$aa49e198
1448:             3             48  org.springframework.boot.context.properties.PropertyMapper$NullPointerExceptionSafeSupplier
1449:             2             48  org.springframework.boot.context.properties.bind.BindConverter$TypeConverterConversionService
1450:             2             48  org.springframework.boot.context.properties.source.ConfigurationPropertyName$Form
1451:             2             48  org.springframework.boot.context.properties.source.SpringConfigurationPropertySource
1452:             2             48  org.springframework.boot.context.properties.source.SpringConfigurationPropertySources
1453:             3             48  org.springframework.boot.convert.ArrayToDelimitedStringConverter
1454:             3             48  org.springframework.boot.convert.DelimitedStringToArrayConverter
1455:             3             48  org.springframework.boot.convert.DelimitedStringToCollectionConverter
1456:             3             48  org.springframework.boot.loader.LaunchedURLClassLoader$UseFastConnectionExceptionsEnumeration
1457:             1             48  org.springframework.boot.logging.logback.ExtendedWhitespaceThrowableProxyConverter
1458:             2             48  org.springframework.boot.origin.OriginTrackedValue$OriginTrackedCharSequence
1459:             1             48  org.springframework.boot.web.embedded.tomcat.LazySessionIdGenerator
1460:             1             48  org.springframework.boot.web.servlet.filter.OrderedCharacterEncodingFilter
1461:             1             48  org.springframework.boot.web.servlet.filter.OrderedHiddenHttpMethodFilter
1462:             1             48  org.springframework.boot.web.servlet.filter.OrderedHttpPutFormContentFilter
1463:             1             48  org.springframework.boot.web.servlet.filter.OrderedRequestContextFilter
1464:             3             48  org.springframework.cglib.core.AbstractClassGenerator$Source
1465:             3             48  org.springframework.context.annotation.AnnotationBeanNameGenerator
1466:             2             48  org.springframework.context.annotation.ConfigurationCondition$ConfigurationPhase
1467:             2             48  org.springframework.context.support.ApplicationListenerDetector
1468:             2             48  org.springframework.core.Constants
1469:             2             48  org.springframework.core.ResolvableType$SyntheticParameterizedType
1470:             2             48  org.springframework.core.ResolvableType$TypeVariablesVariableResolver
1471:             2             48  org.springframework.core.ResolvableType$WildcardBounds$Kind
1472:             2             48  org.springframework.core.convert.support.ArrayToArrayConverter
1473:             3             48  org.springframework.core.env.AbstractPropertyResolver$$Lambda$80/392292416
1474:             2             48  org.springframework.core.io.UrlResource
1475:             1             48  org.springframework.core.task.SimpleAsyncTaskExecutor
1476:             2             48  org.springframework.core.type.classreading.CachingMetadataReaderFactory
1477:             2             48  org.springframework.expression.TypedValue
1478:             2             48  org.springframework.util.ConcurrentReferenceHashMap$ReferenceType
1479:             2             48  org.springframework.util.ConcurrentReferenceHashMap$Restructure
1480:             1             48  org.springframework.web.accept.ContentNegotiationManagerFactoryBean
1481:             2             48  org.springframework.web.method.annotation.ExpressionValueMethodArgumentResolver
1482:             3             48  org.springframework.web.method.annotation.MapMethodProcessor
1483:             2             48  org.springframework.web.method.support.HandlerMethodReturnValueHandlerComposite
1484:             2             48  org.springframework.web.servlet.handler.AbstractHandlerMethodMapping$$Lambda$290/510854293
1485:             2             48  org.springframework.web.servlet.handler.AbstractHandlerMethodMapping$$Lambda$293/1989335500
1486:             2             48  org.springframework.web.servlet.mvc.condition.ProducesRequestCondition$ProduceMediaTypeExpression
1487:             2             48  org.springframework.web.servlet.mvc.method.annotation.MatrixVariableMethodArgumentResolver
1488:             2             48  org.springframework.web.servlet.mvc.method.annotation.PathVariableMethodArgumentResolver
1489:             2             48  org.springframework.web.servlet.mvc.method.annotation.ServletModelAttributeMethodProcessor
1490:             3             48  org.springframework.web.servlet.mvc.method.annotation.ServletRequestMethodArgumentResolver
1491:             3             48  org.springframework.web.servlet.mvc.method.annotation.ServletResponseMethodArgumentResolver
1492:             2             48  sun.management.ManagementFactoryHelper$1
1493:             2             48  sun.misc.NativeSignalHandler
1494:             2             48  sun.misc.ProxyGenerator$ConstantPool
1495:             2             48  sun.misc.Signal
1496:             3             48  sun.net.www.protocol.file.Handler
1497:             3             48  sun.net.www.protocol.jar.Handler
1498:             3             48  sun.nio.ch.PipeImpl$Initializer$LoopbackConnector
1499:             3             48  sun.nio.ch.Util$3
1500:             1             48  sun.nio.cs.StreamDecoder
1501:             2             48  sun.nio.cs.ext.EUC_KR
1502:             2             48  sun.nio.cs.ext.JIS_X_0208_MS5022X
1503:             2             48  sun.nio.cs.ext.JIS_X_0212_MS5022X
1504:             2             48  sun.security.jca.ProviderList
1505:             2             48  sun.security.jca.ProviderList$3
1506:             1             48  sun.text.resources.FormatData
1507:             1             48  sun.text.resources.en.FormatData_en
1508:             1             48  sun.text.resources.en.FormatData_en_US
1509:             1             48  sun.text.resources.zh.FormatData_zh
1510:             1             48  sun.text.resources.zh.FormatData_zh_CN
1511:             1             48  sun.util.resources.CalendarData
1512:             1             48  sun.util.resources.CurrencyNames
1513:             1             48  sun.util.resources.TimeZoneNames
1514:             1             48  sun.util.resources.en.CalendarData_en
1515:             1             48  sun.util.resources.en.CurrencyNames_en_US
1516:             1             48  sun.util.resources.en.TimeZoneNames_en
1517:             1             48  sun.util.resources.zh.CalendarData_zh
1518:             1             48  sun.util.resources.zh.CurrencyNames_zh_CN
1519:             1             40  [Lch.qos.logback.core.pattern.parser.TokenStream$TokenizerState;
1520:             1             40  [Lch.qos.logback.core.subst.Token$Type;
1521:             1             40  [Lcom.fasterxml.jackson.annotation.JsonAutoDetect$Visibility;
1522:             1             40  [Lcom.fasterxml.jackson.annotation.Nulls;
1523:             1             40  [Lcom.fasterxml.jackson.core.JsonParser$NumberType;
1524:             2             40  [Lcom.sun.jmx.mbeanserver.ClassLoaderRepositorySupport$LoaderEntry;
1525:             1             40  [Lcom.sun.org.apache.xerces.internal.util.Status;
1526:             2             40  [Ljava.beans.PropertyChangeListener;
1527:             1             40  [Ljava.lang.management.MemoryPoolMXBean;
1528:             1             40  [Ljava.time.format.SignStyle;
1529:             1             40  [Ljava.time.format.TextStyle;
1530:             1             40  [Ljava.util.stream.StreamOpFlag;
1531:             1             40  [Lorg.apache.tomcat.util.descriptor.web.FilterMap;
1532:             1             40  [Lorg.hibernate.validator.internal.metadata.raw.ConstrainedElement$ConstrainedElementKind;
1533:             1             40  [Lorg.jboss.logging.Logger$Level;
1534:             1             40  [Lorg.springframework.boot.ansi.AnsiStyle;
1535:             2             40  [Lorg.springframework.core.annotation.AnnotationAttributes;
1536:             1             40  [Lorg.yaml.snakeyaml.DumperOptions$ScalarStyle;
1537:             1             40  [Lsun.nio.fs.WindowsPathType;
1538:             1             40  [Lsun.util.locale.provider.LocaleProviderAdapter$Type;
1539:             1             40  [[Ljava.lang.invoke.LambdaForm$Name;
1540:             1             40  ch.qos.logback.classic.pattern.LoggerConverter
1541:             1             40  ch.qos.logback.core.BasicStatusManager
1542:             1             40  ch.qos.logback.core.status.WarnStatus
1543:             1             40  com.fasterxml.jackson.annotation.JsonFormat$Value
1544:             1             40  com.sun.beans.finder.MethodFinder$1
1545:             1             40  com.sun.jmx.interceptor.DefaultMBeanServerInterceptor
1546:             1             40  com.sun.jmx.mbeanserver.JmxMBeanServer
1547:             1             40  com.sun.jmx.mbeanserver.MBeanServerDelegateImpl
1548:             1             40  com.sun.org.apache.xerces.internal.impl.XMLEntityManager$CharacterBufferPool
1549:             1             40  com.sun.org.apache.xerces.internal.impl.XMLErrorReporter
1550:             1             40  com.sun.org.apache.xerces.internal.impl.XMLVersionDetector
1551:             1             40  com.sun.org.apache.xerces.internal.util.SymbolTable
1552:             1             40  com.sun.org.apache.xerces.internal.utils.XMLLimitAnalyzer
1553:             1             40  com.sun.org.apache.xerces.internal.utils.XMLSecurityManager
1554:             1             40  com.sun.xml.internal.stream.XMLEntityStorage
1555:             1             40  java.beans.WeakIdentityMap$Entry
1556:             1             40  java.io.BufferedInputStream
1557:             1             40  java.text.MessageFormat
1558:             1             40  java.time.format.DateTimeFormatterBuilder
1559:             1             40  java.time.zone.ZoneRules
1560:             1             40  java.util.ResourceBundle$1
1561:             1             40  java.util.regex.Pattern$LazyLoop
1562:             1             40  javax.servlet.MultipartConfigElement
1563:             1             40  org.apache.catalina.core.ApplicationSessionCookieConfig
1564:             1             40  org.apache.catalina.mbeans.ConnectorMBean
1565:             1             40  org.apache.catalina.mbeans.ServiceMBean
1566:             1             40  org.apache.catalina.realm.MessageDigestCredentialHandler
1567:             1             40  org.apache.coyote.AbstractProtocol$RecycledProcessors
1568:             1             40  org.apache.tomcat.util.modeler.Registry
1569:             1             40  org.hibernate.validator.internal.engine.ValidationContext$ValidatorScopedContext
1570:             1             40  org.hibernate.validator.internal.engine.constraintvalidation.ConstraintValidatorManager
1571:             1             40  org.slf4j.bridge.SLF4JBridgeHandler
1572:             1             40  org.springframework.boot.autoconfigure.http.HttpMessageConvertersAutoConfiguration$$EnhancerBySpringCGLIB$$41275586
1573:             1             40  org.springframework.boot.autoconfigure.http.HttpMessageConvertersAutoConfiguration$StringHttpMessageConverterConfiguration$$EnhancerBySpringCGLIB$$74351c26
1574:             1             40  org.springframework.boot.autoconfigure.info.ProjectInfoAutoConfiguration$$EnhancerBySpringCGLIB$$62ed970b
1575:             1             40  org.springframework.boot.autoconfigure.jackson.JacksonAutoConfiguration$JacksonObjectMapperBuilderConfiguration$$EnhancerBySpringCGLIB$$34d3cb9c
1576:             1             40  org.springframework.boot.autoconfigure.jmx.JmxAutoConfiguration$$EnhancerBySpringCGLIB$$a65ef90e
1577:             1             40  org.springframework.boot.autoconfigure.web.ServerProperties$Servlet
1578:             1             40  org.springframework.boot.autoconfigure.web.ServerProperties$Tomcat$Accesslog
1579:             1             40  org.springframework.boot.autoconfigure.web.client.RestTemplateAutoConfiguration$$EnhancerBySpringCGLIB$$c2098373
1580:             1             40  org.springframework.boot.autoconfigure.web.format.WebConversionService
1581:             1             40  org.springframework.boot.autoconfigure.web.servlet.DispatcherServletAutoConfiguration$DispatcherServletConfiguration$$EnhancerBySpringCGLIB$$76f319bb
1582:             1             40  org.springframework.boot.autoconfigure.web.servlet.HttpEncodingAutoConfiguration$$EnhancerBySpringCGLIB$$fa484094
1583:             1             40  org.springframework.boot.autoconfigure.web.servlet.MultipartAutoConfiguration$$EnhancerBySpringCGLIB$$6938c8a1
1584:             1             40  org.springframework.boot.autoconfigure.web.servlet.WebMvcAutoConfiguration$WebMvcAutoConfigurationAdapter$FaviconConfiguration$$EnhancerBySpringCGLIB$$f021ad9d
1585:             1             40  org.springframework.boot.autoconfigure.web.servlet.error.ErrorMvcAutoConfiguration$DefaultErrorViewResolverConfiguration$$EnhancerBySpringCGLIB$$67346417
1586:             1             40  org.springframework.boot.autoconfigure.web.servlet.error.ErrorMvcAutoConfiguration$WhitelabelErrorViewConfiguration$$EnhancerBySpringCGLIB$$31d375ef
1587:             1             40  org.springframework.boot.context.properties.ConfigurationPropertiesBinder
1588:             1             40  org.springframework.boot.web.servlet.server.Session
1589:             1             40  org.springframework.boot.web.servlet.server.Session$Cookie
1590:             1             40  org.springframework.context.annotation.ConfigurationClassBeanDefinitionReader
1591:             1             40  org.springframework.context.expression.StandardBeanExpressionResolver
1592:             1             40  org.springframework.core.convert.Property
1593:             1             40  org.springframework.expression.spel.support.ReflectivePropertyAccessor
1594:             1             40  org.springframework.jndi.support.SimpleJndiBeanFactory
1595:             1             40  org.springframework.ui.context.support.ResourceBundleThemeSource
1596:             1             40  org.springframework.util.ConcurrentReferenceHashMap$EntryIterator
1597:             1             40  org.springframework.web.bind.support.ConfigurableWebBindingInitializer
1598:             1             40  org.springframework.web.cors.CorsConfiguration
1599:             1             40  org.springframework.web.servlet.config.annotation.ResourceHandlerRegistry
1600:             1             40  org.springframework.web.servlet.handler.AbstractHandlerMethodMapping$MappingRegistry
1601:             1             40  org.springframework.web.servlet.mvc.annotation.ResponseStatusExceptionResolver
1602:             1             40  org.springframework.web.servlet.mvc.support.DefaultHandlerExceptionResolver
1603:             1             40  sun.management.DiagnosticCommandImpl
1604:             1             40  sun.nio.cs.StandardCharsets$Aliases
1605:             1             40  sun.nio.cs.StandardCharsets$Cache
1606:             1             40  sun.nio.cs.StandardCharsets$Classes
1607:             1             40  sun.nio.cs.ext.ExtendedCharsets
1608:             1             32  [Lch.qos.logback.core.spi.FilterReply;
1609:             1             32  [Lch.qos.logback.core.subst.Tokenizer$TokenizerState;
1610:             1             32  [Lcom.fasterxml.jackson.annotation.JsonCreator$Mode;
1611:             1             32  [Lcom.fasterxml.jackson.core.JsonFactory$Feature;
1612:             1             32  [Lcom.sun.beans.util.Cache$Kind;
1613:             1             32  [Lcom.sun.org.apache.xerces.internal.utils.XMLSecurityManager$NameMap;
1614:             2             32  [Ljava.lang.Enum;
1615:             1             32  [Ljava.lang.OutOfMemoryError;
1616:             2             32  [Ljava.lang.StackTraceElement;
1617:             1             32  [Ljava.lang.ThreadGroup;
1618:             1             32  [Ljava.lang.management.MemoryManagerMXBean;
1619:             1             32  [Ljava.time.format.DateTimeFormatterBuilder$SettingsParser;
1620:             1             32  [Ljava.time.format.FormatStyle;
1621:             1             32  [Ljava.time.format.ResolverStyle;
1622:             1             32  [Ljava.time.temporal.IsoFields$Field;
1623:             1             32  [Ljava.util.stream.MatchOps$MatchKind;
1624:             1             32  [Ljava.util.stream.StreamShape;
1625:             1             32  [Lorg.apache.commons.logging.LogFactory$LogApi;
1626:             1             32  [Lorg.apache.tomcat.util.net.AbstractEndpoint$Acceptor$AcceptorState;
1627:             1             32  [Lorg.apache.tomcat.util.net.AbstractEndpoint$BindState;
1628:             1             32  [Lorg.hibernate.validator.internal.metadata.raw.ConfigurationSource;
1629:             1             32  [Lorg.hibernate.validator.internal.util.ConcurrentReferenceHashMap$ReferenceType;
1630:             1             32  [Lorg.springframework.beans.factory.config.YamlProcessor$ResolutionMethod;
1631:             1             32  [Lorg.springframework.boot.Banner$Mode;
1632:             1             32  [Lorg.springframework.boot.WebApplicationType;
1633:             1             32  [Lorg.springframework.boot.ansi.AnsiOutput$Enabled;
1634:             1             32  [Lorg.springframework.boot.autoconfigure.web.ErrorProperties$IncludeStacktrace;
1635:             1             32  [Lorg.springframework.boot.cloud.CloudPlatform;
1636:             1             32  [Lorg.springframework.boot.context.properties.source.ConfigurationPropertyState;
1637:             1             32  [Lorg.springframework.boot.loader.jar.JarFile$JarFileType;
1638:             1             32  [Lorg.springframework.boot.web.servlet.ServletContextInitializer;
1639:             1             32  [Lorg.springframework.cglib.proxy.Callback;
1640:             1             32  [Lorg.springframework.expression.spel.SpelCompilerMode;
1641:             2             32  [Lorg.springframework.http.converter.HttpMessageConverter;
1642:             1             32  [Lorg.springframework.jmx.support.RegistrationPolicy;
1643:             1             32  [Lorg.yaml.snakeyaml.DumperOptions$FlowStyle;
1644:             1             32  [Lorg.yaml.snakeyaml.DumperOptions$LineBreak;
1645:             1             32  [Lorg.yaml.snakeyaml.introspector.BeanAccess;
1646:             1             32  [Lsun.nio.fs.NativeBuffer;
1647:             2             32  [Lsun.reflect.annotation.TypeAnnotation;
1648:             1             32  ch.qos.logback.classic.jul.LevelChangePropagator
1649:             1             32  ch.qos.logback.classic.pattern.LevelConverter
1650:             1             32  ch.qos.logback.classic.pattern.LineSeparatorConverter
1651:             1             32  ch.qos.logback.classic.pattern.MessageConverter
1652:             1             32  ch.qos.logback.classic.pattern.ThreadConverter
1653:             1             32  ch.qos.logback.classic.spi.LoggerContextVO
1654:             1             32  ch.qos.logback.core.helpers.CyclicBuffer
1655:             1             32  com.fasterxml.classmate.TypeBindings
1656:             1             32  com.fasterxml.jackson.annotation.JsonInclude$Value
1657:             2             32  com.fasterxml.jackson.databind.ObjectMapper$1
1658:             1             32  com.fasterxml.jackson.databind.introspect.VisibilityChecker$Std
1659:             2             32  com.fasterxml.jackson.databind.node.JsonNodeFactory
1660:             1             32  com.fasterxml.jackson.databind.ser.std.CalendarSerializer
1661:             1             32  com.fasterxml.jackson.databind.ser.std.DateSerializer
1662:             1             32  com.fasterxml.jackson.databind.ser.std.NumberSerializers$FloatSerializer
1663:             1             32  com.fasterxml.jackson.databind.ser.std.NumberSerializers$IntLikeSerializer
1664:             1             32  com.fasterxml.jackson.databind.ser.std.NumberSerializers$ShortSerializer
1665:             1             32  com.fasterxml.jackson.databind.type.TypeBindings
1666:             1             32  com.fasterxml.jackson.datatype.jsr310.ser.DurationSerializer
1667:             1             32  com.fasterxml.jackson.datatype.jsr310.ser.LocalDateSerializer
1668:             1             32  com.fasterxml.jackson.datatype.jsr310.ser.LocalDateTimeSerializer
1669:             1             32  com.fasterxml.jackson.datatype.jsr310.ser.LocalTimeSerializer
1670:             1             32  com.fasterxml.jackson.datatype.jsr310.ser.MonthDaySerializer
1671:             1             32  com.fasterxml.jackson.datatype.jsr310.ser.OffsetTimeSerializer
1672:             1             32  com.fasterxml.jackson.datatype.jsr310.ser.YearMonthSerializer
1673:             1             32  com.fasterxml.jackson.datatype.jsr310.ser.YearSerializer
1674:             2             32  com.sun.beans.WeakCache
1675:             1             32  com.sun.beans.finder.BeanInfoFinder
1676:             1             32  com.sun.jmx.mbeanserver.Repository
1677:             2             32  com.sun.org.apache.xerces.internal.impl.XMLDocumentScannerImpl$PrologDriver
1678:             2             32  com.sun.org.apache.xerces.internal.impl.XMLDocumentScannerImpl$TrailingMiscDriver
1679:             2             32  com.sun.org.apache.xerces.internal.impl.XMLDocumentScannerImpl$XMLDeclDriver
1680:             1             32  com.sun.org.apache.xerces.internal.impl.XMLEntityScanner$1
1681:             2             32  com.sun.org.apache.xerces.internal.impl.dv.dtd.ENTITYDatatypeValidator
1682:             1             32  com.sun.org.apache.xerces.internal.util.NamespaceSupport
1683:             2             32  com.sun.proxy.$Proxy16
1684:             2             32  com.sun.proxy.$Proxy19
1685:             2             32  com.sun.proxy.$Proxy27
1686:             2             32  com.sun.proxy.$Proxy28
1687:             2             32  com.sun.proxy.$Proxy45
1688:             2             32  com.sun.proxy.$Proxy55
1689:             1             32  io.github.kimmking.gateway.server.ApiServerApplication$$EnhancerBySpringCGLIB$$d090b975
1690:             1             32  java.beans.PropertyChangeEvent
1691:             1             32  java.beans.ThreadGroupContext
1692:             1             32  java.beans.ThreadGroupContext$1
1693:             1             32  java.io.FileNotFoundException
1694:             1             32  java.io.RandomAccessFile
1695:             1             32  java.io.WinNTFileSystem
1696:             1             32  java.lang.ArithmeticException
1697:             1             32  java.lang.ArrayIndexOutOfBoundsException
1698:             1             32  java.lang.ClassCastException
1699:             2             32  java.lang.ClassLoader$3
1700:             1             32  java.lang.IllegalStateException
1701:             1             32  java.lang.NullPointerException
1702:             2             32  java.lang.Shutdown$Lock
1703:             2             32  java.lang.invoke.$Proxy62
1704:             1             32  java.lang.reflect.WeakCache
1705:             2             32  java.nio.ByteOrder
1706:             1             32  java.nio.DirectByteBuffer$Deallocator
1707:             2             32  java.security.AllPermission
1708:             1             32  java.text.DontCareFieldPosition
1709:             1             32  java.time.format.DateTimeFormatterBuilder$FractionPrinterParser
1710:             2             32  java.util.AbstractMap$1
1711:             1             32  java.util.Formatter
1712:             1             32  java.util.StringJoiner
1713:             1             32  java.util.UUID
1714:             1             32  java.util.concurrent.ConcurrentSkipListMap$HeadIndex
1715:             2             32  java.util.concurrent.CountDownLatch
1716:             1             32  java.util.concurrent.atomic.AtomicReferenceFieldUpdater$AtomicReferenceFieldUpdaterImpl
1717:             1             32  java.util.logging.LogManager$SystemLoggerContext
1718:             2             32  java.util.regex.Pattern$Dot
1719:             1             32  java.util.stream.Collectors$CollectorImpl
1720:             1             32  java.util.stream.ReduceOps$3
1721:             1             32  java.util.stream.ReduceOps$3ReducingSink
1722:             1             32  javax.management.MBeanConstructorInfo
1723:             1             32  org.apache.catalina.mapper.Mapper
1724:             1             32  org.apache.catalina.mapper.Mapper$MappedHost
1725:             1             32  org.apache.catalina.util.ConcurrentDateFormat
1726:             1             32  org.apache.coyote.AbstractProtocol$ConnectionHandler
1727:             1             32  org.apache.coyote.CompressionConfig
1728:             1             32  org.apache.logging.log4j.status.StatusLogger$BoundedQueue
1729:             2             32  org.apache.logging.log4j.util.EnvironmentPropertySource
1730:             2             32  org.apache.logging.log4j.util.PropertiesUtil
1731:             2             32  org.apache.logging.log4j.util.PropertyFilePropertySource
1732:             2             32  org.apache.logging.log4j.util.PropertySource$Comparator
1733:             2             32  org.apache.logging.log4j.util.SystemPropertiesPropertySource
1734:             1             32  org.apache.tomcat.util.collections.ManagedConcurrentWeakHashMap
1735:             1             32  org.apache.tomcat.util.descriptor.web.LoginConfig
1736:             1             32  org.apache.tomcat.util.digester.RulesBase
1737:             1             32  org.apache.tomcat.util.scan.StandardJarScanner
1738:             1             32  org.apache.tomcat.util.threads.LimitLatch
1739:             1             32  org.apache.tomcat.util.threads.LimitLatch$Sync
1740:             1             32  org.apache.tomcat.util.threads.TaskThreadFactory
1741:             1             32  org.apache.tomcat.websocket.server.WsWriteTimeout
1742:             1             32  org.hibernate.validator.internal.cfg.context.DefaultConstraintMapping
1743:             1             32  org.hibernate.validator.internal.engine.ValidatorFactoryImpl$BeanMetaDataManagerKey
1744:             1             32  org.hibernate.validator.internal.engine.constraintvalidation.HibernateConstraintValidatorInitializationContextImpl
1745:             1             32  org.hibernate.validator.internal.engine.scripting.DefaultScriptEvaluatorFactory
1746:             1             32  org.hibernate.validator.internal.engine.valueextraction.ValueExtractorResolver
1747:             1             32  org.hibernate.validator.internal.metadata.core.ConstraintHelper
1748:             1             32  org.hibernate.validator.internal.metadata.provider.AnnotationMetaDataProvider
1749:             1             32  org.hibernate.validator.internal.metadata.raw.BeanConfiguration
1750:             1             32  org.springframework.beans.factory.annotation.RequiredAnnotationBeanPostProcessor
1751:             1             32  org.springframework.beans.factory.support.BeanDefinitionDefaults
1752:             1             32  org.springframework.boot.DefaultApplicationArguments$Source
1753:             1             32  org.springframework.boot.autoconfigure.condition.ConditionEvaluationReport
1754:             1             32  org.springframework.boot.autoconfigure.context.ConfigurationPropertiesAutoConfiguration$$EnhancerBySpringCGLIB$$167d1540
1755:             1             32  org.springframework.boot.autoconfigure.context.PropertyPlaceholderAutoConfiguration$$EnhancerBySpringCGLIB$$27a9fc2b
1756:             1             32  org.springframework.boot.autoconfigure.http.HttpEncodingProperties
1757:             1             32  org.springframework.boot.autoconfigure.http.JacksonHttpMessageConvertersConfiguration$$EnhancerBySpringCGLIB$$a47e4bb4
1758:             1             32  org.springframework.boot.autoconfigure.http.JacksonHttpMessageConvertersConfiguration$MappingJackson2HttpMessageConverterConfiguration$$EnhancerBySpringCGLIB$$ae0b1826
1759:             1             32  org.springframework.boot.autoconfigure.http.codec.CodecsAutoConfiguration$$EnhancerBySpringCGLIB$$999b1cef
1760:             1             32  org.springframework.boot.autoconfigure.http.codec.CodecsAutoConfiguration$JacksonCodecConfiguration$$EnhancerBySpringCGLIB$$8ecda53e
1761:             1             32  org.springframework.boot.autoconfigure.jackson.JacksonAutoConfiguration$$EnhancerBySpringCGLIB$$6492a712
1762:             1             32  org.springframework.boot.autoconfigure.jackson.JacksonAutoConfiguration$Jackson2ObjectMapperBuilderCustomizerConfiguration$$EnhancerBySpringCGLIB$$efeab18b
1763:             1             32  org.springframework.boot.autoconfigure.jackson.JacksonAutoConfiguration$JacksonObjectMapperConfiguration$$EnhancerBySpringCGLIB$$82870983
1764:             1             32  org.springframework.boot.autoconfigure.jackson.JacksonAutoConfiguration$ParameterNamesModuleConfiguration$$EnhancerBySpringCGLIB$$16b628b9
1765:             1             32  org.springframework.boot.autoconfigure.jmx.ParentAwareNamingStrategy
1766:             2             32  org.springframework.boot.autoconfigure.mustache.MustacheTemplateAvailabilityProvider
1767:             1             32  org.springframework.boot.autoconfigure.security.SecurityProperties$User
1768:             1             32  org.springframework.boot.autoconfigure.security.reactive.ReactiveSecurityAutoConfiguration$$EnhancerBySpringCGLIB$$89516872
1769:             2             32  org.springframework.boot.autoconfigure.thymeleaf.ThymeleafTemplateAvailabilityProvider
1770:             1             32  org.springframework.boot.autoconfigure.validation.ValidationAutoConfiguration$$EnhancerBySpringCGLIB$$97f31a7c
1771:             1             32  org.springframework.boot.autoconfigure.web.ErrorProperties
1772:             1             32  org.springframework.boot.autoconfigure.web.ResourceProperties
1773:             1             32  org.springframework.boot.autoconfigure.web.ServerProperties$Jetty
1774:             1             32  org.springframework.boot.autoconfigure.web.ServerProperties$Undertow$Accesslog
1775:             1             32  org.springframework.boot.autoconfigure.web.embedded.EmbeddedWebServerFactoryCustomizerAutoConfiguration$$EnhancerBySpringCGLIB$$3c5b89d4
1776:             1             32  org.springframework.boot.autoconfigure.web.servlet.DispatcherServletAutoConfiguration$$EnhancerBySpringCGLIB$$1555deaf
1777:             2             32  org.springframework.boot.autoconfigure.web.servlet.JspTemplateAvailabilityProvider
1778:             1             32  org.springframework.boot.autoconfigure.web.servlet.MultipartProperties
1779:             1             32  org.springframework.boot.autoconfigure.web.servlet.ServletWebServerFactoryAutoConfiguration$$EnhancerBySpringCGLIB$$16acb155
1780:             1             32  org.springframework.boot.autoconfigure.web.servlet.ServletWebServerFactoryConfiguration$EmbeddedTomcat$$EnhancerBySpringCGLIB$$9175fbdc
1781:             1             32  org.springframework.boot.autoconfigure.web.servlet.WebMvcAutoConfiguration$$EnhancerBySpringCGLIB$$5b35c869
1782:             1             32  org.springframework.boot.autoconfigure.web.servlet.error.DefaultErrorViewResolver
1783:             1             32  org.springframework.boot.autoconfigure.web.servlet.error.NonRecursivePropertyPlaceholderHelper
1784:             1             32  org.springframework.boot.autoconfigure.websocket.servlet.WebSocketServletAutoConfiguration$$EnhancerBySpringCGLIB$$e7e273c4
1785:             1             32  org.springframework.boot.autoconfigure.websocket.servlet.WebSocketServletAutoConfiguration$TomcatWebSocketConfiguration$$EnhancerBySpringCGLIB$$9f8d9ee1
1786:             1             32  org.springframework.boot.context.config.ConfigFileApplicationListener
1787:             1             32  org.springframework.boot.context.event.ApplicationReadyEvent
1788:             1             32  org.springframework.boot.context.event.ApplicationStartedEvent
1789:             1             32  org.springframework.boot.context.logging.LoggingApplicationListener
1790:             2             32  org.springframework.boot.context.properties.ConfigurationPropertiesBinder$$Lambda$184/897074030
1791:             2             32  org.springframework.boot.context.properties.bind.BindConverter
1792:             2             32  org.springframework.boot.context.properties.bind.BindConverter$CompositeConversionService
1793:             2             32  org.springframework.boot.context.properties.bind.BindConverter$TypeConverterConverter
1794:             2             32  org.springframework.boot.context.properties.bind.Bindable$$Lambda$93/1769597131
1795:             2             32  org.springframework.boot.context.properties.bind.Bindable$$Lambda$94/1983747920
1796:             1             32  org.springframework.boot.context.properties.bind.Binder
1797:             2             32  org.springframework.boot.context.properties.bind.Binder$$Lambda$48/1023714065
1798:             2             32  org.springframework.boot.context.properties.bind.Binder$$Lambda$57/1330106945
1799:             2             32  org.springframework.boot.context.properties.bind.handler.IgnoreTopLevelConverterNotFoundBindHandler
1800:             1             32  org.springframework.boot.convert.ApplicationConversionService
1801:             2             32  org.springframework.boot.convert.StringToDurationConverter
1802:             1             32  org.springframework.boot.logging.logback.LogbackLoggingSystem$1
1803:             1             32  org.springframework.boot.web.embedded.tomcat.TomcatWebServer
1804:             1             32  org.springframework.boot.web.server.Compression
1805:             2             32  org.springframework.boot.web.server.MimeMappings
1806:             1             32  org.springframework.boot.web.servlet.context.ServletWebServerInitializedEvent
1807:             1             32  org.springframework.cglib.core.AbstractClassGenerator$ClassLoaderData
1808:             1             32  org.springframework.cglib.core.ClassNameReader$EarlyExitException
1809:             2             32  org.springframework.cglib.proxy.DispatcherGenerator
1810:             1             32  org.springframework.context.annotation.AnnotatedBeanDefinitionReader
1811:             2             32  org.springframework.context.annotation.ConditionEvaluator
1812:             1             32  org.springframework.context.annotation.ConfigurationClassParser$ImportStack
1813:             1             32  org.springframework.context.annotation.ContextAnnotationAutowireCandidateResolver$1
1814:             1             32  org.springframework.context.event.EventListenerMethodProcessor
1815:             1             32  org.springframework.context.support.DefaultLifecycleProcessor
1816:             1             32  org.springframework.context.support.DefaultLifecycleProcessor$$Lambda$318/1506809545
1817:             1             32  org.springframework.context.support.DelegatingMessageSource
1818:             1             32  org.springframework.context.support.PropertySourcesPlaceholderConfigurer$1
1819:             2             32  org.springframework.core.convert.support.ArrayToCollectionConverter
1820:             2             32  org.springframework.core.convert.support.ArrayToObjectConverter
1821:             2             32  org.springframework.core.convert.support.ArrayToStringConverter
1822:             2             32  org.springframework.core.convert.support.ByteBufferConverter
1823:             2             32  org.springframework.core.convert.support.CharacterToNumberFactory
1824:             2             32  org.springframework.core.convert.support.CollectionToCollectionConverter
1825:             2             32  org.springframework.core.convert.support.CollectionToObjectConverter
1826:             2             32  org.springframework.core.convert.support.EnumToIntegerConverter
1827:             2             32  org.springframework.core.convert.support.EnumToStringConverter
1828:             2             32  org.springframework.core.convert.support.FallbackObjectToStringConverter
1829:             2             32  org.springframework.core.convert.support.GenericConversionService$NoOpConverter
1830:             2             32  org.springframework.core.convert.support.IdToEntityConverter
1831:             2             32  org.springframework.core.convert.support.IntegerToEnumConverterFactory
1832:             2             32  org.springframework.core.convert.support.MapToMapConverter
1833:             2             32  org.springframework.core.convert.support.NumberToCharacterConverter
1834:             2             32  org.springframework.core.convert.support.NumberToNumberConverterFactory
1835:             2             32  org.springframework.core.convert.support.ObjectToArrayConverter
1836:             2             32  org.springframework.core.convert.support.ObjectToCollectionConverter
1837:             2             32  org.springframework.core.convert.support.ObjectToObjectConverter
1838:             2             32  org.springframework.core.convert.support.ObjectToOptionalConverter
1839:             2             32  org.springframework.core.convert.support.PropertiesToStringConverter
1840:             2             32  org.springframework.core.convert.support.StreamConverter
1841:             2             32  org.springframework.core.convert.support.StringToArrayConverter
1842:             2             32  org.springframework.core.convert.support.StringToBooleanConverter
1843:             2             32  org.springframework.core.convert.support.StringToCharacterConverter
1844:             2             32  org.springframework.core.convert.support.StringToCharsetConverter
1845:             2             32  org.springframework.core.convert.support.StringToCollectionConverter
1846:             2             32  org.springframework.core.convert.support.StringToCurrencyConverter
1847:             2             32  org.springframework.core.convert.support.StringToEnumConverterFactory
1848:             2             32  org.springframework.core.convert.support.StringToLocaleConverter
1849:             2             32  org.springframework.core.convert.support.StringToNumberConverterFactory
1850:             2             32  org.springframework.core.convert.support.StringToPropertiesConverter
1851:             2             32  org.springframework.core.convert.support.StringToTimeZoneConverter
1852:             2             32  org.springframework.core.convert.support.StringToUUIDConverter
1853:             2             32  org.springframework.core.convert.support.ZoneIdToTimeZoneConverter
1854:             2             32  org.springframework.core.convert.support.ZonedDateTimeToCalendarConverter
1855:             1             32  org.springframework.core.task.SimpleAsyncTaskExecutor$ConcurrencyThrottleAdapter
1856:             2             32  org.springframework.expression.spel.standard.SpelExpressionParser
1857:             2             32  org.springframework.format.datetime.DateTimeFormatAnnotationFormatterFactory
1858:             2             32  org.springframework.format.datetime.standard.DateTimeConverters$CalendarToInstantConverter
1859:             2             32  org.springframework.format.datetime.standard.DateTimeConverters$CalendarToLocalDateConverter
1860:             2             32  org.springframework.format.datetime.standard.DateTimeConverters$CalendarToLocalDateTimeConverter
1861:             2             32  org.springframework.format.datetime.standard.DateTimeConverters$CalendarToLocalTimeConverter
1862:             2             32  org.springframework.format.datetime.standard.DateTimeConverters$CalendarToOffsetDateTimeConverter
1863:             2             32  org.springframework.format.datetime.standard.DateTimeConverters$CalendarToZonedDateTimeConverter
1864:             2             32  org.springframework.format.datetime.standard.DateTimeConverters$InstantToLongConverter
1865:             2             32  org.springframework.format.datetime.standard.DateTimeConverters$LocalDateTimeToLocalDateConverter
1866:             2             32  org.springframework.format.datetime.standard.DateTimeConverters$LocalDateTimeToLocalTimeConverter
1867:             2             32  org.springframework.format.datetime.standard.DateTimeConverters$LongToInstantConverter
1868:             2             32  org.springframework.format.datetime.standard.DateTimeConverters$OffsetDateTimeToInstantConverter
1869:             2             32  org.springframework.format.datetime.standard.DateTimeConverters$OffsetDateTimeToLocalDateConverter
1870:             2             32  org.springframework.format.datetime.standard.DateTimeConverters$OffsetDateTimeToLocalDateTimeConverter
1871:             2             32  org.springframework.format.datetime.standard.DateTimeConverters$OffsetDateTimeToLocalTimeConverter
1872:             2             32  org.springframework.format.datetime.standard.DateTimeConverters$OffsetDateTimeToZonedDateTimeConverter
1873:             2             32  org.springframework.format.datetime.standard.DateTimeConverters$ZonedDateTimeToInstantConverter
1874:             2             32  org.springframework.format.datetime.standard.DateTimeConverters$ZonedDateTimeToLocalDateConverter
1875:             2             32  org.springframework.format.datetime.standard.DateTimeConverters$ZonedDateTimeToLocalDateTimeConverter
1876:             2             32  org.springframework.format.datetime.standard.DateTimeConverters$ZonedDateTimeToLocalTimeConverter
1877:             2             32  org.springframework.format.datetime.standard.DateTimeConverters$ZonedDateTimeToOffsetDateTimeConverter
1878:             2             32  org.springframework.format.datetime.standard.DurationFormatter
1879:             2             32  org.springframework.format.datetime.standard.InstantFormatter
1880:             2             32  org.springframework.format.datetime.standard.Jsr310DateTimeFormatAnnotationFormatterFactory
1881:             2             32  org.springframework.format.datetime.standard.MonthDayFormatter
1882:             2             32  org.springframework.format.datetime.standard.MonthFormatter
1883:             2             32  org.springframework.format.datetime.standard.PeriodFormatter
1884:             2             32  org.springframework.format.datetime.standard.YearFormatter
1885:             2             32  org.springframework.format.datetime.standard.YearMonthFormatter
1886:             2             32  org.springframework.format.number.NumberFormatAnnotationFormatterFactory
1887:             2             32  org.springframework.jmx.export.annotation.AnnotationJmxAttributeSource
1888:             1             32  org.springframework.jmx.export.assembler.MetadataMBeanInfoAssembler
1889:             1             32  org.springframework.jmx.export.assembler.SimpleReflectiveMBeanInfoAssembler
1890:             1             32  org.springframework.jmx.export.naming.KeyNamingStrategy
1891:             1             32  org.springframework.jmx.support.MBeanServerFactoryBean
1892:             2             32  org.springframework.web.method.annotation.RequestParamMapMethodArgumentResolver
1893:             1             32  org.springframework.web.servlet.config.annotation.PathMatchConfigurer
1894:             1             32  org.springframework.web.servlet.config.annotation.ViewControllerRegistry
1895:             1             32  org.springframework.web.servlet.config.annotation.ViewResolverRegistry
1896:             2             32  org.springframework.web.servlet.mvc.method.annotation.JsonViewResponseBodyAdvice
1897:             2             32  org.springframework.web.servlet.mvc.method.annotation.MatrixVariableMapMethodArgumentResolver
1898:             2             32  org.springframework.web.servlet.mvc.method.annotation.ModelAndViewMethodReturnValueHandler
1899:             2             32  org.springframework.web.servlet.mvc.method.annotation.PathVariableMapMethodArgumentResolver
1900:             1             32  org.springframework.web.servlet.mvc.method.annotation.ReactiveTypeHandler
1901:             2             32  org.springframework.web.servlet.mvc.method.annotation.RedirectAttributesMethodArgumentResolver
1902:             1             32  org.springframework.web.servlet.mvc.method.annotation.RequestPartMethodArgumentResolver
1903:             1             32  org.springframework.web.servlet.mvc.method.annotation.ServletCookieValueMethodArgumentResolver
1904:             2             32  org.springframework.web.servlet.mvc.method.annotation.ViewMethodReturnValueHandler
1905:             2             32  org.springframework.web.servlet.mvc.method.annotation.ViewNameMethodReturnValueHandler
1906:             1             32  org.springframework.web.servlet.resource.ResourceUrlProvider
1907:             1             32  org.springframework.web.servlet.view.BeanNameViewResolver
1908:             1             32  sun.misc.FloatingDecimal$ASCIIToBinaryBuffer
1909:             2             32  sun.nio.ch.SocketDispatcher
1910:             1             32  sun.nio.cs.StandardCharsets
1911:             1             32  sun.nio.fs.NativeBuffer
1912:             1             32  sun.nio.fs.WindowsFileSystem
1913:             1             32  sun.reflect.MethodAccessorGenerator$1
1914:             1             32  sun.reflect.annotation.AnnotatedTypeFactory$AnnotatedTypeBaseImpl
1915:             1             32  sun.security.provider.PolicyFile
1916:             1             32  sun.security.provider.PolicyFile$PolicyInfo
1917:             1             24  [Lch.qos.logback.core.joran.spi.ConsoleTarget;
1918:             1             24  [Lch.qos.logback.core.subst.Node$Type;
1919:             1             24  [Lcom.fasterxml.jackson.databind.Module;
1920:             1             24  [Lcom.sun.org.apache.xerces.internal.utils.XMLSecurityPropertyManager$Property;
1921:             1             24  [Ljava.io.File$PathStatus;
1922:             1             24  [Ljava.lang.ClassValue$Entry;
1923:             1             24  [Ljava.net.InetAddress$Cache$Type;
1924:             1             24  [Ljava.net.StandardProtocolFamily;
1925:             1             24  [Ljava.time.temporal.IsoFields$Unit;
1926:             1             24  [Ljava.util.Locale$Category;
1927:             1             24  [Lorg.apache.catalina.Service;
1928:             1             24  [Lorg.apache.catalina.WebResource;
1929:             1             24  [Lorg.apache.catalina.mapper.Mapper$ContextVersion;
1930:             1             24  [Lorg.apache.catalina.mapper.Mapper$MappedContext;
1931:             1             24  [Lorg.apache.catalina.mapper.Mapper$MappedHost;
1932:             1             24  [Lorg.apache.tomcat.util.IntrospectionUtils$PropertySource;
1933:             1             24  [Lorg.apache.tomcat.util.net.AbstractEndpoint$Acceptor;
1934:             1             24  [Lorg.apache.tomcat.util.net.NioEndpoint$Poller;
1935:             1             24  [Lorg.hibernate.validator.internal.metadata.descriptor.ConstraintDescriptorImpl$ConstraintType;
1936:             1             24  [Lorg.springframework.boot.autoconfigure.condition.ConditionMessage$Style;
1937:             1             24  [Lorg.springframework.boot.autoconfigure.condition.OnClassCondition$MatchType;
1938:             1             24  [Lorg.springframework.boot.autoconfigure.http.HttpEncodingProperties$Type;
1939:             1             24  [Lorg.springframework.boot.autoconfigure.web.servlet.WebMvcProperties$LocaleResolver;
1940:             1             24  [Lorg.springframework.boot.context.ConfigurationWarningsApplicationContextInitializer$Check;
1941:             1             24  [Lorg.springframework.boot.context.properties.source.ConfigurationPropertyName$Form;
1942:             1             24  [Lorg.springframework.context.annotation.ConfigurationCondition$ConfigurationPhase;
1943:             1             24  [Lorg.springframework.core.ResolvableType$WildcardBounds$Kind;
1944:             1             24  [Lorg.springframework.core.env.PropertySources;
1945:             1             24  [Lorg.springframework.util.ConcurrentReferenceHashMap$ReferenceType;
1946:             1             24  [Lorg.springframework.util.ConcurrentReferenceHashMap$Restructure;
1947:             1             24  [Lsun.launcher.LauncherHelper;
1948:             1             24  [Lsun.misc.JavaSecurityProtectionDomainAccess$ProtectionDomainCache;
1949:             1             24  ch.qos.logback.classic.BasicConfigurator
1950:             1             24  ch.qos.logback.classic.spi.TurboFilterList
1951:             1             24  ch.qos.logback.classic.util.ContextSelectorStaticBinder
1952:             1             24  com.fasterxml.jackson.annotation.JsonFormat$Features
1953:             1             24  com.fasterxml.jackson.annotation.JsonSetter$Value
1954:             1             24  com.fasterxml.jackson.core.util.Separators
1955:             1             24  com.fasterxml.jackson.databind.cfg.ContextAttributes$Impl
1956:             1             24  com.fasterxml.jackson.databind.introspect.AnnotatedClass$Creators
1957:             1             24  com.fasterxml.jackson.databind.introspect.JacksonAnnotationIntrospector
1958:             1             24  com.fasterxml.jackson.databind.ser.impl.FailingSerializer
1959:             1             24  com.fasterxml.jackson.datatype.jsr310.deser.LocalDateDeserializer
1960:             1             24  com.fasterxml.jackson.datatype.jsr310.deser.LocalDateTimeDeserializer
1961:             1             24  com.fasterxml.jackson.datatype.jsr310.deser.LocalTimeDeserializer
1962:             1             24  com.fasterxml.jackson.datatype.jsr310.deser.MonthDayDeserializer
1963:             1             24  com.fasterxml.jackson.datatype.jsr310.deser.OffsetTimeDeserializer
1964:             1             24  com.fasterxml.jackson.datatype.jsr310.deser.YearDeserializer
1965:             1             24  com.fasterxml.jackson.datatype.jsr310.deser.YearMonthDeserializer
1966:             1             24  com.fasterxml.jackson.module.paramnames.ParameterNamesAnnotationIntrospector
1967:             1             24  com.sun.beans.util.Cache$Kind$1
1968:             1             24  com.sun.beans.util.Cache$Kind$2
1969:             1             24  com.sun.beans.util.Cache$Kind$3
1970:             1             24  com.sun.jmx.mbeanserver.ClassLoaderRepositorySupport
1971:             1             24  com.sun.jmx.mbeanserver.MXBeanLookup
1972:             1             24  com.sun.jmx.remote.util.ClassLogger
1973:             1             24  com.sun.org.apache.xerces.internal.impl.Constants$ArrayEnumeration
1974:             1             24  com.sun.org.apache.xerces.internal.impl.XMLDocumentScannerImpl$ContentDriver
1975:             1             24  com.sun.org.apache.xerces.internal.impl.XMLNSDocumentScannerImpl$NSContentDriver
1976:             1             24  com.sun.org.apache.xerces.internal.impl.msg.XMLMessageFormatter
1977:             1             24  com.sun.org.apache.xerces.internal.impl.validation.ValidationManager
1978:             1             24  com.sun.org.apache.xerces.internal.parsers.AbstractSAXParser$LocatorProxy
1979:             1             24  com.sun.org.apache.xerces.internal.utils.XMLSecurityPropertyManager
1980:             1             24  java.lang.Class$1
1981:             1             24  java.lang.ClassValue$Version
1982:             1             24  java.lang.Double
1983:             1             24  java.lang.Package$1
1984:             1             24  java.lang.invoke.MethodHandleImpl$4
1985:             1             24  java.lang.invoke.MethodType$ConcurrentWeakInternSet
1986:             1             24  java.net.Inet6AddressImpl
1987:             1             24  java.net.SocketPermissionCollection
1988:             1             24  java.security.AllPermissionCollection
1989:             1             24  java.security.Policy$PolicyInfo
1990:             1             24  java.security.Policy$UnsupportedEmptyCollection
1991:             1             24  java.security.ProtectionDomain$2$1
1992:             1             24  java.time.format.DecimalStyle
1993:             1             24  java.time.temporal.IsoFields$Field$1
1994:             1             24  java.time.temporal.IsoFields$Field$2
1995:             1             24  java.time.temporal.IsoFields$Field$3
1996:             1             24  java.time.temporal.IsoFields$Field$4
1997:             1             24  java.time.zone.TzdbZoneRulesProvider
1998:             1             24  java.util.AbstractMap$1$1
1999:             1             24  java.util.Collections$EmptyMap
2000:             1             24  java.util.Collections$SynchronizedRandomAccessList
2001:             1             24  java.util.Collections$UnmodifiableList
2002:             1             24  java.util.Locale$Cache
2003:             1             24  java.util.PropertyPermissionCollection
2004:             1             24  java.util.ResourceBundle$Control$CandidateListCache
2005:             1             24  java.util.concurrent.ConcurrentSkipListMap$Node
2006:             1             24  java.util.concurrent.TimeUnit$1
2007:             1             24  java.util.concurrent.TimeUnit$2
2008:             1             24  java.util.concurrent.TimeUnit$3
2009:             1             24  java.util.concurrent.TimeUnit$4
2010:             1             24  java.util.concurrent.TimeUnit$5
2011:             1             24  java.util.concurrent.TimeUnit$6
2012:             1             24  java.util.concurrent.TimeUnit$7
2013:             1             24  java.util.logging.LogManager$LoggerContext
2014:             1             24  java.util.logging.LoggingPermission
2015:             1             24  java.util.stream.Collectors$$Lambda$325/1877453512
2016:             1             24  javax.el.ExpressionFactory$CacheKey
2017:             1             24  javax.el.Util$CacheKey
2018:             1             24  javax.websocket.CloseReason
2019:             1             24  org.apache.catalina.ContainerEvent
2020:             1             24  org.apache.catalina.core.ApplicationContextFacade
2021:             1             24  org.apache.catalina.core.StandardContext$ContextFilterMaps
2022:             1             24  org.apache.catalina.mapper.Mapper$ContextList
2023:             1             24  org.apache.catalina.mapper.Mapper$MappedContext
2024:             1             24  org.apache.catalina.mapper.Mapper$MappedWrapper
2025:             1             24  org.apache.catalina.webresources.TomcatURLStreamHandlerFactory
2026:             1             24  org.apache.coyote.AbstractProtocol$AsyncTimeout
2027:             1             24  org.apache.logging.log4j.spi.LoggerRegistry
2028:             1             24  org.apache.naming.StringManager
2029:             1             24  org.apache.tomcat.util.descriptor.web.ErrorPage
2030:             1             24  org.apache.tomcat.util.net.NioBlockingSelector
2031:             1             24  org.apache.tomcat.util.net.NioEndpoint$Acceptor
2032:             1             24  org.apache.tomcat.websocket.WsExtension
2033:             1             24  org.hibernate.validator.internal.engine.MethodValidationConfiguration
2034:             1             24  org.hibernate.validator.internal.engine.valueextraction.ValueExtractorManager
2035:             1             24  org.hibernate.validator.internal.metadata.provider.ProgrammaticMetaDataProvider
2036:             1             24  org.hibernate.validator.internal.util.ConcurrentReferenceHashMap$Option
2037:             1             24  org.slf4j.helpers.SubstituteLoggerFactory
2038:             1             24  org.slf4j.impl.StaticLoggerBinder
2039:             1             24  org.springframework.aop.framework.JdkDynamicAopProxy
2040:             1             24  org.springframework.aop.support.DefaultPointcutAdvisor
2041:             1             24  org.springframework.aop.support.annotation.AnnotationClassFilter
2042:             1             24  org.springframework.aop.support.annotation.AnnotationMatchingPointcut
2043:             1             24  org.springframework.aop.target.EmptyTargetSource
2044:             1             24  org.springframework.beans.AbstractNestablePropertyAccessor$PropertyTokenHolder
2045:             1             24  org.springframework.beans.factory.annotation.InitDestroyAnnotationBeanPostProcessor$LifecycleElement
2046:             1             24  org.springframework.beans.factory.config.NamedBeanHolder
2047:             1             24  org.springframework.beans.factory.config.RuntimeBeanReference
2048:             1             24  org.springframework.beans.support.ResourceEditorRegistrar
2049:             1             24  org.springframework.boot.DefaultApplicationArguments
2050:             1             24  org.springframework.boot.SpringApplicationBannerPrinter$PrintedBanner
2051:             1             24  org.springframework.boot.SpringApplicationRunListeners
2052:             1             24  org.springframework.boot.autoconfigure.AutoConfigurationPackages$BasePackages
2053:             1             24  org.springframework.boot.autoconfigure.condition.BeanTypeRegistry
2054:             1             24  org.springframework.boot.autoconfigure.condition.ConditionMessage$Builder
2055:             1             24  org.springframework.boot.autoconfigure.condition.ConditionMessage$Style$1
2056:             1             24  org.springframework.boot.autoconfigure.condition.ConditionMessage$Style$2
2057:             1             24  org.springframework.boot.autoconfigure.condition.OnClassCondition$MatchType$1
2058:             1             24  org.springframework.boot.autoconfigure.condition.OnClassCondition$MatchType$2
2059:             1             24  org.springframework.boot.autoconfigure.diagnostics.analyzer.NoSuchBeanDefinitionFailureAnalyzer
2060:             1             24  org.springframework.boot.autoconfigure.http.HttpMessageConvertersAutoConfiguration$$EnhancerBySpringCGLIB$$41275586$$FastClassBySpringCGLIB$$860ba6ea
2061:             1             24  org.springframework.boot.autoconfigure.http.HttpMessageConvertersAutoConfiguration$$FastClassBySpringCGLIB$$ba15c54f
2062:             1             24  org.springframework.boot.autoconfigure.http.HttpMessageConvertersAutoConfiguration$StringHttpMessageConverterConfiguration$$EnhancerBySpringCGLIB$$74351c26$$FastClassBySpringCGLIB$$f40ea4bf
2063:             1             24  org.springframework.boot.autoconfigure.http.HttpMessageConvertersAutoConfiguration$StringHttpMessageConverterConfiguration$$FastClassBySpringCGLIB$$a19557ef
2064:             1             24  org.springframework.boot.autoconfigure.http.JacksonHttpMessageConvertersConfiguration$MappingJackson2HttpMessageConverterConfiguration$$EnhancerBySpringCGLIB$$ae0b1826$$FastClassBySpringCGLIB$$6f19532b
2065:             1             24  org.springframework.boot.autoconfigure.http.JacksonHttpMessageConvertersConfiguration$MappingJackson2HttpMessageConverterConfiguration$$FastClassBySpringCGLIB$$cc27d3ef
2066:             1             24  org.springframework.boot.autoconfigure.http.codec.CodecsAutoConfiguration$JacksonCodecConfiguration$$EnhancerBySpringCGLIB$$8ecda53e$$FastClassBySpringCGLIB$$5dc7e1e6
2067:             1             24  org.springframework.boot.autoconfigure.http.codec.CodecsAutoConfiguration$JacksonCodecConfiguration$$FastClassBySpringCGLIB$$b3c4d607
2068:             1             24  org.springframework.boot.autoconfigure.info.ProjectInfoAutoConfiguration$GitResourceAvailableCondition
2069:             1             24  org.springframework.boot.autoconfigure.info.ProjectInfoProperties
2070:             1             24  org.springframework.boot.autoconfigure.jackson.JacksonAutoConfiguration$$EnhancerBySpringCGLIB$$6492a712$$FastClassBySpringCGLIB$$3730b5ac
2071:             1             24  org.springframework.boot.autoconfigure.jackson.JacksonAutoConfiguration$$FastClassBySpringCGLIB$$ee97f15b
2072:             1             24  org.springframework.boot.autoconfigure.jackson.JacksonAutoConfiguration$Jackson2ObjectMapperBuilderCustomizerConfiguration$$EnhancerBySpringCGLIB$$efeab18b$$FastClassBySpringCGLIB$$402a4afb
2073:             1             24  org.springframework.boot.autoconfigure.jackson.JacksonAutoConfiguration$Jackson2ObjectMapperBuilderCustomizerConfiguration$$FastClassBySpringCGLIB$$a7cec5b4
2074:             1             24  org.springframework.boot.autoconfigure.jackson.JacksonAutoConfiguration$Jackson2ObjectMapperBuilderCustomizerConfiguration$StandardJackson2ObjectMapperBuilderCustomizer
2075:             1             24  org.springframework.boot.autoconfigure.jackson.JacksonAutoConfiguration$JacksonObjectMapperBuilderConfiguration$$EnhancerBySpringCGLIB$$34d3cb9c$$FastClassBySpringCGLIB$$33b0288d
2076:             1             24  org.springframework.boot.autoconfigure.jackson.JacksonAutoConfiguration$JacksonObjectMapperBuilderConfiguration$$FastClassBySpringCGLIB$$28b34ea5
2077:             1             24  org.springframework.boot.autoconfigure.jackson.JacksonAutoConfiguration$JacksonObjectMapperConfiguration$$EnhancerBySpringCGLIB$$82870983$$FastClassBySpringCGLIB$$e49c80ca
2078:             1             24  org.springframework.boot.autoconfigure.jackson.JacksonAutoConfiguration$JacksonObjectMapperConfiguration$$FastClassBySpringCGLIB$$596316ac
2079:             1             24  org.springframework.boot.autoconfigure.jackson.JacksonAutoConfiguration$ParameterNamesModuleConfiguration$$EnhancerBySpringCGLIB$$16b628b9$$FastClassBySpringCGLIB$$1f2588ad
2080:             1             24  org.springframework.boot.autoconfigure.jackson.JacksonAutoConfiguration$ParameterNamesModuleConfiguration$$FastClassBySpringCGLIB$$f1cb4522
2081:             1             24  org.springframework.boot.autoconfigure.logging.ConditionEvaluationReportLoggingListener
2082:             1             24  org.springframework.boot.autoconfigure.security.SecurityProperties
2083:             1             24  org.springframework.boot.autoconfigure.security.SecurityProperties$Filter
2084:             1             24  org.springframework.boot.autoconfigure.validation.ValidatorAdapter
2085:             1             24  org.springframework.boot.autoconfigure.web.ResourceProperties$Cache
2086:             1             24  org.springframework.boot.autoconfigure.web.ResourceProperties$Chain
2087:             1             24  org.springframework.boot.autoconfigure.web.ResourceProperties$Content
2088:             1             24  org.springframework.boot.autoconfigure.web.ResourceProperties$Fixed
2089:             1             24  org.springframework.boot.autoconfigure.web.ResourceProperties$Strategy
2090:             1             24  org.springframework.boot.autoconfigure.web.client.RestTemplateAutoConfiguration$$EnhancerBySpringCGLIB$$c2098373$$FastClassBySpringCGLIB$$21be12ac
2091:             1             24  org.springframework.boot.autoconfigure.web.client.RestTemplateAutoConfiguration$$FastClassBySpringCGLIB$$79a6429c
2092:             1             24  org.springframework.boot.autoconfigure.web.embedded.TomcatWebServerFactoryCustomizer
2093:             1             24  org.springframework.boot.autoconfigure.web.servlet.DispatcherServletAutoConfiguration$DispatcherServletConfiguration$$EnhancerBySpringCGLIB$$76f319bb$$FastClassBySpringCGLIB$$a92d0ee9
2094:             1             24  org.springframework.boot.autoconfigure.web.servlet.DispatcherServletAutoConfiguration$DispatcherServletConfiguration$$FastClassBySpringCGLIB$$c3057e4
2095:             1             24  org.springframework.boot.autoconfigure.web.servlet.DispatcherServletAutoConfiguration$DispatcherServletRegistrationConfiguration$$EnhancerBySpringCGLIB$$d8faae62$$FastClassBySpringCGLIB$$36ef415d
2096:             1             24  org.springframework.boot.autoconfigure.web.servlet.DispatcherServletAutoConfiguration$DispatcherServletRegistrationConfiguration$$FastClassBySpringCGLIB$$20b85eab
2097:             1             24  org.springframework.boot.autoconfigure.web.servlet.ServletWebServerFactoryConfiguration$EmbeddedTomcat$$EnhancerBySpringCGLIB$$9175fbdc$$FastClassBySpringCGLIB$$6e81a125
2098:             1             24  org.springframework.boot.autoconfigure.web.servlet.ServletWebServerFactoryConfiguration$EmbeddedTomcat$$FastClassBySpringCGLIB$$57e7b6e5
2099:             1             24  org.springframework.boot.autoconfigure.web.servlet.WebMvcProperties$Contentnegotiation
2100:             1             24  org.springframework.boot.autoconfigure.web.servlet.WebMvcProperties$View
2101:             1             24  org.springframework.boot.autoconfigure.web.servlet.error.BasicErrorController
2102:             1             24  org.springframework.boot.autoconfigure.web.servlet.error.ErrorMvcAutoConfiguration$DefaultErrorViewResolverConfiguration$$EnhancerBySpringCGLIB$$67346417$$FastClassBySpringCGLIB$$8b72abf
2103:             1             24  org.springframework.boot.autoconfigure.web.servlet.error.ErrorMvcAutoConfiguration$DefaultErrorViewResolverConfiguration$$FastClassBySpringCGLIB$$696432c0
2104:             1             24  org.springframework.boot.autoconfigure.web.servlet.error.ErrorMvcAutoConfiguration$ErrorPageCustomizer
2105:             1             24  org.springframework.boot.autoconfigure.web.servlet.error.ErrorMvcAutoConfiguration$SpelView
2106:             1             24  org.springframework.boot.autoconfigure.websocket.servlet.WebSocketServletAutoConfiguration$TomcatWebSocketConfiguration$$EnhancerBySpringCGLIB$$9f8d9ee1$$FastClassBySpringCGLIB$$c4087ea0
2107:             1             24  org.springframework.boot.autoconfigure.websocket.servlet.WebSocketServletAutoConfiguration$TomcatWebSocketConfiguration$$FastClassBySpringCGLIB$$f1131e4a
2108:             1             24  org.springframework.boot.builder.ParentContextCloserApplicationListener
2109:             1             24  org.springframework.boot.cloud.CloudPlatform$1
2110:             1             24  org.springframework.boot.cloud.CloudPlatform$2
2111:             1             24  org.springframework.boot.cloud.CloudPlatform$3
2112:             1             24  org.springframework.boot.context.ContextIdApplicationContextInitializer$ContextId
2113:             1             24  org.springframework.boot.context.config.ConfigFileApplicationListener$PropertySourceOrderingPostProcessor
2114:             1             24  org.springframework.boot.context.config.DelegatingApplicationListener
2115:             1             24  org.springframework.boot.context.event.EventPublishingRunListener
2116:             1             24  org.springframework.boot.context.properties.ConfigurationBeanFactoryMetadata
2117:             1             24  org.springframework.boot.context.properties.ConfigurationPropertiesBindingPostProcessor
2118:             1             24  org.springframework.boot.context.properties.FilteredPropertySources
2119:             1             24  org.springframework.boot.context.properties.PropertyMapper
2120:             1             24  org.springframework.boot.context.properties.bind.JavaBeanBinder$Bean
2121:             1             24  org.springframework.boot.context.properties.bind.PropertySourcesPlaceholdersResolver
2122:             1             24  org.springframework.boot.context.properties.source.ConfigurationPropertySourcesPropertySource
2123:             1             24  org.springframework.boot.context.properties.source.DefaultPropertyMapper
2124:             1             24  org.springframework.boot.diagnostics.FailureAnalyzers
2125:             1             24  org.springframework.boot.env.OriginTrackedMapPropertySource
2126:             1             24  org.springframework.boot.env.RandomValuePropertySource
2127:             1             24  org.springframework.boot.env.SystemEnvironmentPropertySourceEnvironmentPostProcessor$OriginAwareSystemEnvironmentPropertySource
2128:             1             24  org.springframework.boot.loader.MainMethodRunner
2129:             1             24  org.springframework.boot.loader.archive.JarFileArchive
2130:             1             24  org.springframework.boot.loader.data.RandomAccessDataFile$FileAccess
2131:             1             24  org.springframework.boot.logging.AbstractLoggingSystem$LogLevels
2132:             1             24  org.springframework.boot.origin.OriginTrackedValue
2133:             1             24  org.springframework.boot.type.classreading.ConcurrentReferenceCachingMetadataReaderFactory
2134:             1             24  org.springframework.boot.web.embedded.tomcat.TomcatServletWebServerFactory$StaticResourceConfigurer
2135:             1             24  org.springframework.boot.web.embedded.tomcat.TomcatStarter
2136:             1             24  org.springframework.boot.web.embedded.tomcat.TomcatWebServer$$Lambda$272/1796371666
2137:             1             24  org.springframework.boot.web.server.ErrorPage
2138:             1             24  org.springframework.boot.web.server.ErrorPageRegistrarBeanPostProcessor
2139:             1             24  org.springframework.boot.web.server.WebServerFactoryCustomizerBeanPostProcessor
2140:             1             24  org.springframework.boot.web.servlet.context.WebApplicationContextServletContextAwareProcessor
2141:             1             24  org.springframework.boot.web.servlet.server.DocumentRoot
2142:             1             24  org.springframework.boot.web.servlet.server.Jsp
2143:             1             24  org.springframework.cglib.core.EmitUtils$ArrayDelimiters
2144:             1             24  org.springframework.cglib.core.internal.LoadingCache
2145:             1             24  org.springframework.context.annotation.ConfigurationClassEnhancer$ConditionalCallbackFilter
2146:             1             24  org.springframework.context.annotation.ContextAnnotationAutowireCandidateResolver
2147:             1             24  org.springframework.context.annotation.MBeanExportConfiguration$SpecificPlatform$1
2148:             1             24  org.springframework.context.annotation.MBeanExportConfiguration$SpecificPlatform$2
2149:             1             24  org.springframework.context.event.ContextRefreshedEvent
2150:             1             24  org.springframework.context.event.EventExpressionEvaluator
2151:             1             24  org.springframework.context.support.ApplicationContextAwareProcessor
2152:             1             24  org.springframework.context.support.PostProcessorRegistrationDelegate$BeanPostProcessorChecker
2153:             1             24  org.springframework.context.support.PropertySourcesPlaceholderConfigurer$$Lambda$173/99451533
2154:             1             24  org.springframework.core.Constants$$Lambda$313/1840976765
2155:             1             24  org.springframework.core.OrderComparator$$Lambda$268/293002476
2156:             1             24  org.springframework.core.ReactiveAdapterRegistry
2157:             1             24  org.springframework.core.env.CommandLineArgs
2158:             1             24  org.springframework.core.env.PropertiesPropertySource
2159:             1             24  org.springframework.core.env.PropertySource$ComparisonPropertySource
2160:             1             24  org.springframework.core.env.SystemEnvironmentPropertySource
2161:             1             24  org.springframework.expression.spel.support.StandardTypeLocator
2162:             1             24  org.springframework.http.converter.json.Jackson2ObjectMapperBuilder$$Lambda$141/309141997
2163:             1             24  org.springframework.jmx.export.naming.MetadataNamingStrategy
2164:             1             24  org.springframework.jndi.JndiTemplate
2165:             1             24  org.springframework.objenesis.SpringObjenesis
2166:             1             24  org.springframework.util.AntPathMatcher$AntPathStringMatcher
2167:             1             24  org.springframework.util.StopWatch$TaskInfo
2168:             1             24  org.springframework.validation.beanvalidation.LocalValidatorFactoryBean$1
2169:             1             24  org.springframework.web.context.support.ServletContextPropertySource
2170:             1             24  org.springframework.web.context.support.ServletContextResourcePatternResolver
2171:             1             24  org.springframework.web.context.support.ServletContextScope
2172:             1             24  org.springframework.web.method.annotation.RequestHeaderMethodArgumentResolver
2173:             1             24  org.springframework.web.method.support.CompositeUriComponentsContributor
2174:             1             24  org.springframework.web.servlet.config.annotation.DefaultServletHandlerConfigurer
2175:             1             24  org.springframework.web.servlet.handler.HandlerExceptionResolverComposite
2176:             1             24  org.springframework.web.servlet.mvc.method.annotation.ResponseBodyEmitterReturnValueHandler
2177:             1             24  org.springframework.web.servlet.view.ViewResolverComposite
2178:             1             24  org.yaml.snakeyaml.external.com.google.gdata.util.common.base.PercentEscaper
2179:             1             24  sun.launcher.LauncherHelper
2180:             1             24  sun.management.CompilationImpl
2181:             1             24  sun.management.MemoryImpl
2182:             1             24  sun.management.OperatingSystemImpl
2183:             1             24  sun.management.RuntimeImpl
2184:             1             24  sun.management.ThreadImpl
2185:             1             24  sun.management.VMManagementImpl
2186:             1             24  sun.misc.JarIndex
2187:             1             24  sun.nio.ch.Util$BufferCache
2188:             1             24  sun.nio.cs.CESU_8
2189:             1             24  sun.nio.cs.IBM437
2190:             1             24  sun.nio.cs.IBM737
2191:             1             24  sun.nio.cs.IBM775
2192:             1             24  sun.nio.cs.IBM850
2193:             1             24  sun.nio.cs.IBM852
2194:             1             24  sun.nio.cs.IBM855
2195:             1             24  sun.nio.cs.IBM857
2196:             1             24  sun.nio.cs.IBM858
2197:             1             24  sun.nio.cs.IBM862
2198:             1             24  sun.nio.cs.IBM866
2199:             1             24  sun.nio.cs.IBM874
2200:             1             24  sun.nio.cs.ISO_8859_1
2201:             1             24  sun.nio.cs.ISO_8859_13
2202:             1             24  sun.nio.cs.ISO_8859_15
2203:             1             24  sun.nio.cs.ISO_8859_2
2204:             1             24  sun.nio.cs.ISO_8859_4
2205:             1             24  sun.nio.cs.ISO_8859_5
2206:             1             24  sun.nio.cs.ISO_8859_7
2207:             1             24  sun.nio.cs.ISO_8859_9
2208:             1             24  sun.nio.cs.KOI8_R
2209:             1             24  sun.nio.cs.KOI8_U
2210:             1             24  sun.nio.cs.MS1250
2211:             1             24  sun.nio.cs.MS1251
2212:             1             24  sun.nio.cs.MS1252
2213:             1             24  sun.nio.cs.MS1253
2214:             1             24  sun.nio.cs.MS1254
2215:             1             24  sun.nio.cs.MS1257
2216:             1             24  sun.nio.cs.ThreadLocalCoders$1
2217:             1             24  sun.nio.cs.ThreadLocalCoders$2
2218:             1             24  sun.nio.cs.US_ASCII
2219:             1             24  sun.nio.cs.UTF_16
2220:             1             24  sun.nio.cs.UTF_16BE
2221:             1             24  sun.nio.cs.UTF_16LE
2222:             1             24  sun.nio.cs.UTF_16LE_BOM
2223:             1             24  sun.nio.cs.UTF_32
2224:             1             24  sun.nio.cs.UTF_32BE
2225:             1             24  sun.nio.cs.UTF_32BE_BOM
2226:             1             24  sun.nio.cs.UTF_32LE
2227:             1             24  sun.nio.cs.UTF_32LE_BOM
2228:             1             24  sun.nio.cs.UTF_8
2229:             1             24  sun.nio.cs.ext.Big5
2230:             1             24  sun.nio.cs.ext.Big5_HKSCS
2231:             1             24  sun.nio.cs.ext.Big5_HKSCS_2001
2232:             1             24  sun.nio.cs.ext.Big5_Solaris
2233:             1             24  sun.nio.cs.ext.EUC_CN
2234:             1             24  sun.nio.cs.ext.EUC_JP
2235:             1             24  sun.nio.cs.ext.EUC_JP_LINUX
2236:             1             24  sun.nio.cs.ext.EUC_JP_Open
2237:             1             24  sun.nio.cs.ext.EUC_TW
2238:             1             24  sun.nio.cs.ext.GB18030
2239:             1             24  sun.nio.cs.ext.GBK
2240:             1             24  sun.nio.cs.ext.IBM037
2241:             1             24  sun.nio.cs.ext.IBM1006
2242:             1             24  sun.nio.cs.ext.IBM1025
2243:             1             24  sun.nio.cs.ext.IBM1026
2244:             1             24  sun.nio.cs.ext.IBM1046
2245:             1             24  sun.nio.cs.ext.IBM1047
2246:             1             24  sun.nio.cs.ext.IBM1097
2247:             1             24  sun.nio.cs.ext.IBM1098
2248:             1             24  sun.nio.cs.ext.IBM1112
2249:             1             24  sun.nio.cs.ext.IBM1122
2250:             1             24  sun.nio.cs.ext.IBM1123
2251:             1             24  sun.nio.cs.ext.IBM1124
2252:             1             24  sun.nio.cs.ext.IBM1140
2253:             1             24  sun.nio.cs.ext.IBM1141
2254:             1             24  sun.nio.cs.ext.IBM1142
2255:             1             24  sun.nio.cs.ext.IBM1143
2256:             1             24  sun.nio.cs.ext.IBM1144
2257:             1             24  sun.nio.cs.ext.IBM1145
2258:             1             24  sun.nio.cs.ext.IBM1146
2259:             1             24  sun.nio.cs.ext.IBM1147
2260:             1             24  sun.nio.cs.ext.IBM1148
2261:             1             24  sun.nio.cs.ext.IBM1149
2262:             1             24  sun.nio.cs.ext.IBM1166
2263:             1             24  sun.nio.cs.ext.IBM1364
2264:             1             24  sun.nio.cs.ext.IBM1381
2265:             1             24  sun.nio.cs.ext.IBM1383
2266:             1             24  sun.nio.cs.ext.IBM273
2267:             1             24  sun.nio.cs.ext.IBM277
2268:             1             24  sun.nio.cs.ext.IBM278
2269:             1             24  sun.nio.cs.ext.IBM280
2270:             1             24  sun.nio.cs.ext.IBM284
2271:             1             24  sun.nio.cs.ext.IBM285
2272:             1             24  sun.nio.cs.ext.IBM290
2273:             1             24  sun.nio.cs.ext.IBM297
2274:             1             24  sun.nio.cs.ext.IBM300
2275:             1             24  sun.nio.cs.ext.IBM33722
2276:             1             24  sun.nio.cs.ext.IBM420
2277:             1             24  sun.nio.cs.ext.IBM424
2278:             1             24  sun.nio.cs.ext.IBM500
2279:             1             24  sun.nio.cs.ext.IBM833
2280:             1             24  sun.nio.cs.ext.IBM834
2281:             1             24  sun.nio.cs.ext.IBM838
2282:             1             24  sun.nio.cs.ext.IBM856
2283:             1             24  sun.nio.cs.ext.IBM860
2284:             1             24  sun.nio.cs.ext.IBM861
2285:             1             24  sun.nio.cs.ext.IBM863
2286:             1             24  sun.nio.cs.ext.IBM864
2287:             1             24  sun.nio.cs.ext.IBM865
2288:             1             24  sun.nio.cs.ext.IBM868
2289:             1             24  sun.nio.cs.ext.IBM869
2290:             1             24  sun.nio.cs.ext.IBM870
2291:             1             24  sun.nio.cs.ext.IBM871
2292:             1             24  sun.nio.cs.ext.IBM875
2293:             1             24  sun.nio.cs.ext.IBM918
2294:             1             24  sun.nio.cs.ext.IBM921
2295:             1             24  sun.nio.cs.ext.IBM922
2296:             1             24  sun.nio.cs.ext.IBM930
2297:             1             24  sun.nio.cs.ext.IBM933
2298:             1             24  sun.nio.cs.ext.IBM935
2299:             1             24  sun.nio.cs.ext.IBM937
2300:             1             24  sun.nio.cs.ext.IBM939
2301:             1             24  sun.nio.cs.ext.IBM942
2302:             1             24  sun.nio.cs.ext.IBM942C
2303:             1             24  sun.nio.cs.ext.IBM943
2304:             1             24  sun.nio.cs.ext.IBM943C
2305:             1             24  sun.nio.cs.ext.IBM948
2306:             1             24  sun.nio.cs.ext.IBM949
2307:             1             24  sun.nio.cs.ext.IBM949C
2308:             1             24  sun.nio.cs.ext.IBM950
2309:             1             24  sun.nio.cs.ext.IBM964
2310:             1             24  sun.nio.cs.ext.IBM970
2311:             1             24  sun.nio.cs.ext.ISCII91
2312:             1             24  sun.nio.cs.ext.ISO2022_CN
2313:             1             24  sun.nio.cs.ext.ISO2022_CN_CNS
2314:             1             24  sun.nio.cs.ext.ISO2022_CN_GB
2315:             1             24  sun.nio.cs.ext.ISO2022_JP
2316:             1             24  sun.nio.cs.ext.ISO2022_JP_2
2317:             1             24  sun.nio.cs.ext.ISO2022_KR
2318:             1             24  sun.nio.cs.ext.ISO_8859_11
2319:             1             24  sun.nio.cs.ext.ISO_8859_3
2320:             1             24  sun.nio.cs.ext.ISO_8859_6
2321:             1             24  sun.nio.cs.ext.ISO_8859_8
2322:             1             24  sun.nio.cs.ext.JISAutoDetect
2323:             1             24  sun.nio.cs.ext.JIS_X_0201
2324:             1             24  sun.nio.cs.ext.JIS_X_0208
2325:             1             24  sun.nio.cs.ext.JIS_X_0212
2326:             1             24  sun.nio.cs.ext.Johab
2327:             1             24  sun.nio.cs.ext.MS1255
2328:             1             24  sun.nio.cs.ext.MS1256
2329:             1             24  sun.nio.cs.ext.MS1258
2330:             1             24  sun.nio.cs.ext.MS50220
2331:             1             24  sun.nio.cs.ext.MS50221
2332:             1             24  sun.nio.cs.ext.MS874
2333:             1             24  sun.nio.cs.ext.MS932
2334:             1             24  sun.nio.cs.ext.MS932_0213
2335:             1             24  sun.nio.cs.ext.MS936
2336:             1             24  sun.nio.cs.ext.MS949
2337:             1             24  sun.nio.cs.ext.MS950
2338:             1             24  sun.nio.cs.ext.MS950_HKSCS
2339:             1             24  sun.nio.cs.ext.MS950_HKSCS_XP
2340:             1             24  sun.nio.cs.ext.MSISO2022JP
2341:             1             24  sun.nio.cs.ext.MacArabic
2342:             1             24  sun.nio.cs.ext.MacCentralEurope
2343:             1             24  sun.nio.cs.ext.MacCroatian
2344:             1             24  sun.nio.cs.ext.MacCyrillic
2345:             1             24  sun.nio.cs.ext.MacDingbat
2346:             1             24  sun.nio.cs.ext.MacGreek
2347:             1             24  sun.nio.cs.ext.MacHebrew
2348:             1             24  sun.nio.cs.ext.MacIceland
2349:             1             24  sun.nio.cs.ext.MacRoman
2350:             1             24  sun.nio.cs.ext.MacRomania
2351:             1             24  sun.nio.cs.ext.MacSymbol
2352:             1             24  sun.nio.cs.ext.MacThai
2353:             1             24  sun.nio.cs.ext.MacTurkish
2354:             1             24  sun.nio.cs.ext.MacUkraine
2355:             1             24  sun.nio.cs.ext.PCK
2356:             1             24  sun.nio.cs.ext.SJIS
2357:             1             24  sun.nio.cs.ext.SJIS_0213
2358:             1             24  sun.nio.cs.ext.TIS_620
2359:             1             24  sun.nio.fs.NativeBuffer$Deallocator
2360:             1             24  sun.reflect.Label$PatchInfo
2361:             1             24  sun.reflect.annotation.AnnotationType$1
2362:             1             24  sun.reflect.annotation.TypeAnnotation$LocationInfo
2363:             1             24  sun.security.action.GetPropertyAction
2364:             1             24  sun.util.locale.BaseLocale$Cache
2365:             1             24  sun.util.locale.provider.CalendarDataProviderImpl
2366:             1             24  sun.util.locale.provider.CalendarProviderImpl
2367:             1             24  sun.util.locale.provider.CurrencyNameProviderImpl
2368:             1             24  sun.util.locale.provider.DateFormatSymbolsProviderImpl
2369:             1             24  sun.util.locale.provider.DecimalFormatSymbolsProviderImpl
2370:             1             24  sun.util.locale.provider.NumberFormatProviderImpl
2371:             1             24  sun.util.locale.provider.TimeZoneNameProviderImpl
2372:             1             16  [Lch.qos.logback.core.Appender;
2373:             1             16  [Lch.qos.logback.core.filter.Filter;
2374:             1             16  [Lcom.fasterxml.classmate.members.RawConstructor;
2375:             1             16  [Lcom.fasterxml.classmate.members.RawField;
2376:             1             16  [Lcom.fasterxml.classmate.members.RawMethod;
2377:             1             16  [Lcom.fasterxml.jackson.databind.AbstractTypeResolver;
2378:             1             16  [Lcom.fasterxml.jackson.databind.deser.BeanDeserializerModifier;
2379:             1             16  [Lcom.fasterxml.jackson.databind.ser.BeanSerializerModifier;
2380:             1             16  [Lcom.fasterxml.jackson.databind.util.ClassUtil$Ctor;
2381:             1             16  [Ljava.beans.EventSetDescriptor;
2382:             1             16  [Ljava.lang.Throwable;
2383:             1             16  [Ljava.lang.reflect.AnnotatedType;
2384:             1             16  [Ljava.nio.file.attribute.FileAttribute;
2385:             1             16  [Ljava.security.Provider;
2386:             1             16  [Ljava.security.cert.Certificate;
2387:             1             16  [Ljava.text.FieldPosition;
2388:             1             16  [Ljava.time.zone.ZoneOffsetTransitionRule;
2389:             1             16  [Ljava.util.logging.Handler;
2390:             1             16  [Lorg.apache.catalina.core.DefaultInstanceManager$AnnotationCacheEntry;
2391:             1             16  [Lorg.apache.catalina.servlets.DefaultServlet$CompressionFormat;
2392:             1             16  [Lorg.apache.tomcat.util.descriptor.web.ApplicationParameter;
2393:             1             16  [Lorg.apache.tomcat.util.descriptor.web.SecurityConstraint;
2394:             1             16  [Lorg.springframework.aop.Advisor;
2395:             1             16  [Lorg.springframework.boot.web.client.RestTemplateCustomizer;
2396:             1             16  [Lorg.springframework.util.MimeType;
2397:             1             16  [Lorg.springframework.web.context.request.async.CallableProcessingInterceptor;
2398:             1             16  [Lorg.springframework.web.context.request.async.DeferredResultProcessingInterceptor;
2399:             1             16  [Lsun.reflect.annotation.TypeAnnotation$LocationInfo$Location;
2400:             1             16  ch.qos.logback.classic.pattern.EnsureExceptionHandling
2401:             1             16  ch.qos.logback.classic.pattern.TargetLengthBasedClassNameAbbreviator
2402:             1             16  ch.qos.logback.classic.selector.DefaultContextSelector
2403:             1             16  ch.qos.logback.core.LifeCycleManager
2404:             1             16  ch.qos.logback.core.joran.spi.ConsoleTarget$1
2405:             1             16  ch.qos.logback.core.joran.spi.ConsoleTarget$2
2406:             1             16  ch.qos.logback.core.spi.AppenderAttachableImpl
2407:             1             16  ch.qos.logback.core.spi.FilterAttachableImpl
2408:             1             16  com.fasterxml.classmate.TypeResolver
2409:             1             16  com.fasterxml.classmate.util.ResolvedTypeCache
2410:             1             16  com.fasterxml.jackson.core.util.DefaultPrettyPrinter$FixedSpaceIndenter
2411:             1             16  com.fasterxml.jackson.core.util.DefaultPrettyPrinter$NopIndenter
2412:             1             16  com.fasterxml.jackson.databind.deser.std.StdKeyDeserializers
2413:             1             16  com.fasterxml.jackson.databind.ext.Java7SupportImpl
2414:             1             16  com.fasterxml.jackson.databind.introspect.AnnotationCollector$NoAnnotations
2415:             1             16  com.fasterxml.jackson.databind.introspect.NopAnnotationIntrospector$1
2416:             1             16  com.fasterxml.jackson.databind.ser.impl.UnknownSerializer
2417:             1             16  com.fasterxml.jackson.databind.ser.std.NullSerializer
2418:             1             16  com.fasterxml.jackson.databind.ser.std.StringSerializer
2419:             1             16  com.fasterxml.jackson.databind.ser.std.UUIDSerializer
2420:             1             16  com.fasterxml.jackson.datatype.jdk8.Jdk8Module
2421:             1             16  com.fasterxml.jackson.datatype.jsr310.deser.DurationDeserializer
2422:             1             16  com.fasterxml.jackson.datatype.jsr310.deser.InstantDeserializer$$Lambda$118/428881153
2423:             1             16  com.fasterxml.jackson.datatype.jsr310.deser.InstantDeserializer$$Lambda$119/582164106
2424:             1             16  com.fasterxml.jackson.datatype.jsr310.deser.InstantDeserializer$$Lambda$120/356607145
2425:             1             16  com.fasterxml.jackson.datatype.jsr310.deser.InstantDeserializer$$Lambda$121/1815913890
2426:             1             16  com.fasterxml.jackson.datatype.jsr310.deser.InstantDeserializer$$Lambda$122/1917251744
2427:             1             16  com.fasterxml.jackson.datatype.jsr310.deser.InstantDeserializer$$Lambda$123/2022006742
2428:             1             16  com.fasterxml.jackson.datatype.jsr310.deser.InstantDeserializer$$Lambda$124/542349698
2429:             1             16  com.fasterxml.jackson.datatype.jsr310.deser.InstantDeserializer$$Lambda$125/692791711
2430:             1             16  com.fasterxml.jackson.datatype.jsr310.deser.InstantDeserializer$$Lambda$126/1816989670
2431:             1             16  com.fasterxml.jackson.datatype.jsr310.deser.InstantDeserializer$$Lambda$127/1046779478
2432:             1             16  com.fasterxml.jackson.datatype.jsr310.deser.InstantDeserializer$$Lambda$128/46630801
2433:             1             16  com.fasterxml.jackson.datatype.jsr310.deser.InstantDeserializer$$Lambda$129/1915769223
2434:             1             16  com.fasterxml.jackson.datatype.jsr310.deser.key.DurationKeyDeserializer
2435:             1             16  com.fasterxml.jackson.datatype.jsr310.deser.key.InstantKeyDeserializer
2436:             1             16  com.fasterxml.jackson.datatype.jsr310.deser.key.LocalDateKeyDeserializer
2437:             1             16  com.fasterxml.jackson.datatype.jsr310.deser.key.LocalDateTimeKeyDeserializer
2438:             1             16  com.fasterxml.jackson.datatype.jsr310.deser.key.LocalTimeKeyDeserializer
2439:             1             16  com.fasterxml.jackson.datatype.jsr310.deser.key.MonthDayKeyDeserializer
2440:             1             16  com.fasterxml.jackson.datatype.jsr310.deser.key.OffsetDateTimeKeyDeserializer
2441:             1             16  com.fasterxml.jackson.datatype.jsr310.deser.key.OffsetTimeKeyDeserializer
2442:             1             16  com.fasterxml.jackson.datatype.jsr310.deser.key.PeriodKeyDeserializer
2443:             1             16  com.fasterxml.jackson.datatype.jsr310.deser.key.YearKeyDeserializer
2444:             1             16  com.fasterxml.jackson.datatype.jsr310.deser.key.YearMothKeyDeserializer
2445:             1             16  com.fasterxml.jackson.datatype.jsr310.deser.key.ZoneIdKeyDeserializer
2446:             1             16  com.fasterxml.jackson.datatype.jsr310.deser.key.ZoneOffsetKeyDeserializer
2447:             1             16  com.fasterxml.jackson.datatype.jsr310.deser.key.ZonedDateTimeKeyDeserializer
2448:             1             16  com.fasterxml.jackson.datatype.jsr310.ser.InstantSerializer$$Lambda$130/1376732591
2449:             1             16  com.fasterxml.jackson.datatype.jsr310.ser.InstantSerializer$$Lambda$131/583240192
2450:             1             16  com.fasterxml.jackson.datatype.jsr310.ser.InstantSerializer$$Lambda$132/1594312004
2451:             1             16  com.fasterxml.jackson.datatype.jsr310.ser.OffsetDateTimeSerializer$$Lambda$133/654906017
2452:             1             16  com.fasterxml.jackson.datatype.jsr310.ser.OffsetDateTimeSerializer$$Lambda$135/1119968865
2453:             1             16  com.fasterxml.jackson.datatype.jsr310.ser.OffsetDateTimeSerializer$$Lambda$136/1599615998
2454:             1             16  com.fasterxml.jackson.datatype.jsr310.ser.ZonedDateTimeSerializer$$Lambda$137/2071101517
2455:             1             16  com.fasterxml.jackson.datatype.jsr310.ser.ZonedDateTimeSerializer$$Lambda$138/760346968
2456:             1             16  com.fasterxml.jackson.datatype.jsr310.ser.ZonedDateTimeSerializer$$Lambda$139/837778080
2457:             1             16  com.fasterxml.jackson.datatype.jsr310.ser.key.ZonedDateTimeKeySerializer
2458:             1             16  com.fasterxml.jackson.module.paramnames.ParameterExtractor
2459:             1             16  com.sun.jmx.interceptor.DefaultMBeanServerInterceptor$ResourceContext$1
2460:             1             16  com.sun.jmx.mbeanserver.DefaultMXBeanMappingFactory
2461:             1             16  com.sun.jmx.mbeanserver.DescriptorCache
2462:             1             16  com.sun.jmx.mbeanserver.MBeanAnalyzer$MethodOrder
2463:             1             16  com.sun.jmx.mbeanserver.MBeanInstantiator
2464:             1             16  com.sun.jmx.mbeanserver.MXBeanIntrospector
2465:             1             16  com.sun.jmx.mbeanserver.SecureClassLoaderRepository
2466:             1             16  com.sun.naming.internal.VersionHelper12
2467:             1             16  com.sun.org.apache.xalan.internal.utils.SecuritySupport
2468:             1             16  com.sun.org.apache.xerces.internal.impl.dv.dtd.DTDDVFactoryImpl
2469:             1             16  com.sun.org.apache.xerces.internal.impl.dv.dtd.IDDatatypeValidator
2470:             1             16  com.sun.org.apache.xerces.internal.impl.dv.dtd.IDREFDatatypeValidator
2471:             1             16  com.sun.org.apache.xerces.internal.impl.dv.dtd.NMTOKENDatatypeValidator
2472:             1             16  com.sun.org.apache.xerces.internal.impl.dv.dtd.NOTATIONDatatypeValidator
2473:             1             16  com.sun.org.apache.xerces.internal.impl.dv.dtd.StringDatatypeValidator
2474:             1             16  com.sun.org.apache.xerces.internal.parsers.AbstractSAXParser$AttributesProxy
2475:             1             16  com.sun.org.apache.xerces.internal.util.EntityResolver2Wrapper
2476:             1             16  com.sun.org.apache.xerces.internal.util.ErrorHandlerWrapper
2477:             1             16  com.sun.org.apache.xerces.internal.utils.SecuritySupport
2478:             1             16  com.sun.proxy.$Proxy10
2479:             1             16  com.sun.proxy.$Proxy11
2480:             1             16  com.sun.proxy.$Proxy13
2481:             1             16  com.sun.proxy.$Proxy14
2482:             1             16  com.sun.proxy.$Proxy15
2483:             1             16  com.sun.proxy.$Proxy17
2484:             1             16  com.sun.proxy.$Proxy20
2485:             1             16  com.sun.proxy.$Proxy22
2486:             1             16  com.sun.proxy.$Proxy31
2487:             1             16  com.sun.proxy.$Proxy40
2488:             1             16  com.sun.proxy.$Proxy46
2489:             1             16  com.sun.proxy.$Proxy53
2490:             1             16  com.sun.proxy.$Proxy57
2491:             1             16  com.sun.proxy.$Proxy58
2492:             1             16  com.sun.proxy.$Proxy60
2493:             1             16  com.sun.proxy.$Proxy61
2494:             1             16  io.github.kimmking.gateway.server.HelloController
2495:             1             16  java.io.Console$1
2496:             1             16  java.io.Console$2
2497:             1             16  java.io.DeleteOnExitHook$1
2498:             1             16  java.io.FileDescriptor$1
2499:             1             16  java.io.FileInputStream$1
2500:             1             16  java.lang.ApplicationShutdownHooks$1
2501:             1             16  java.lang.CharacterDataLatin1
2502:             1             16  java.lang.ClassValue$Identity
2503:             1             16  java.lang.Float
2504:             1             16  java.lang.InheritableThreadLocal
2505:             1             16  java.lang.ProcessEnvironment$CheckedEntrySet
2506:             1             16  java.lang.ProcessEnvironment$CheckedKeySet
2507:             1             16  java.lang.ProcessEnvironment$EntryComparator
2508:             1             16  java.lang.ProcessEnvironment$NameComparator
2509:             1             16  java.lang.Runtime
2510:             1             16  java.lang.String$CaseInsensitiveComparator
2511:             1             16  java.lang.System$2
2512:             1             16  java.lang.Terminator$1
2513:             1             16  java.lang.invoke.MemberName$Factory
2514:             1             16  java.lang.invoke.MethodHandleImpl$2
2515:             1             16  java.lang.invoke.MethodHandleImpl$3
2516:             1             16  java.lang.management.PlatformComponent$1
2517:             1             16  java.lang.management.PlatformComponent$10
2518:             1             16  java.lang.management.PlatformComponent$11
2519:             1             16  java.lang.management.PlatformComponent$12
2520:             1             16  java.lang.management.PlatformComponent$13
2521:             1             16  java.lang.management.PlatformComponent$14
2522:             1             16  java.lang.management.PlatformComponent$15
2523:             1             16  java.lang.management.PlatformComponent$2
2524:             1             16  java.lang.management.PlatformComponent$3
2525:             1             16  java.lang.management.PlatformComponent$4
2526:             1             16  java.lang.management.PlatformComponent$5
2527:             1             16  java.lang.management.PlatformComponent$6
2528:             1             16  java.lang.management.PlatformComponent$7
2529:             1             16  java.lang.management.PlatformComponent$8
2530:             1             16  java.lang.management.PlatformComponent$9
2531:             1             16  java.lang.ref.Reference$1
2532:             1             16  java.lang.ref.Reference$Lock
2533:             1             16  java.lang.reflect.Proxy$KeyFactory
2534:             1             16  java.lang.reflect.Proxy$ProxyClassFactory
2535:             1             16  java.lang.reflect.ReflectAccess
2536:             1             16  java.net.AbstractPlainSocketImpl$1
2537:             1             16  java.net.InetAddress$2
2538:             1             16  java.net.PlainSocketImpl$1
2539:             1             16  java.net.URLClassLoader$7
2540:             1             16  java.nio.Bits$1
2541:             1             16  java.nio.Bits$1$1
2542:             1             16  java.nio.channels.spi.SelectorProvider$1
2543:             1             16  java.nio.charset.CoderResult$1
2544:             1             16  java.nio.charset.CoderResult$2
2545:             1             16  java.nio.file.Files$AcceptAllFilter
2546:             1             16  java.security.ProtectionDomain$2
2547:             1             16  java.security.ProtectionDomain$JavaSecurityAccessImpl
2548:             1             16  java.text.DontCareFieldPosition$1
2549:             1             16  java.time.chrono.AbstractChronology$$Lambda$3/1587487668
2550:             1             16  java.time.chrono.AbstractChronology$$Lambda$4/1848402763
2551:             1             16  java.time.chrono.AbstractChronology$$Lambda$5/2121055098
2552:             1             16  java.time.chrono.IsoChronology
2553:             1             16  java.time.format.DateTimeFormatter$$Lambda$40/347998753
2554:             1             16  java.time.format.DateTimeFormatter$$Lambda$41/1418159396
2555:             1             16  java.time.format.DateTimeFormatterBuilder$$Lambda$39/1479098740
2556:             1             16  java.time.format.DateTimeFormatterBuilder$2
2557:             1             16  java.time.format.DateTimeFormatterBuilder$InstantPrinterParser
2558:             1             16  java.time.format.DateTimeTextProvider$1
2559:             1             16  java.util.Collections$EmptyEnumeration
2560:             1             16  java.util.Collections$EmptyIterator
2561:             1             16  java.util.Collections$EmptyList
2562:             1             16  java.util.Collections$EmptySet
2563:             1             16  java.util.Collections$ReverseComparator
2564:             1             16  java.util.Collections$UnmodifiableCollection
2565:             1             16  java.util.Currency$CurrencyNameGetter
2566:             1             16  java.util.EnumMap$1
2567:             1             16  java.util.IdentityHashMap$Values
2568:             1             16  java.util.ResourceBundle$Control
2569:             1             16  java.util.Spliterators$EmptySpliterator$OfDouble
2570:             1             16  java.util.Spliterators$EmptySpliterator$OfInt
2571:             1             16  java.util.Spliterators$EmptySpliterator$OfLong
2572:             1             16  java.util.Spliterators$EmptySpliterator$OfRef
2573:             1             16  java.util.WeakHashMap$KeySet
2574:             1             16  java.util.concurrent.ConcurrentSkipListSet
2575:             1             16  java.util.concurrent.ThreadPoolExecutor$AbortPolicy
2576:             1             16  java.util.function.Function$$Lambda$52/2008017533
2577:             1             16  java.util.jar.JavaUtilJarAccessImpl
2578:             1             16  java.util.logging.ErrorManager
2579:             1             16  java.util.logging.LoggingProxyImpl
2580:             1             16  java.util.regex.Pattern$4
2581:             1             16  java.util.regex.Pattern$LastNode
2582:             1             16  java.util.regex.Pattern$Node
2583:             1             16  java.util.stream.Collectors$$Lambda$161/1440047379
2584:             1             16  java.util.stream.Collectors$$Lambda$162/343965883
2585:             1             16  java.util.stream.Collectors$$Lambda$27/1993134103
2586:             1             16  java.util.stream.Collectors$$Lambda$28/653305407
2587:             1             16  java.util.stream.Collectors$$Lambda$29/604107971
2588:             1             16  java.util.stream.Collectors$$Lambda$30/123961122
2589:             1             16  java.util.stream.Collectors$$Lambda$326/487694075
2590:             1             16  java.util.stream.Collectors$$Lambda$327/1704629915
2591:             1             16  java.util.stream.Collectors$$Lambda$328/1989184704
2592:             1             16  java.util.stream.Collectors$$Lambda$66/879180702
2593:             1             16  java.util.stream.Collectors$$Lambda$68/1689963943
2594:             1             16  java.util.stream.Collectors$$Lambda$69/702222176
2595:             1             16  java.util.stream.Collectors$$Lambda$97/1745718264
2596:             1             16  java.util.stream.FindOps$$Lambda$18/1174290147
2597:             1             16  java.util.stream.FindOps$$Lambda$19/1811075214
2598:             1             16  java.util.zip.ZipFile$1
2599:             1             16  javax.management.JMX
2600:             1             16  javax.management.MBeanServerBuilder
2601:             1             16  javax.management.NotificationBroadcasterSupport$1
2602:             1             16  javax.validation.Validation$GetValidationProviderListAction
2603:             1             16  javax.xml.parsers.SecuritySupport
2604:             1             16  javax.xml.transform.SecuritySupport
2605:             1             16  org.apache.catalina.authenticator.AuthenticatorBase$NoOpAuthConfigProvider
2606:             1             16  org.apache.catalina.connector.CoyoteAdapter
2607:             1             16  org.apache.catalina.connector.CoyoteAdapter$1
2608:             1             16  org.apache.catalina.core.AprLifecycleListener
2609:             1             16  org.apache.catalina.core.ContainerBase$ContainerBackgroundProcessor
2610:             1             16  org.apache.catalina.core.StandardContext$1
2611:             1             16  org.apache.catalina.core.StandardHost$MemoryLeakTrackingListener
2612:             1             16  org.apache.catalina.mbeans.MBeanFactory
2613:             1             16  org.apache.catalina.realm.X509SubjectDnRetriever
2614:             1             16  org.apache.catalina.startup.Tomcat$FixContextListener
2615:             1             16  org.apache.catalina.util.CharsetMapper
2616:             1             16  org.apache.el.ExpressionFactoryImpl
2617:             1             16  org.apache.juli.logging.LogFactory
2618:             1             16  org.apache.logging.log4j.message.ParameterizedNoReferenceMessageFactory
2619:             1             16  org.apache.logging.log4j.message.ReusableMessageFactory
2620:             1             16  org.apache.logging.log4j.spi.LoggerRegistry$ConcurrentMapFactory
2621:             1             16  org.apache.logging.log4j.util.LoaderUtil$ThreadContextClassLoaderGetter
2622:             1             16  org.apache.logging.log4j.util.ProviderUtil
2623:             1             16  org.apache.logging.slf4j.SLF4JLoggerContext
2624:             1             16  org.apache.logging.slf4j.SLF4JLoggerContextFactory
2625:             1             16  org.apache.tomcat.util.buf.StringCache
2626:             1             16  org.apache.tomcat.util.compat.Jre8Compat
2627:             1             16  org.apache.tomcat.util.digester.Digester$SystemPropertySource
2628:             1             16  org.apache.tomcat.util.http.CookieProcessorBase$1
2629:             1             16  org.apache.tomcat.util.http.Rfc6265CookieProcessor
2630:             1             16  org.apache.tomcat.util.threads.ThreadPoolExecutor$RejectHandler
2631:             1             16  org.apache.tomcat.websocket.server.WsContextListener
2632:             1             16  org.apache.tomcat.websocket.server.WsFilter
2633:             1             16  org.apache.tomcat.websocket.server.WsSessionListener
2634:             1             16  org.apache.tomcat.websocket.server.WsWriteTimeout$EndpointComparator
2635:             1             16  org.hibernate.validator.HibernateValidator
2636:             1             16  org.hibernate.validator.internal.engine.ConfigurationImpl$$Lambda$64/512516720
2637:             1             16  org.hibernate.validator.internal.engine.DefaultClockProvider
2638:             1             16  org.hibernate.validator.internal.engine.DefaultParameterNameProvider
2639:             1             16  org.hibernate.validator.internal.engine.constraintvalidation.ConstraintValidatorManager$1
2640:             1             16  org.hibernate.validator.internal.engine.groups.ValidationOrderGenerator
2641:             1             16  org.hibernate.validator.internal.engine.resolver.TraverseAllTraversableResolver
2642:             1             16  org.hibernate.validator.internal.engine.valueextraction.AnnotatedObject
2643:             1             16  org.hibernate.validator.internal.engine.valueextraction.BooleanArrayValueExtractor
2644:             1             16  org.hibernate.validator.internal.engine.valueextraction.ByteArrayValueExtractor
2645:             1             16  org.hibernate.validator.internal.engine.valueextraction.CharArrayValueExtractor
2646:             1             16  org.hibernate.validator.internal.engine.valueextraction.DoubleArrayValueExtractor
2647:             1             16  org.hibernate.validator.internal.engine.valueextraction.FloatArrayValueExtractor
2648:             1             16  org.hibernate.validator.internal.engine.valueextraction.IntArrayValueExtractor
2649:             1             16  org.hibernate.validator.internal.engine.valueextraction.IterableValueExtractor
2650:             1             16  org.hibernate.validator.internal.engine.valueextraction.ListPropertyValueExtractor
2651:             1             16  org.hibernate.validator.internal.engine.valueextraction.ListValueExtractor
2652:             1             16  org.hibernate.validator.internal.engine.valueextraction.LongArrayValueExtractor
2653:             1             16  org.hibernate.validator.internal.engine.valueextraction.MapKeyExtractor
2654:             1             16  org.hibernate.validator.internal.engine.valueextraction.MapPropertyKeyExtractor
2655:             1             16  org.hibernate.validator.internal.engine.valueextraction.MapPropertyValueExtractor
2656:             1             16  org.hibernate.validator.internal.engine.valueextraction.MapValueExtractor
2657:             1             16  org.hibernate.validator.internal.engine.valueextraction.ObjectArrayValueExtractor
2658:             1             16  org.hibernate.validator.internal.engine.valueextraction.ObservableValueValueExtractor
2659:             1             16  org.hibernate.validator.internal.engine.valueextraction.OptionalDoubleValueExtractor
2660:             1             16  org.hibernate.validator.internal.engine.valueextraction.OptionalIntValueExtractor
2661:             1             16  org.hibernate.validator.internal.engine.valueextraction.OptionalLongValueExtractor
2662:             1             16  org.hibernate.validator.internal.engine.valueextraction.OptionalValueExtractor
2663:             1             16  org.hibernate.validator.internal.engine.valueextraction.ReadOnlyListPropertyValueExtractor
2664:             1             16  org.hibernate.validator.internal.engine.valueextraction.ReadOnlyMapPropertyKeyExtractor
2665:             1             16  org.hibernate.validator.internal.engine.valueextraction.ReadOnlyMapPropertyValueExtractor
2666:             1             16  org.hibernate.validator.internal.engine.valueextraction.ReadOnlySetPropertyValueExtractor
2667:             1             16  org.hibernate.validator.internal.engine.valueextraction.SetPropertyValueExtractor
2668:             1             16  org.hibernate.validator.internal.engine.valueextraction.ShortArrayValueExtractor
2669:             1             16  org.hibernate.validator.internal.metadata.aggregated.rule.OverridingMethodMustNotAlterParameterConstraints
2670:             1             16  org.hibernate.validator.internal.metadata.aggregated.rule.ParallelMethodsMustNotDefineGroupConversionForCascadedReturnValue
2671:             1             16  org.hibernate.validator.internal.metadata.aggregated.rule.ParallelMethodsMustNotDefineParameterConstraints
2672:             1             16  org.hibernate.validator.internal.metadata.aggregated.rule.ReturnValueMayOnlyBeMarkedOnceAsCascadedPerHierarchyLine
2673:             1             16  org.hibernate.validator.internal.metadata.aggregated.rule.VoidMethodsMustNotBeReturnValueConstrained
2674:             1             16  org.hibernate.validator.internal.metadata.core.ConstraintHelper$ValidatorDescriptorMap
2675:             1             16  org.hibernate.validator.internal.metadata.provider.AnnotationMetaDataProvider$$Lambda$96/1738153496
2676:             1             16  org.hibernate.validator.internal.util.ExecutableHelper
2677:             1             16  org.hibernate.validator.internal.util.ExecutableParameterNameProvider
2678:             1             16  org.hibernate.validator.internal.util.TypeResolutionHelper
2679:             1             16  org.hibernate.validator.internal.util.logging.Messages_$bundle
2680:             1             16  org.hibernate.validator.resourceloading.PlatformResourceBundleLocator$AggregateResourceBundleControl
2681:             1             16  org.jboss.logging.Log4j2LoggerProvider
2682:             1             16  org.slf4j.helpers.NOPLoggerFactory
2683:             1             16  org.springframework.aop.Advisor$1
2684:             1             16  org.springframework.aop.TrueMethodMatcher
2685:             1             16  org.springframework.aop.TruePointcut
2686:             1             16  org.springframework.aop.framework.DefaultAdvisorChainFactory
2687:             1             16  org.springframework.aop.framework.DefaultAopProxyFactory
2688:             1             16  org.springframework.beans.CachedIntrospectionResults$$Lambda$329/77269878
2689:             1             16  org.springframework.beans.CachedIntrospectionResults$$Lambda$330/1990160809
2690:             1             16  org.springframework.beans.CachedIntrospectionResults$$Lambda$331/1285524499
2691:             1             16  org.springframework.beans.ExtendedBeanInfo$$Lambda$286/992846223
2692:             1             16  org.springframework.beans.ExtendedBeanInfoFactory
2693:             1             16  org.springframework.beans.factory.parsing.FailFastProblemReporter
2694:             1             16  org.springframework.beans.factory.parsing.PassThroughSourceExtractor
2695:             1             16  org.springframework.beans.factory.support.AutowireUtils$$Lambda$157/1447689627
2696:             1             16  org.springframework.beans.factory.support.AutowireUtils$$Lambda$171/1540270363
2697:             1             16  org.springframework.beans.factory.support.CglibSubclassingInstantiationStrategy
2698:             1             16  org.springframework.beans.factory.support.DefaultSingletonBeanRegistry$$Lambda$113/13648335
2699:             1             16  org.springframework.beans.factory.support.DefaultSingletonBeanRegistry$$Lambda$114/312116338
2700:             1             16  org.springframework.boot.ClearCachesApplicationListener
2701:             1             16  org.springframework.boot.SpringBootBanner
2702:             1             16  org.springframework.boot.StartupInfoLogger
2703:             1             16  org.springframework.boot.autoconfigure.AutoConfigurationImportSelector$$Lambda$143/114132791
2704:             1             16  org.springframework.boot.autoconfigure.BackgroundPreinitializer
2705:             1             16  org.springframework.boot.autoconfigure.BackgroundPreinitializer$1
2706:             1             16  org.springframework.boot.autoconfigure.SharedMetadataReaderFactoryContextInitializer
2707:             1             16  org.springframework.boot.autoconfigure.SharedMetadataReaderFactoryContextInitializer$CachingMetadataReaderFactoryPostProcessor
2708:             1             16  org.springframework.boot.autoconfigure.SharedMetadataReaderFactoryContextInitializer$SharedMetadataReaderFactoryBean
2709:             1             16  org.springframework.boot.autoconfigure.condition.BeanTypeRegistry$$Lambda$159/1690287238
2710:             1             16  org.springframework.boot.autoconfigure.condition.BeanTypeRegistry$$Lambda$160/1690254271
2711:             1             16  org.springframework.boot.autoconfigure.condition.ConditionEvaluationReport$$Lambda$319/1559122513
2712:             1             16  org.springframework.boot.autoconfigure.condition.ConditionEvaluationReport$AncestorsMatchedCondition
2713:             1             16  org.springframework.boot.autoconfigure.context.MessageSourceAutoConfiguration$ResourceBundleCondition
2714:             1             16  org.springframework.boot.autoconfigure.http.HttpMessageConverters
2715:             1             16  org.springframework.boot.autoconfigure.http.codec.CodecsAutoConfiguration$JacksonCodecConfiguration$$Lambda$314/1383524016
2716:             1             16  org.springframework.boot.autoconfigure.info.ProjectInfoProperties$Build
2717:             1             16  org.springframework.boot.autoconfigure.info.ProjectInfoProperties$Git
2718:             1             16  org.springframework.boot.autoconfigure.jdbc.DataSourceBeanCreationFailureAnalyzer
2719:             1             16  org.springframework.boot.autoconfigure.logging.ConditionEvaluationReportLoggingListener$ConditionEvaluationReportListener
2720:             1             16  org.springframework.boot.autoconfigure.session.NonUniqueSessionRepositoryFailureAnalyzer
2721:             1             16  org.springframework.boot.autoconfigure.template.TemplateAvailabilityProviders$NoTemplateAvailabilityProvider
2722:             1             16  org.springframework.boot.autoconfigure.web.ErrorProperties$Whitelabel
2723:             1             16  org.springframework.boot.autoconfigure.web.OnEnabledResourceChainCondition
2724:             1             16  org.springframework.boot.autoconfigure.web.ResourceProperties$Cache$Cachecontrol$$Lambda$294/2045766957
2725:             1             16  org.springframework.boot.autoconfigure.web.ResourceProperties$Cache$Cachecontrol$$Lambda$296/665726928
2726:             1             16  org.springframework.boot.autoconfigure.web.ResourceProperties$Cache$Cachecontrol$$Lambda$297/689401025
2727:             1             16  org.springframework.boot.autoconfigure.web.ResourceProperties$Cache$Cachecontrol$$Lambda$298/790067787
2728:             1             16  org.springframework.boot.autoconfigure.web.ResourceProperties$Cache$Cachecontrol$$Lambda$299/1115201599
2729:             1             16  org.springframework.boot.autoconfigure.web.ResourceProperties$Cache$Cachecontrol$$Lambda$300/343856911
2730:             1             16  org.springframework.boot.autoconfigure.web.ResourceProperties$Cache$Cachecontrol$$Lambda$301/102617125
2731:             1             16  org.springframework.boot.autoconfigure.web.ResourceProperties$Cache$Cachecontrol$$Lambda$302/306980751
2732:             1             16  org.springframework.boot.autoconfigure.web.ResourceProperties$Cache$Cachecontrol$$Lambda$303/363988129
2733:             1             16  org.springframework.boot.autoconfigure.web.ResourceProperties$Cache$Cachecontrol$$Lambda$304/1997963191
2734:             1             16  org.springframework.boot.autoconfigure.web.ResourceProperties$Cache$Cachecontrol$$Lambda$305/534906248
2735:             1             16  org.springframework.boot.autoconfigure.web.ResourceProperties$Cache$Cachecontrol$$Lambda$306/1826699684
2736:             1             16  org.springframework.boot.autoconfigure.web.ResourceProperties$Cache$Cachecontrol$$Lambda$307/1769193365
2737:             1             16  org.springframework.boot.autoconfigure.web.ResourceProperties$Cache$Cachecontrol$$Lambda$308/769429195
2738:             1             16  org.springframework.boot.autoconfigure.web.ResourceProperties$Cache$Cachecontrol$$Lambda$309/580718781
2739:             1             16  org.springframework.boot.autoconfigure.web.ResourceProperties$Cache$Cachecontrol$$Lambda$310/1196695891
2740:             1             16  org.springframework.boot.autoconfigure.web.ServerProperties$Tomcat$Resource
2741:             1             16  org.springframework.boot.autoconfigure.web.embedded.EmbeddedWebServerFactoryCustomizerAutoConfiguration$TomcatWebServerFactoryCustomizerConfiguration
2742:             1             16  org.springframework.boot.autoconfigure.web.embedded.TomcatWebServerFactoryCustomizer$$Lambda$234/1475491159
2743:             1             16  org.springframework.boot.autoconfigure.web.embedded.TomcatWebServerFactoryCustomizer$$Lambda$238/40472007
2744:             1             16  org.springframework.boot.autoconfigure.web.embedded.TomcatWebServerFactoryCustomizer$$Lambda$250/450003680
2745:             1             16  org.springframework.boot.autoconfigure.web.embedded.TomcatWebServerFactoryCustomizer$$Lambda$253/1356728614
2746:             1             16  org.springframework.boot.autoconfigure.web.embedded.TomcatWebServerFactoryCustomizer$$Lambda$265/1032000752
2747:             1             16  org.springframework.boot.autoconfigure.web.servlet.DispatcherServletAutoConfiguration$DefaultDispatcherServletCondition
2748:             1             16  org.springframework.boot.autoconfigure.web.servlet.DispatcherServletAutoConfiguration$DispatcherServletRegistrationCondition
2749:             1             16  org.springframework.boot.autoconfigure.web.servlet.HttpEncodingAutoConfiguration$LocaleCharsetMappingsCustomizer
2750:             1             16  org.springframework.boot.autoconfigure.web.servlet.ServletWebServerFactoryCustomizer
2751:             1             16  org.springframework.boot.autoconfigure.web.servlet.TomcatServletWebServerFactoryCustomizer
2752:             1             16  org.springframework.boot.autoconfigure.web.servlet.WebMvcAutoConfiguration$WebMvcAutoConfigurationAdapter$$Lambda$311/634540230
2753:             1             16  org.springframework.boot.autoconfigure.web.servlet.WebMvcAutoConfiguration$WebMvcAutoConfigurationAdapter$$Lambda$312/1307904972
2754:             1             16  org.springframework.boot.autoconfigure.web.servlet.WebMvcProperties$Async
2755:             1             16  org.springframework.boot.autoconfigure.web.servlet.WebMvcProperties$Pathmatch
2756:             1             16  org.springframework.boot.autoconfigure.web.servlet.WebMvcProperties$Servlet
2757:             1             16  org.springframework.boot.autoconfigure.web.servlet.error.ErrorMvcAutoConfiguration$ErrorTemplateMissingCondition
2758:             1             16  org.springframework.boot.autoconfigure.web.servlet.error.ErrorMvcAutoConfiguration$PreserveErrorControllerTargetClassPostProcessor
2759:             1             16  org.springframework.boot.autoconfigure.websocket.servlet.TomcatWebSocketServletWebServerCustomizer
2760:             1             16  org.springframework.boot.autoconfigure.websocket.servlet.TomcatWebSocketServletWebServerCustomizer$$Lambda$205/17037394
2761:             1             16  org.springframework.boot.context.ConfigurationWarningsApplicationContextInitializer
2762:             1             16  org.springframework.boot.context.ConfigurationWarningsApplicationContextInitializer$ComponentScanPackageCheck
2763:             1             16  org.springframework.boot.context.ConfigurationWarningsApplicationContextInitializer$ConfigurationWarningsPostProcessor
2764:             1             16  org.springframework.boot.context.ContextIdApplicationContextInitializer
2765:             1             16  org.springframework.boot.context.FileEncodingApplicationListener
2766:             1             16  org.springframework.boot.context.config.AnsiOutputApplicationListener
2767:             1             16  org.springframework.boot.context.config.AnsiOutputApplicationListener$$Lambda$79/1500056228
2768:             1             16  org.springframework.boot.context.config.ConfigFileApplicationListener$Loader$$Lambda$25/1579572132
2769:             1             16  org.springframework.boot.context.config.ConfigFileApplicationListener$Loader$$Lambda$32/971848845
2770:             1             16  org.springframework.boot.context.config.ConfigFileApplicationListener$Loader$$Lambda$62/429313384
2771:             1             16  org.springframework.boot.context.config.ConfigFileApplicationListener$Loader$$Lambda$65/5592464
2772:             1             16  org.springframework.boot.context.config.DelegatingApplicationContextInitializer
2773:             1             16  org.springframework.boot.context.logging.ClasspathLoggingApplicationListener
2774:             1             16  org.springframework.boot.context.logging.LoggingApplicationListener$$Lambda$91/1870252780
2775:             1             16  org.springframework.boot.context.properties.CompositePropertySources
2776:             1             16  org.springframework.boot.context.properties.CompositePropertySources$$Lambda$186/1418385211
2777:             1             16  org.springframework.boot.context.properties.ConfigurationPropertiesBinder$$Lambda$185/1291113768
2778:             1             16  org.springframework.boot.context.properties.EnableConfigurationPropertiesImportSelector$ConfigurationPropertiesBeanRegistrar$$Lambda$164/836514715
2779:             1             16  org.springframework.boot.context.properties.EnableConfigurationPropertiesImportSelector$ConfigurationPropertiesBeanRegistrar$$Lambda$165/1414521932
2780:             1             16  org.springframework.boot.context.properties.EnableConfigurationPropertiesImportSelector$ConfigurationPropertiesBeanRegistrar$$Lambda$166/828441346
2781:             1             16  org.springframework.boot.context.properties.PropertyMapper$$Lambda$206/1159114532
2782:             1             16  org.springframework.boot.context.properties.PropertyMapper$Source$$Lambda$209/369241501
2783:             1             16  org.springframework.boot.context.properties.bind.BindHandler$1
2784:             1             16  org.springframework.boot.context.properties.bind.BindResult
2785:             1             16  org.springframework.boot.context.properties.bind.Binder$$Lambda$192/832279283
2786:             1             16  org.springframework.boot.context.properties.bind.Binder$$Lambda$49/2051450519
2787:             1             16  org.springframework.boot.context.properties.bind.JavaBeanBinder
2788:             1             16  org.springframework.boot.context.properties.bind.JavaBeanBinder$Bean$$Lambda$194/838411509
2789:             1             16  org.springframework.boot.context.properties.bind.JavaBeanBinder$Bean$$Lambda$196/1338841523
2790:             1             16  org.springframework.boot.context.properties.bind.JavaBeanBinder$Bean$$Lambda$197/929776179
2791:             1             16  org.springframework.boot.context.properties.source.ConfigurationPropertyName$$Lambda$54/1603195447
2792:             1             16  org.springframework.boot.context.properties.source.ConfigurationPropertyName$$Lambda$71/380936215
2793:             1             16  org.springframework.boot.context.properties.source.ConfigurationPropertyName$CharProcessor$$Lambda$55/1094834071
2794:             1             16  org.springframework.boot.context.properties.source.ConfigurationPropertyName$CharProcessor$$Lambda$56/1761061602
2795:             1             16  org.springframework.boot.context.properties.source.SpringConfigurationPropertySource$$Lambda$47/1018081122
2796:             1             16  org.springframework.boot.context.properties.source.SpringConfigurationPropertySource$$Lambda$77/104739310
2797:             1             16  org.springframework.boot.context.properties.source.SystemEnvironmentPropertyMapper
2798:             1             16  org.springframework.boot.context.properties.source.SystemEnvironmentPropertyMapper$$Lambda$74/1555845260
2799:             1             16  org.springframework.boot.convert.CharArrayFormatter
2800:             1             16  org.springframework.boot.convert.DurationToNumberConverter
2801:             1             16  org.springframework.boot.convert.DurationToStringConverter
2802:             1             16  org.springframework.boot.convert.InetAddressFormatter
2803:             1             16  org.springframework.boot.convert.IsoOffsetFormatter
2804:             1             16  org.springframework.boot.convert.NumberToDurationConverter
2805:             1             16  org.springframework.boot.convert.StringToEnumIgnoringCaseConverterFactory
2806:             1             16  org.springframework.boot.diagnostics.analyzer.BeanCurrentlyInCreationFailureAnalyzer
2807:             1             16  org.springframework.boot.diagnostics.analyzer.BeanNotOfRequiredTypeFailureAnalyzer
2808:             1             16  org.springframework.boot.diagnostics.analyzer.BindFailureAnalyzer
2809:             1             16  org.springframework.boot.diagnostics.analyzer.BindValidationFailureAnalyzer
2810:             1             16  org.springframework.boot.diagnostics.analyzer.ConnectorStartFailureAnalyzer
2811:             1             16  org.springframework.boot.diagnostics.analyzer.InvalidConfigurationPropertyNameFailureAnalyzer
2812:             1             16  org.springframework.boot.diagnostics.analyzer.InvalidConfigurationPropertyValueFailureAnalyzer
2813:             1             16  org.springframework.boot.diagnostics.analyzer.NoUniqueBeanDefinitionFailureAnalyzer
2814:             1             16  org.springframework.boot.diagnostics.analyzer.PortInUseFailureAnalyzer
2815:             1             16  org.springframework.boot.diagnostics.analyzer.UnboundConfigurationPropertyFailureAnalyzer
2816:             1             16  org.springframework.boot.diagnostics.analyzer.ValidationExceptionFailureAnalyzer
2817:             1             16  org.springframework.boot.env.OriginTrackedYamlLoader$OriginTrackingConstructor$$Lambda$42/991505714
2818:             1             16  org.springframework.boot.env.SpringApplicationJsonEnvironmentPostProcessor$$Lambda$22/2110121908
2819:             1             16  org.springframework.boot.env.SpringApplicationJsonEnvironmentPostProcessor$$Lambda$23/1973538135
2820:             1             16  org.springframework.boot.json.JacksonJsonParser$ListTypeReference
2821:             1             16  org.springframework.boot.json.JacksonJsonParser$MapTypeReference
2822:             1             16  org.springframework.boot.liquibase.LiquibaseServiceLocatorApplicationListener
2823:             1             16  org.springframework.boot.loader.JarLauncher
2824:             1             16  org.springframework.boot.loader.jar.JarFile$$Lambda$6/1996181658
2825:             1             16  org.springframework.boot.loader.jar.JarURLConnection$1
2826:             1             16  org.springframework.boot.logging.DeferredLog
2827:             1             16  org.springframework.boot.logging.LoggerConfigurationComparator
2828:             1             16  org.springframework.boot.logging.LoggingSystem$$Lambda$21/250075633
2829:             1             16  org.springframework.boot.logging.logback.LogbackLoggingSystem
2830:             1             16  org.springframework.boot.util.LambdaSafe$InvocationResult
2831:             1             16  org.springframework.boot.web.context.ServerPortInfoApplicationContextInitializer
2832:             1             16  org.springframework.boot.web.embedded.tomcat.TomcatServletWebServerFactory$DisablePersistSessionListener
2833:             1             16  org.springframework.boot.web.embedded.tomcat.TomcatWebServer$$Lambda$322/1378084334
2834:             1             16  org.springframework.boot.web.embedded.tomcat.TomcatWebServer$$Lambda$323/200224114
2835:             1             16  org.springframework.boot.web.embedded.tomcat.TomcatWebServer$$Lambda$324/1773283386
2836:             1             16  org.springframework.boot.web.server.Http2
2837:             1             16  org.springframework.boot.web.servlet.ServletContextInitializerBeans$$Lambda$275/498859144
2838:             1             16  org.springframework.boot.web.servlet.ServletContextInitializerBeans$$Lambda$276/1135055284
2839:             1             16  org.springframework.boot.web.servlet.context.ServletWebServerApplicationContext$$Lambda$269/326298949
2840:             1             16  org.springframework.boot.web.servlet.error.DefaultErrorAttributes
2841:             1             16  org.springframework.boot.web.servlet.server.AbstractServletWebServerFactory$$Lambda$271/2023938592
2842:             1             16  org.springframework.boot.web.servlet.server.AbstractServletWebServerFactory$SessionConfiguringInitializer
2843:             1             16  org.springframework.boot.web.servlet.server.SessionStoreDirectory
2844:             1             16  org.springframework.boot.web.servlet.server.StaticResourceJars
2845:             1             16  org.springframework.cglib.core.AbstractClassGenerator$ClassLoaderData$1
2846:             1             16  org.springframework.cglib.core.AbstractClassGenerator$ClassLoaderData$2
2847:             1             16  org.springframework.cglib.core.AbstractClassGenerator$ClassLoaderData$3
2848:             1             16  org.springframework.cglib.core.DefaultGeneratorStrategy
2849:             1             16  org.springframework.cglib.core.DefaultNamingPolicy
2850:             1             16  org.springframework.cglib.core.KeyFactory$1
2851:             1             16  org.springframework.cglib.core.KeyFactory$2
2852:             1             16  org.springframework.cglib.core.KeyFactory$3
2853:             1             16  org.springframework.cglib.core.KeyFactory$4
2854:             1             16  org.springframework.cglib.core.MethodInfoTransformer
2855:             1             16  org.springframework.cglib.core.SpringNamingPolicy
2856:             1             16  org.springframework.cglib.core.internal.LoadingCache$1
2857:             1             16  org.springframework.cglib.proxy.Enhancer$1
2858:             1             16  org.springframework.cglib.proxy.FixedValueGenerator
2859:             1             16  org.springframework.cglib.proxy.InvocationHandlerGenerator
2860:             1             16  org.springframework.cglib.proxy.LazyLoaderGenerator
2861:             1             16  org.springframework.cglib.proxy.MethodInterceptorGenerator
2862:             1             16  org.springframework.cglib.proxy.MethodInterceptorGenerator$1
2863:             1             16  org.springframework.cglib.proxy.NoOp$1
2864:             1             16  org.springframework.cglib.proxy.NoOpGenerator
2865:             1             16  org.springframework.context.annotation.ConfigurationClassEnhancer$BeanFactoryAwareMethodInterceptor
2866:             1             16  org.springframework.context.annotation.ConfigurationClassEnhancer$BeanMethodInterceptor
2867:             1             16  org.springframework.context.annotation.ConfigurationClassParser$$Lambda$117/1134712904
2868:             1             16  org.springframework.context.annotation.ConfigurationClassPostProcessor$$Lambda$116/2083562754
2869:             1             16  org.springframework.context.annotation.ConfigurationClassPostProcessor$1
2870:             1             16  org.springframework.context.annotation.ConfigurationClassPostProcessor$ImportAwareBeanPostProcessor
2871:             1             16  org.springframework.context.event.DefaultEventListenerFactory
2872:             1             16  org.springframework.context.event.EventListenerMethodProcessor$$Lambda$315/1237550792
2873:             1             16  org.springframework.context.expression.BeanExpressionContextAccessor
2874:             1             16  org.springframework.context.expression.BeanFactoryAccessor
2875:             1             16  org.springframework.context.expression.BeanFactoryResolver
2876:             1             16  org.springframework.context.expression.EnvironmentAccessor
2877:             1             16  org.springframework.context.expression.MapAccessor
2878:             1             16  org.springframework.context.expression.StandardBeanExpressionResolver$1
2879:             1             16  org.springframework.context.index.CandidateComponentsIndexLoader$$Lambda$107/466002798
2880:             1             16  org.springframework.core.$Proxy54
2881:             1             16  org.springframework.core.$Proxy59
2882:             1             16  org.springframework.core.OrderComparator
2883:             1             16  org.springframework.core.ResolvableType$EmptyType
2884:             1             16  org.springframework.core.annotation.AnnotatedElementUtils$AlwaysTrueBooleanAnnotationProcessor
2885:             1             16  org.springframework.core.annotation.AnnotationAwareOrderComparator
2886:             1             16  org.springframework.core.io.DefaultResourceLoader$$Lambda$106/761960786
2887:             1             16  org.springframework.core.io.support.DefaultPropertySourceFactory
2888:             1             16  org.springframework.expression.spel.support.StandardOperatorOverloader
2889:             1             16  org.springframework.expression.spel.support.StandardTypeComparator
2890:             1             16  org.springframework.http.MediaType$$Lambda$103/557355656
2891:             1             16  org.springframework.http.MediaType$1
2892:             1             16  org.springframework.http.converter.json.Jackson2ObjectMapperBuilder$$Lambda$140/149803906
2893:             1             16  org.springframework.http.converter.json.SpringHandlerInstantiator
2894:             1             16  org.springframework.http.converter.xml.Jaxb2RootElementHttpMessageConverter$$Lambda$108/1017112518
2895:             1             16  org.springframework.http.converter.xml.SourceHttpMessageConverter$$Lambda$104/786161690
2896:             1             16  org.springframework.http.converter.xml.SourceHttpMessageConverter$$Lambda$105/815817837
2897:             1             16  org.springframework.jmx.export.MBeanExporter$$Lambda$316/1846406218
2898:             1             16  org.springframework.jmx.export.MBeanExporter$$Lambda$317/1556995360
2899:             1             16  org.springframework.objenesis.strategy.StdInstantiatorStrategy
2900:             1             16  org.springframework.util.ClassUtils$$Lambda$8/626202354
2901:             1             16  org.springframework.util.ConcurrentReferenceHashMap$EntrySet
2902:             1             16  org.springframework.util.DefaultPropertiesPersister
2903:             1             16  org.springframework.util.LinkedMultiValueMap$$Lambda$13/1030870354
2904:             1             16  org.springframework.util.LinkedMultiValueMap$$Lambda$9/42768293
2905:             1             16  org.springframework.util.MimeType$SpecificityComparator
2906:             1             16  org.springframework.util.ReflectionUtils$$Lambda$10/1160264930
2907:             1             16  org.springframework.util.ReflectionUtils$$Lambda$11/2007328737
2908:             1             16  org.springframework.util.ReflectionUtils$$Lambda$12/1936628443
2909:             1             16  org.springframework.validation.beanvalidation.LocaleContextMessageInterpolator
2910:             1             16  org.springframework.validation.beanvalidation.MethodValidationInterceptor
2911:             1             16  org.springframework.validation.beanvalidation.SpringConstraintValidatorFactory
2912:             1             16  org.springframework.web.bind.support.DefaultSessionAttributeStore
2913:             1             16  org.springframework.web.context.request.SessionScope
2914:             1             16  org.springframework.web.context.support.WebApplicationContextUtils$RequestObjectFactory
2915:             1             16  org.springframework.web.context.support.WebApplicationContextUtils$ResponseObjectFactory
2916:             1             16  org.springframework.web.context.support.WebApplicationContextUtils$SessionObjectFactory
2917:             1             16  org.springframework.web.context.support.WebApplicationContextUtils$WebRequestObjectFactory
2918:             1             16  org.springframework.web.method.annotation.ErrorsMethodArgumentResolver
2919:             1             16  org.springframework.web.method.annotation.RequestHeaderMapMethodArgumentResolver
2920:             1             16  org.springframework.web.method.annotation.SessionStatusMethodArgumentResolver
2921:             1             16  org.springframework.web.multipart.support.StandardServletMultipartResolver
2922:             1             16  org.springframework.web.servlet.config.annotation.InterceptorRegistry$$Lambda$287/502800944
2923:             1             16  org.springframework.web.servlet.config.annotation.InterceptorRegistry$$Lambda$288/1519736165
2924:             1             16  org.springframework.web.servlet.config.annotation.WebMvcConfigurerComposite
2925:             1             16  org.springframework.web.servlet.handler.AbstractHandlerMethodMapping$EmptyHandler
2926:             1             16  org.springframework.web.servlet.handler.ConversionServiceExposingInterceptor
2927:             1             16  org.springframework.web.servlet.handler.SimpleUrlHandlerMapping$$Lambda$280/1742920067
2928:             1             16  org.springframework.web.servlet.mvc.HttpRequestHandlerAdapter
2929:             1             16  org.springframework.web.servlet.mvc.SimpleControllerHandlerAdapter
2930:             1             16  org.springframework.web.servlet.mvc.method.RequestMappingInfoHandlerMethodMappingNamingStrategy
2931:             1             16  org.springframework.web.servlet.mvc.method.annotation.AsyncTaskMethodReturnValueHandler
2932:             1             16  org.springframework.web.servlet.mvc.method.annotation.CallableMethodReturnValueHandler
2933:             1             16  org.springframework.web.servlet.mvc.method.annotation.DeferredResultMethodReturnValueHandler
2934:             1             16  org.springframework.web.servlet.mvc.method.annotation.HttpHeadersReturnValueHandler
2935:             1             16  org.springframework.web.servlet.mvc.method.annotation.JsonViewRequestBodyAdvice
2936:             1             16  org.springframework.web.servlet.mvc.method.annotation.RequestMappingHandlerAdapter$$Lambda$281/1210898719
2937:             1             16  org.springframework.web.servlet.mvc.method.annotation.RequestMappingHandlerAdapter$$Lambda$282/306123060
2938:             1             16  org.springframework.web.servlet.mvc.method.annotation.StreamingResponseBodyReturnValueHandler
2939:             1             16  org.springframework.web.servlet.mvc.method.annotation.UriComponentsBuilderMethodArgumentResolver
2940:             1             16  org.springframework.web.servlet.resource.ResourceUrlProviderExposingInterceptor
2941:             1             16  org.springframework.web.servlet.view.AbstractCachingViewResolver$1
2942:             1             16  org.springframework.web.servlet.view.ContentNegotiatingViewResolver$1
2943:             1             16  org.yaml.snakeyaml.constructor.SafeConstructor$ConstructUndefined
2944:             1             16  org.yaml.snakeyaml.external.com.google.gdata.util.common.base.UnicodeEscaper$2
2945:             1             16  sun.management.ClassLoadingImpl
2946:             1             16  sun.management.HotSpotDiagnostic
2947:             1             16  sun.management.ManagementFactoryHelper$PlatformLoggingImpl
2948:             1             16  sun.misc.ASCIICaseInsensitiveComparator
2949:             1             16  sun.misc.FloatingDecimal$1
2950:             1             16  sun.misc.Launcher
2951:             1             16  sun.misc.Launcher$Factory
2952:             1             16  sun.misc.Perf
2953:             1             16  sun.misc.Unsafe
2954:             1             16  sun.net.ExtendedOptionsImpl$$Lambda$321/1008925772
2955:             1             16  sun.net.www.protocol.jar.JarFileFactory
2956:             1             16  sun.nio.ch.ExtendedSocketOption$1
2957:             1             16  sun.nio.ch.FileChannelImpl$1
2958:             1             16  sun.nio.ch.Net$1
2959:             1             16  sun.nio.ch.Net$3
2960:             1             16  sun.nio.ch.Net$4
2961:             1             16  sun.nio.ch.Util$1
2962:             1             16  sun.nio.ch.Util$2
2963:             1             16  sun.nio.ch.WindowsSelectorProvider
2964:             1             16  sun.nio.cs.CharsetMapping$2
2965:             1             16  sun.nio.cs.CharsetMapping$3
2966:             1             16  sun.nio.cs.CharsetMapping$4
2967:             1             16  sun.nio.fs.WindowsFileSystemProvider
2968:             1             16  sun.reflect.ClassDefiner$1
2969:             1             16  sun.reflect.GeneratedConstructorAccessor1
2970:             1             16  sun.reflect.GeneratedConstructorAccessor10
2971:             1             16  sun.reflect.GeneratedConstructorAccessor11
2972:             1             16  sun.reflect.GeneratedConstructorAccessor12
2973:             1             16  sun.reflect.GeneratedConstructorAccessor13
2974:             1             16  sun.reflect.GeneratedConstructorAccessor14
2975:             1             16  sun.reflect.GeneratedConstructorAccessor15
2976:             1             16  sun.reflect.GeneratedConstructorAccessor16
2977:             1             16  sun.reflect.GeneratedConstructorAccessor17
2978:             1             16  sun.reflect.GeneratedConstructorAccessor18
2979:             1             16  sun.reflect.GeneratedConstructorAccessor19
2980:             1             16  sun.reflect.GeneratedConstructorAccessor2
2981:             1             16  sun.reflect.GeneratedConstructorAccessor20
2982:             1             16  sun.reflect.GeneratedConstructorAccessor21
2983:             1             16  sun.reflect.GeneratedConstructorAccessor22
2984:             1             16  sun.reflect.GeneratedConstructorAccessor23
2985:             1             16  sun.reflect.GeneratedConstructorAccessor24
2986:             1             16  sun.reflect.GeneratedConstructorAccessor25
2987:             1             16  sun.reflect.GeneratedConstructorAccessor26
2988:             1             16  sun.reflect.GeneratedConstructorAccessor3
2989:             1             16  sun.reflect.GeneratedConstructorAccessor4
2990:             1             16  sun.reflect.GeneratedConstructorAccessor5
2991:             1             16  sun.reflect.GeneratedConstructorAccessor6
2992:             1             16  sun.reflect.GeneratedConstructorAccessor7
2993:             1             16  sun.reflect.GeneratedConstructorAccessor8
2994:             1             16  sun.reflect.GeneratedConstructorAccessor9
2995:             1             16  sun.reflect.GeneratedMethodAccessor1
2996:             1             16  sun.reflect.GeneratedMethodAccessor10
2997:             1             16  sun.reflect.GeneratedMethodAccessor11
2998:             1             16  sun.reflect.GeneratedMethodAccessor12
2999:             1             16  sun.reflect.GeneratedMethodAccessor13
3000:             1             16  sun.reflect.GeneratedMethodAccessor14
3001:             1             16  sun.reflect.GeneratedMethodAccessor15
3002:             1             16  sun.reflect.GeneratedMethodAccessor16
3003:             1             16  sun.reflect.GeneratedMethodAccessor17
3004:             1             16  sun.reflect.GeneratedMethodAccessor18
3005:             1             16  sun.reflect.GeneratedMethodAccessor19
3006:             1             16  sun.reflect.GeneratedMethodAccessor2
3007:             1             16  sun.reflect.GeneratedMethodAccessor20
3008:             1             16  sun.reflect.GeneratedMethodAccessor21
3009:             1             16  sun.reflect.GeneratedMethodAccessor22
3010:             1             16  sun.reflect.GeneratedMethodAccessor23
3011:             1             16  sun.reflect.GeneratedMethodAccessor24
3012:             1             16  sun.reflect.GeneratedMethodAccessor25
3013:             1             16  sun.reflect.GeneratedMethodAccessor26
3014:             1             16  sun.reflect.GeneratedMethodAccessor27
3015:             1             16  sun.reflect.GeneratedMethodAccessor3
3016:             1             16  sun.reflect.GeneratedMethodAccessor4
3017:             1             16  sun.reflect.GeneratedMethodAccessor5
3018:             1             16  sun.reflect.GeneratedMethodAccessor6
3019:             1             16  sun.reflect.GeneratedMethodAccessor7
3020:             1             16  sun.reflect.GeneratedMethodAccessor8
3021:             1             16  sun.reflect.GeneratedMethodAccessor9
3022:             1             16  sun.reflect.Label
3023:             1             16  sun.reflect.ReflectionFactory
3024:             1             16  sun.reflect.generics.tree.BooleanSignature
3025:             1             16  sun.reflect.generics.tree.BottomSignature
3026:             1             16  sun.reflect.generics.tree.ByteSignature
3027:             1             16  sun.reflect.generics.tree.CharSignature
3028:             1             16  sun.reflect.generics.tree.DoubleSignature
3029:             1             16  sun.reflect.generics.tree.FloatSignature
3030:             1             16  sun.reflect.generics.tree.IntSignature
3031:             1             16  sun.reflect.generics.tree.LongSignature
3032:             1             16  sun.reflect.generics.tree.ShortSignature
3033:             1             16  sun.reflect.generics.tree.VoidDescriptor
3034:             1             16  sun.security.provider.NativeSeedGenerator
3035:             1             16  sun.util.calendar.Gregorian
3036:             1             16  sun.util.locale.provider.AuxLocaleProviderAdapter$NullProvider
3037:             1             16  sun.util.locale.provider.CalendarDataUtility$CalendarWeekParameterGetter
3038:             1             16  sun.util.locale.provider.SPILocaleProviderAdapter
3039:             1             16  sun.util.locale.provider.TimeZoneNameUtility$TimeZoneNameGetter
3040:             1             16  sun.util.resources.LocaleData
3041:             1             16  sun.util.resources.LocaleData$LocaleDataResourceBundleControl
Total        911743       88403096
